Archive member included because of file (symbol)

/home/director-ubuntu/CodeSourcery/Sourcery_CodeBench_Lite_for_ARM_EABI/bin/../lib/gcc/arm-none-eabi/4.6.3/../../../../arm-none-eabi/lib/thumb2/libc.a(lib_a-memcpy.o)
                              build/serial_input.o (memcpy)
/home/director-ubuntu/CodeSourcery/Sourcery_CodeBench_Lite_for_ARM_EABI/bin/../lib/gcc/arm-none-eabi/4.6.3/../../../../arm-none-eabi/lib/thumb2/libc.a(lib_a-memset.o)
                              build/codec.o (memset)
/home/director-ubuntu/CodeSourcery/Sourcery_CodeBench_Lite_for_ARM_EABI/bin/../lib/gcc/arm-none-eabi/4.6.3/../../../../arm-none-eabi/lib/thumb2/libc.a(lib_a-printf.o)
                              build/protcol.o (printf)
/home/director-ubuntu/CodeSourcery/Sourcery_CodeBench_Lite_for_ARM_EABI/bin/../lib/gcc/arm-none-eabi/4.6.3/../../../../arm-none-eabi/lib/thumb2/libc.a(lib_a-strcmp.o)
                              build/protcol.o (strcmp)
/home/director-ubuntu/CodeSourcery/Sourcery_CodeBench_Lite_for_ARM_EABI/bin/../lib/gcc/arm-none-eabi/4.6.3/../../../../arm-none-eabi/lib/thumb2/libc.a(lib_a-vfprintf.o)
                              /home/director-ubuntu/CodeSourcery/Sourcery_CodeBench_Lite_for_ARM_EABI/bin/../lib/gcc/arm-none-eabi/4.6.3/../../../../arm-none-eabi/lib/thumb2/libc.a(lib_a-printf.o) (_vfprintf_r)
/home/director-ubuntu/CodeSourcery/Sourcery_CodeBench_Lite_for_ARM_EABI/bin/../lib/gcc/arm-none-eabi/4.6.3/../../../../arm-none-eabi/lib/thumb2/libc.a(lib_a-wsetup.o)
                              /home/director-ubuntu/CodeSourcery/Sourcery_CodeBench_Lite_for_ARM_EABI/bin/../lib/gcc/arm-none-eabi/4.6.3/../../../../arm-none-eabi/lib/thumb2/libc.a(lib_a-vfprintf.o) (__swsetup_r)
/home/director-ubuntu/CodeSourcery/Sourcery_CodeBench_Lite_for_ARM_EABI/bin/../lib/gcc/arm-none-eabi/4.6.3/../../../../arm-none-eabi/lib/thumb2/libc.a(lib_a-dtoa.o)
                              /home/director-ubuntu/CodeSourcery/Sourcery_CodeBench_Lite_for_ARM_EABI/bin/../lib/gcc/arm-none-eabi/4.6.3/../../../../arm-none-eabi/lib/thumb2/libc.a(lib_a-vfprintf.o) (_dtoa_r)
/home/director-ubuntu/CodeSourcery/Sourcery_CodeBench_Lite_for_ARM_EABI/bin/../lib/gcc/arm-none-eabi/4.6.3/../../../../arm-none-eabi/lib/thumb2/libc.a(lib_a-fflush.o)
                              /home/director-ubuntu/CodeSourcery/Sourcery_CodeBench_Lite_for_ARM_EABI/bin/../lib/gcc/arm-none-eabi/4.6.3/../../../../arm-none-eabi/lib/thumb2/libc.a(lib_a-vfprintf.o) (_fflush_r)
/home/director-ubuntu/CodeSourcery/Sourcery_CodeBench_Lite_for_ARM_EABI/bin/../lib/gcc/arm-none-eabi/4.6.3/../../../../arm-none-eabi/lib/thumb2/libc.a(lib_a-findfp.o)
                              /home/director-ubuntu/CodeSourcery/Sourcery_CodeBench_Lite_for_ARM_EABI/bin/../lib/gcc/arm-none-eabi/4.6.3/../../../../arm-none-eabi/lib/thumb2/libc.a(lib_a-printf.o) (__sinit)
/home/director-ubuntu/CodeSourcery/Sourcery_CodeBench_Lite_for_ARM_EABI/bin/../lib/gcc/arm-none-eabi/4.6.3/../../../../arm-none-eabi/lib/thumb2/libc.a(lib_a-freer.o)
                              /home/director-ubuntu/CodeSourcery/Sourcery_CodeBench_Lite_for_ARM_EABI/bin/../lib/gcc/arm-none-eabi/4.6.3/../../../../arm-none-eabi/lib/thumb2/libc.a(lib_a-wsetup.o) (_free_r)
/home/director-ubuntu/CodeSourcery/Sourcery_CodeBench_Lite_for_ARM_EABI/bin/../lib/gcc/arm-none-eabi/4.6.3/../../../../arm-none-eabi/lib/thumb2/libc.a(lib_a-fwalk.o)
                              /home/director-ubuntu/CodeSourcery/Sourcery_CodeBench_Lite_for_ARM_EABI/bin/../lib/gcc/arm-none-eabi/4.6.3/../../../../arm-none-eabi/lib/thumb2/libc.a(lib_a-findfp.o) (_fwalk)
/home/director-ubuntu/CodeSourcery/Sourcery_CodeBench_Lite_for_ARM_EABI/bin/../lib/gcc/arm-none-eabi/4.6.3/../../../../arm-none-eabi/lib/thumb2/libc.a(lib_a-impure.o)
                              /home/director-ubuntu/CodeSourcery/Sourcery_CodeBench_Lite_for_ARM_EABI/bin/../lib/gcc/arm-none-eabi/4.6.3/../../../../arm-none-eabi/lib/thumb2/libc.a(lib_a-fflush.o) (_global_impure_ptr)
/home/director-ubuntu/CodeSourcery/Sourcery_CodeBench_Lite_for_ARM_EABI/bin/../lib/gcc/arm-none-eabi/4.6.3/../../../../arm-none-eabi/lib/thumb2/libc.a(lib_a-locale.o)
                              /home/director-ubuntu/CodeSourcery/Sourcery_CodeBench_Lite_for_ARM_EABI/bin/../lib/gcc/arm-none-eabi/4.6.3/../../../../arm-none-eabi/lib/thumb2/libc.a(lib_a-vfprintf.o) (_localeconv_r)
/home/director-ubuntu/CodeSourcery/Sourcery_CodeBench_Lite_for_ARM_EABI/bin/../lib/gcc/arm-none-eabi/4.6.3/../../../../arm-none-eabi/lib/thumb2/libc.a(lib_a-makebuf.o)
                              /home/director-ubuntu/CodeSourcery/Sourcery_CodeBench_Lite_for_ARM_EABI/bin/../lib/gcc/arm-none-eabi/4.6.3/../../../../arm-none-eabi/lib/thumb2/libc.a(lib_a-wsetup.o) (__smakebuf_r)
/home/director-ubuntu/CodeSourcery/Sourcery_CodeBench_Lite_for_ARM_EABI/bin/../lib/gcc/arm-none-eabi/4.6.3/../../../../arm-none-eabi/lib/thumb2/libc.a(lib_a-malloc.o)
[...]
Memory Configuration

Name             Origin             Length             Attributes
rom              0x00000000         0x00100000         xr
ram              0x20000000         0x00020000         xrw
*default*        0x00000000         0xffffffff

Linker script and memory map

LOAD /home/director-ubuntu/CodeSourcery/Sourcery_CodeBench_Lite_for_ARM_EABI/bin/../lib/gcc/arm-none-eabi/4.6.3/thumb2/crti.o
LOAD /home/director-ubuntu/CodeSourcery/Sourcery_CodeBench_Lite_for_ARM_EABI/bin/../lib/gcc/arm-none-eabi/4.6.3/thumb2/crtbegin.o
LOAD build/core_cm3.o
LOAD build/system_efm32.o
LOAD build/efm32_assert.o
LOAD build/efm32_system.o
LOAD build/efm32_gpio.o
LOAD build/efm32_cmu.o
LOAD build/efm32_usart.o
LOAD build/efm32_i2c.o
LOAD build/efm32_dma.o
LOAD build/efm32_timer.o
LOAD build/efm32_int.o
LOAD build/efm32_emu.o
LOAD build/efm32_adc.o
LOAD build/efm32_rtc.o
LOAD build/NRF24.o
LOAD build/radio.o
LOAD build/serial_input.o
LOAD build/syscalls.o
LOAD build/config.o
LOAD build/codec.o
LOAD build/protcol.o
LOAD build/dac.o
LOAD build/main.o
LOAD build/startup_efm32gg.o
LOAD /home/director-ubuntu/CodeSourcery/Sourcery_CodeBench_Lite_for_ARM_EABI/bin/../lib/gcc/arm-none-eabi/4.6.3/../../../../arm-none-eabi/lib/thumb2/libc.a
LOAD /home/director-ubuntu/CodeSourcery/Sourcery_CodeBench_Lite_for_ARM_EABI/bin/../lib/gcc/arm-none-eabi/4.6.3/../../../../arm-none-eabi/lib/thumb2/libcs3.a
LOAD /home/director-ubuntu/CodeSourcery/Sourcery_CodeBench_Lite_for_ARM_EABI/bin/../lib/gcc/arm-none-eabi/4.6.3/../../../../arm-none-eabi/lib/thumb2/libcs3unhosted.a
START GROUP
LOAD /home/director-ubuntu/CodeSourcery/Sourcery_CodeBench_Lite_for_ARM_EABI/bin/../lib/gcc/arm-none-eabi/4.6.3/thumb2/libgcc.a
LOAD /home/director-ubuntu/CodeSourcery/Sourcery_CodeBench_Lite_for_ARM_EABI/bin/../lib/gcc/arm-none-eabi/4.6.3/../../../../arm-none-eabi/lib/thumb2/libc.a
END GROUP
LOAD /home/director-ubuntu/CodeSourcery/Sourcery_CodeBench_Lite_for_ARM_EABI/bin/../lib/gcc/arm-none-eabi/4.6.3/thumb2/crtend.o
LOAD /home/director-ubuntu/CodeSourcery/Sourcery_CodeBench_Lite_for_ARM_EABI/bin/../lib/gcc/arm-none-eabi/4.6.3/thumb2/crtn.o
START GROUP
LOAD /home/director-ubuntu/CodeSourcery/Sourcery_CodeBench_Lite_for_ARM_EABI/bin/../lib/gcc/arm-none-eabi/4.6.3/thumb2/libgcc.a
LOAD /home/director-ubuntu/CodeSourcery/Sourcery_CodeBench_Lite_for_ARM_EABI/bin/../lib/gcc/arm-none-eabi/4.6.3/../../../../arm-none-eabi/lib/thumb2/libc.a
LOAD /home/director-ubuntu/CodeSourcery/Sourcery_CodeBench_Lite_for_ARM_EABI/bin/../lib/gcc/arm-none-eabi/4.6.3/../../../../arm-none-eabi/lib/thumb2/libcs3.a
LOAD /home/director-ubuntu/CodeSourcery/Sourcery_CodeBench_Lite_for_ARM_EABI/bin/../lib/gcc/arm-none-eabi/4.6.3/../../../../arm-none-eabi/lib/thumb2/libcs3unhosted.a
END GROUP
                0x20007fa8                PROVIDE (__cs3_heap_start, _end)
                0x20020000                PROVIDE (__cs3_heap_end, (__cs3_region_start_ram + __cs3_region_size_ram))
                0x00000001                PROVIDE (__cs3_region_num, ((__cs3_regions_end - __cs3_regions) / 0x14))
                0x20020000                PROVIDE (__cs3_stack, (__cs3_region_start_ram + __cs3_region_size_ram))

.text           0x00000000     0xa2e8
 CREATE_OBJECT_SYMBOLS
                0x00000000                __cs3_region_start_rom = .
 *(.cs3.region-head.rom)
                0x00000001                ASSERT ((. == __cs3_region_start_rom), .cs3.region-head.rom not permitted)
                0x00000000                __cs3_interrupt_vector = __cs3_interrupt_vector_efm32g
 *(.cs3.interrupt_vector)
 .cs3.interrupt_vector
                0x00000000       0xdc build/startup_efm32gg.o
                0x00000000                __cs3_interrupt_vector_efm32g
                0x00000001                ASSERT ((. != __cs3_interrupt_vector_efm32g), No interrupt vector)
                0x000000dc                PROVIDE (__cs3_reset, __cs3_reset_efm32)
 *(.cs3.reset)
 .cs3.reset     0x000000dc        0xc build/startup_efm32gg.o
                0x000000dc                __cs3_reset_efm32
                0x000000e4                DebugMon_Handler
                0x000000e4                USART0_TX_IRQHandler
                0x000000e4                I2C0_IRQHandler
                0x000000e4                HardFault_Handler
                0x000000e4                LEUART1_IRQHandler
                0x000000e4                SysTick_Handler
                0x000000e4                USART1_RX_IRQHandler
                0x000000e4                PendSV_Handler
                0x000000e4                NMI_Handler
                0x000000e4                I2C1_IRQHandler
                0x000000e4                _IRQHandlerinterrupt
                0x000000e4                Reserved9_Handler
                0x000000e4                Reserved7_Handler
                0x000000e4                TIMER3_IRQHandler
                0x000000e4                USART1_TX_IRQHandler
                0x000000e4                MSC_IRQHandler
                0x000000e4                ADC0_IRQHandler
                0x000000e4                UsageFault_Handler
                0x000000e4                LEUART0_IRQHandler
                0x000000e4                UART0_TX_IRQHandler
                0x000000e4                UART1_TX_IRQHandler
                0x000000e4                RTC_IRQHandler
                0x000000e4                LCD_IRQHandler
                0x000000e4                PCNT2_IRQHandler
                0x000000e4                UART0_RX_IRQHandler
                0x000000e4                LETIMER0_IRQHandler
                0x000000e4                Reserved10_Handler
                0x000000e4                Reserved8_Handler
                0x000000e4                USART2_RX_IRQHandler
                0x000000e4                EMU_IRQHandler
                0x000000e4                PCNT0_IRQHandler
                0x000000e4                USB_IRQHandler
                0x000000e4                BURTC_IRQHandler
                0x000000e4                PCNT1_IRQHandler
                0x000000e4                ACMP0_IRQHandler
                0x000000e4                USART0_RX_IRQHandler
                0x000000e4                MemManage_Handler
                0x000000e4                SVC_Handler
                0x000000e4                DAC0_IRQHandler
                0x000000e4                Reserved13_Handler
                0x000000e4                CMU_IRQHandler
                0x000000e4                EBI_IRQHandler
                0x000000e4                GPIO_ODD_IRQHandler
                0x000000e4                LESENSE_IRQHandler
                0x000000e4                AES_IRQHandler
                0x000000e4                VCMP_IRQHandler
                0x000000e4                BusFault_Handler
                0x000000e4                USART2_TX_IRQHandler
                0x00000138                PROVIDE (__cs3_start_asm, _start)
 *(.text.cs3.init)
 .text.cs3.init
                0x000000e8       0x50 /home/director-ubuntu/CodeSourcery/Sourcery_CodeBench_Lite_for_ARM_EABI/bin/../lib/gcc/arm-none-eabi/4.6.3/../../../../arm-none-eabi/lib/thumb2/libcs3.a(start_c.o)
                0x000000e8                __cs3_start_c
 .text.cs3.init
                0x00000138       0x10 /home/director-ubuntu/CodeSourcery/Sourcery_CodeBench_Lite_for_ARM_EABI/bin/../lib/gcc/arm-none-eabi/4.6.3/../../../../arm-none-eabi/lib/thumb2/libcs3unhosted.a(unhosted-start.o)
                0x00000138                _start
 *(.text .text.* .gnu.linkonce.t.*)
 .text          0x00000148       0x68 /home/director-ubuntu/CodeSourcery/Sourcery_CodeBench_Lite_for_ARM_EABI/bin/../lib/gcc/arm-none-eabi/4.6.3/thumb2/crtbegin.o
 .text.SystemCoreClockGet
                0x000001b0       0x54 build/system_efm32.o
                0x000001b0                SystemCoreClockGet
 .text.SystemHFClockGet
                0x00000204       0xdc build/system_efm32.o
                0x00000204                SystemHFClockGet
 .text.SystemLFRCOClockGet
                0x000002e0        0x8 build/system_efm32.o
                0x000002e0                SystemLFRCOClockGet
 .text.SystemULFRCOClockGet
                0x000002e8        0x8 build/system_efm32.o
                0x000002e8                SystemULFRCOClockGet
 .text.SystemLFXOClockGet
                0x000002f0       0x10 build/system_efm32.o
                0x000002f0                SystemLFXOClockGet
 .text.BITBAND_Peripheral
                0x00000300       0x28 build/efm32_gpio.o
 .text.GPIO_IntConfig
                0x00000328       0xec build/efm32_gpio.o
                0x00000328                GPIO_IntConfig
 .text.GPIO_PinModeSet
                0x00000414      0x1a4 build/efm32_gpio.o
                0x00000414                GPIO_PinModeSet
 .text.BITBAND_Peripheral
                0x000005b8       0x28 build/efm32_cmu.o
 .text.CMU_FlashWaitStateMax
                0x000005e0       0x5c build/efm32_cmu.o
 .text.CMU_DivToLog2
                0x0000063c       0x28 build/efm32_cmu.o
 .text.CMU_FlashWaitStateControl
                0x00000664       0xe4 build/efm32_cmu.o
 .text.CMU_USBCClkGet
                0x00000748       0x48 build/efm32_cmu.o
 .text.CMU_AUXClkGet
                0x00000790       0x94 build/efm32_cmu.o
 .text.CMU_DBGClkGet
                0x00000824       0x5c build/efm32_cmu.o
 .text.CMU_LFClkGet
                0x00000880       0xc4 build/efm32_cmu.o
 .text.CMU_Sync
                0x00000944       0x34 build/efm32_cmu.o
 .text.CMU_ClockDivSet
                0x00000978      0x264 build/efm32_cmu.o
                0x00000978                CMU_ClockDivSet
 .text.CMU_ClockEnable
                0x00000bdc       0xc8 build/efm32_cmu.o
                0x00000bdc                CMU_ClockEnable
 .text.CMU_ClockFreqGet
                0x00000ca4      0x258 build/efm32_cmu.o
                0x00000ca4                CMU_ClockFreqGet
 .text.CMU_ClockSelectGet
                0x00000efc      0x19c build/efm32_cmu.o
                0x00000efc                CMU_ClockSelectGet
 .text.USART_BaudrateSyncSet
                0x00001098       0x68 build/efm32_usart.o
                0x00001098                USART_BaudrateSyncSet
 .text.USART_InitSync
                0x00001100       0xa4 build/efm32_usart.o
                0x00001100                USART_InitSync
 .text.USART_Reset
                0x000011a4       0x8c build/efm32_usart.o
                0x000011a4                USART_Reset
 .text.USART_Rx
                0x00001230       0x20 build/efm32_usart.o
                0x00001230                USART_Rx
 .text.USART_Tx
                0x00001250       0x24 build/efm32_usart.o
                0x00001250                USART_Tx
 .text.BITBAND_Peripheral
                0x00001274       0x28 build/efm32_i2c.o
 .text.I2C_BusFreqSet
                0x0000129c       0x8c build/efm32_i2c.o
                0x0000129c                I2C_BusFreqSet
 .text.I2C_Init
                0x00001328       0x5c build/efm32_i2c.o
                0x00001328                I2C_Init
 .text.DMA_IRQHandler
                0x00001384       0xf0 build/efm32_dma.o
                0x00001384                DMA_IRQHandler
 .text.TIMER_Init
                0x00001474       0xf4 build/efm32_timer.o
                0x00001474                TIMER_Init
 .text.TIMER_InitCC
                0x00001568       0xac build/efm32_timer.o
                0x00001568                TIMER_InitCC
 .text.RTC_Init
                0x00001614       0x4c build/efm32_rtc.o
                0x00001614                RTC_Init
 .text.RTC_Reset
                0x00001660       0x58 build/efm32_rtc.o
                0x00001660                RTC_Reset
 .text.NRF_Delay
                0x000016b8       0x24 build/NRF24.o
                0x000016b8                NRF_Delay
 .text.NRF_ReadByte
                0x000016dc       0xc4 build/NRF24.o
                0x000016dc                NRF_ReadByte
 .text.NRF_ReadRegister
                0x000017a0       0x1c build/NRF24.o
                0x000017a0                NRF_ReadRegister
 .text.NRF_WriteRegister
                0x000017bc       0x2c build/NRF24.o
                0x000017bc                NRF_WriteRegister
 .text.NRF_WriteRegisterMulti
                0x000017e8       0x30 build/NRF24.o
                0x000017e8                NRF_WriteRegisterMulti
 .text.NRF_SendPayload
                0x00001818       0xdc build/NRF24.o
                0x00001818                NRF_SendPayload
 .text.NRF_ReceivePayload
                0x000018f4       0xa0 build/NRF24.o
                0x000018f4                NRF_ReceivePayload
 .text.NRF_SendCommand
                0x00001994       0x94 build/NRF24.o
                0x00001994                NRF_SendCommand
 .text.INT_Disable
                0x00001a28       0x38 build/radio.o
 .text.INT_Enable
                0x00001a60       0x4c build/radio.o
 .text.toStandByI
                0x00001aac       0x10 build/radio.o
                0x00001aac                toStandByI
 .text.receiveModeEnable
                0x00001abc       0x58 build/radio.o
                0x00001abc                receiveModeEnable
 .text.toStandByII
                0x00001b14       0x48 build/radio.o
                0x00001b14                toStandByII
 .text.radio_handleInterrupt
                0x00001b5c       0x40 build/radio.o
                0x00001b5c                radio_handleInterrupt
 .text.radio_setup
                0x00001b9c      0x124 build/radio.o
                0x00001b9c                radio_setup
 .text.radio_sendPacket32
                0x00001cc0       0x80 build/radio.o
                0x00001cc0                radio_sendPacket32
 .text.radio_loop
                0x00001d40      0x128 build/radio.o
                0x00001d40                radio_loop
 .text.UART1_RX_IRQHandler
                0x00001e68       0x88 build/serial_input.o
                0x00001e68                UART1_RX_IRQHandler
 .text._close   0x00001ef0       0x10 build/syscalls.o
                0x00001ef0                _close
 .text._fstat   0x00001f00       0x18 build/syscalls.o
                0x00001f00                _fstat
 .text._isatty  0x00001f18       0x10 build/syscalls.o
                0x00001f18                _isatty
 .text._lseek   0x00001f28       0x14 build/syscalls.o
                0x00001f28                _lseek
 .text._read    0x00001f3c       0x8c build/syscalls.o
                0x00001f3c                _read
 .text._sbrk    0x00001fc8       0x70 build/syscalls.o
                0x00001fc8                _sbrk
 .text._write   0x00002038       0x54 build/syscalls.o
                0x00002038                _write
 .text.NVIC_EnableIRQ
                0x0000208c       0x28 build/config.o
 .text.NVIC_ClearPendingIRQ
                0x000020b4       0x2c build/config.o
 .text.TIMER_CompareBufSet
                0x000020e0       0x20 build/config.o
 .text.TIMER_IntClear
                0x00002100       0x10 build/config.o
 .text.TIMER_IntEnable
                0x00002110       0x18 build/config.o
 .text.TIMER_TopSet
                0x00002128       0x10 build/config.o
 .text.uart_init
                0x00002138       0x4c build/config.o
                0x00002138                uart_init
 .text.InitTimoutTimer
                0x00002184       0xb8 build/config.o
                0x00002184                InitTimoutTimer
 .text.InitRGBLEDPWM
                0x0000223c      0x138 build/config.o
                0x0000223c                InitRGBLEDPWM
 .text.IO_Init  0x00002374      0x4e8 build/config.o
                0x00002374                IO_Init
 .text.set_up_compression
                0x0000285c      0x1e0 build/codec.o
                0x0000285c                set_up_compression
 .text.NVIC_EnableIRQ
                0x00002a3c       0x28 build/dac.o
 .text.TIMER_CompareBufSet
                0x00002a64       0x20 build/dac.o
 .text.TIMER_IntClear
                0x00002a84       0x10 build/dac.o
 .text.TIMER_IntEnable
                0x00002a94       0x18 build/dac.o
 .text.TIMER_TopSet
                0x00002aac       0x10 build/dac.o
 .text.next     0x00002abc       0x28 build/dac.o
                0x00002abc                next
 .text.InitAudioPWM
                0x00002ae4      0x13c build/dac.o
                0x00002ae4                InitAudioPWM
 .text.TIMER1_IRQHandler
                0x00002c20       0x94 build/dac.o
                0x00002c20                TIMER1_IRQHandler
 .text.NVIC_EnableIRQ
                0x00002cb4       0x28 build/main.o
 .text.SystemCoreClockUpdate
                0x00002cdc        0x8 build/main.o
 .text.CHIP_Init
                0x00002ce4        0x4 build/main.o
 .text.TIMER_IntClear
                0x00002ce8       0x10 build/main.o
 .text.GPIO_EVEN_IRQHandler
                0x00002cf8        0x8 build/main.o
                0x00002cf8                GPIO_EVEN_IRQHandler
 .text.TIMER2_IRQHandler
                0x00002d00       0x2c build/main.o
                0x00002d00                TIMER2_IRQHandler
 .text.TIMER0_IRQHandler
                0x00002d2c       0x14 build/main.o
                0x00002d2c                TIMER0_IRQHandler
 .text.init_config
                0x00002d40       0xc0 build/main.o
                0x00002d40                init_config
 .text.main     0x00002e00      0x18c build/main.o
                0x00002e00                main
 .text          0x00002f8c       0xf0 /home/director-ubuntu/CodeSourcery/Sourcery_CodeBench_Lite_for_ARM_EABI/bin/../lib/gcc/arm-none-eabi/4.6.3/../../../../arm-none-eabi/lib/thumb2/libc.a(lib_a-memcpy.o)
                0x00002f8c                memcpy
 .text          0x0000307c       0x8c /home/director-ubuntu/CodeSourcery/Sourcery_CodeBench_Lite_for_ARM_EABI/bin/../lib/gcc/arm-none-eabi/4.6.3/../../../../arm-none-eabi/lib/thumb2/libc.a(lib_a-memset.o)
                0x0000307c                memset
 .text          0x00003108       0x64 /home/director-ubuntu/CodeSourcery/Sourcery_CodeBench_Lite_for_ARM_EABI/bin/../lib/gcc/arm-none-eabi/4.6.3/../../../../arm-none-eabi/lib/thumb2/libc.a(lib_a-printf.o)
                0x00003108                _printf_r
                0x00003134                printf
 .text          0x0000316c      0x1dc /home/director-ubuntu/CodeSourcery/Sourcery_CodeBench_Lite_for_ARM_EABI/bin/../lib/gcc/arm-none-eabi/4.6.3/../../../../arm-none-eabi/lib/thumb2/libc.a(lib_a-strcmp.o)
                0x0000316c                strcmp
 .text          0x00003348     0x1834 /home/director-ubuntu/CodeSourcery/Sourcery_CodeBench_Lite_for_ARM_EABI/bin/../lib/gcc/arm-none-eabi/4.6.3/../../../../arm-none-eabi/lib/thumb2/libc.a(lib_a-vfprintf.o)
                0x00003348                _vfprintf_r
                0x00004b60                vfprintf
 .text          0x00004b7c       0xf8 /home/director-ubuntu/CodeSourcery/Sourcery_CodeBench_Lite_for_ARM_EABI/bin/../lib/gcc/arm-none-eabi/4.6.3/../../../../arm-none-eabi/lib/thumb2/libc.a(lib_a-wsetup.o)
                0x00004b7c                __swsetup_r
 *fill*         0x00004c74        0x4 00
 .text          0x00004c78     0x1030 /home/director-ubuntu/CodeSourcery/Sourcery_CodeBench_Lite_for_ARM_EABI/bin/../lib/gcc/arm-none-eabi/4.6.3/../../../../arm-none-eabi/lib/thumb2/libc.a(lib_a-dtoa.o)
                0x00004dc0                _dtoa_r
 .text          0x00005ca8      0x1e0 /home/director-ubuntu/CodeSourcery/Sourcery_CodeBench_Lite_for_ARM_EABI/bin/../lib/gcc/arm-none-eabi/4.6.3/../../../../arm-none-eabi/lib/thumb2/libc.a(lib_a-fflush.o)
                0x00005ca8                _fflush_r
                0x00005e60                fflush
 .text          0x00005e88      0x1d8 /home/director-ubuntu/CodeSourcery/Sourcery_CodeBench_Lite_for_ARM_EABI/bin/../lib/gcc/arm-none-eabi/4.6.3/../../../../arm-none-eabi/lib/thumb2/libc.a(lib_a-findfp.o)
                0x00005e90                _cleanup_r
                0x00005eec                __sfmoreglue
                0x00005f1c                _cleanup
                0x00005f2c                __sinit
                0x00005f88                __sfp
                0x00006020                __sfp_lock_acquire
                0x00006024                __sfp_lock_release
                0x00006028                __sinit_lock_acquire
                0x0000602c                __sinit_lock_release
                0x00006030                __fp_lock_all
                0x00006048                __fp_unlock_all
 .text          0x00006060      0x234 /home/director-ubuntu/CodeSourcery/Sourcery_CodeBench_Lite_for_ARM_EABI/bin/../lib/gcc/arm-none-eabi/4.6.3/../../../../arm-none-eabi/lib/thumb2/libc.a(lib_a-freer.o)
                0x00006060                _malloc_trim_r
                0x00006104                _free_r
 .text          0x00006294       0xa0 /home/director-ubuntu/CodeSourcery/Sourcery_CodeBench_Lite_for_ARM_EABI/bin/../lib/gcc/arm-none-eabi/4.6.3/../../../../arm-none-eabi/lib/thumb2/libc.a(lib_a-fwalk.o)
                0x00006294                _fwalk
                0x000062e0                _fwalk_reent
 .text          0x00006334       0xa4 /home/director-ubuntu/CodeSourcery/Sourcery_CodeBench_Lite_for_ARM_EABI/bin/../lib/gcc/arm-none-eabi/4.6.3/../../../../arm-none-eabi/lib/thumb2/libc.a(lib_a-locale.o)
                0x00006334                _setlocale_r
                0x00006390                __locale_charset
                0x0000639c                __locale_mb_cur_max
                0x000063a8                __locale_msgcharset
                0x000063b0                __locale_cjk_lang
                0x000063b4                _localeconv_r
                0x000063bc                setlocale
                0x000063d0                localeconv
 .text          0x000063d8       0xe8 /home/director-ubuntu/CodeSourcery/Sourcery_CodeBench_Lite_for_ARM_EABI/bin/../lib/gcc/arm-none-eabi/4.6.3/../../../../arm-none-eabi/lib/thumb2/libc.a(lib_a-makebuf.o)
                0x000063d8                __smakebuf_r
 .text          0x000064c0       0x20 /home/director-ubuntu/CodeSourcery/Sourcery_CodeBench_Lite_for_ARM_EABI/bin/../lib/gcc/arm-none-eabi/4.6.3/../../../../arm-none-eabi/lib/thumb2/libc.a(lib_a-malloc.o)
                0x000064c0                malloc
                0x000064d0                free
 .text          0x000064e0      0x580 /home/director-ubuntu/CodeSourcery/Sourcery_CodeBench_Lite_for_ARM_EABI/bin/../lib/gcc/arm-none-eabi/4.6.3/../../../../arm-none-eabi/lib/thumb2/libc.a(lib_a-mallocr.o)
                0x000064e0                _malloc_r
 .text          0x00006a60       0x88 /home/director-ubuntu/CodeSourcery/Sourcery_CodeBench_Lite_for_ARM_EABI/bin/../lib/gcc/arm-none-eabi/4.6.3/../../../../arm-none-eabi/lib/thumb2/libc.a(lib_a-memchr.o)
                0x00006a60                memchr
 .text          0x00006ae8        0x8 /home/director-ubuntu/CodeSourcery/Sourcery_CodeBench_Lite_for_ARM_EABI/bin/../lib/gcc/arm-none-eabi/4.6.3/../../../../arm-none-eabi/lib/thumb2/libc.a(lib_a-mlock.o)
                0x00006ae8                __malloc_lock
                0x00006aec                __malloc_unlock
 .text          0x00006af0      0x910 /home/director-ubuntu/CodeSourcery/Sourcery_CodeBench_Lite_for_ARM_EABI/bin/../lib/gcc/arm-none-eabi/4.6.3/../../../../arm-none-eabi/lib/thumb2/libc.a(lib_a-mprec.o)
                0x00006af0                _Balloc
                0x00006b5c                _Bfree
                0x00006b94                __multadd
                0x00006c18                __s2b
                0x00006cac                __hi0bits
                0x00006ce8                __lo0bits
                0x00006d44                __i2b
                0x00006d58                __multiply
                0x00006e94                __pow5mult
                0x00006f34                __lshift
                0x00006ff0                __mcmp
                0x00007030                __mdiff
                0x00007110                __ulp
                0x00007154                __b2d
                0x00007204                __d2b
                0x000072d0                __ratio
                0x00007324                _mprec_log10
                0x00007358                __copybits
                0x000073a0                __any_on
 .text          0x00007400       0x94 /home/director-ubuntu/CodeSourcery/Sourcery_CodeBench_Lite_for_ARM_EABI/bin/../lib/gcc/arm-none-eabi/4.6.3/../../../../arm-none-eabi/lib/thumb2/libc.a(lib_a-s_fpclassify.o)
                0x00007400                __fpclassifyd
 .text          0x00007494       0x28 /home/director-ubuntu/CodeSourcery/Sourcery_CodeBench_Lite_for_ARM_EABI/bin/../lib/gcc/arm-none-eabi/4.6.3/../../../../arm-none-eabi/lib/thumb2/libc.a(lib_a-sbrkr.o)
                0x00007494                _sbrk_r
 .text          0x000074bc       0x8c /home/director-ubuntu/CodeSourcery/Sourcery_CodeBench_Lite_for_ARM_EABI/bin/../lib/gcc/arm-none-eabi/4.6.3/../../../../arm-none-eabi/lib/thumb2/libc.a(lib_a-stdio.o)
                0x000074bc                __sread
                0x000074e0                __seofread
                0x000074e4                __swrite
                0x0000751c                __sseek
                0x00007540                __sclose
 .text          0x00007548       0x60 /home/director-ubuntu/CodeSourcery/Sourcery_CodeBench_Lite_for_ARM_EABI/bin/../lib/gcc/arm-none-eabi/4.6.3/../../../../arm-none-eabi/lib/thumb2/libc.a(lib_a-strlen.o)
                0x00007548                strlen
 .text          0x000075a8      0xd14 /home/director-ubuntu/CodeSourcery/Sourcery_CodeBench_Lite_for_ARM_EABI/bin/../lib/gcc/arm-none-eabi/4.6.3/../../../../arm-none-eabi/lib/thumb2/libc.a(lib_a-vfiprintf.o)
                0x000075a8                __sprint_r
                0x00007628                _vfiprintf_r
                0x000082a0                vfiprintf
 .text          0x000082bc       0x2c /home/director-ubuntu/CodeSourcery/Sourcery_CodeBench_Lite_for_ARM_EABI/bin/../lib/gcc/arm-none-eabi/4.6.3/../../../../arm-none-eabi/lib/thumb2/libc.a(lib_a-writer.o)
                0x000082bc                _write_r
 .text          0x000082e8       0x60 /home/director-ubuntu/CodeSourcery/Sourcery_CodeBench_Lite_for_ARM_EABI/bin/../lib/gcc/arm-none-eabi/4.6.3/../../../../arm-none-eabi/lib/thumb2/libc.a(lib_a-callocr.o)
                0x000082e8                _calloc_r
 .text          0x00008348       0x28 /home/director-ubuntu/CodeSourcery/Sourcery_CodeBench_Lite_for_ARM_EABI/bin/../lib/gcc/arm-none-eabi/4.6.3/../../../../arm-none-eabi/lib/thumb2/libc.a(lib_a-closer.o)
                0x00008348                _close_r
 .text          0x00008370       0xc4 /home/director-ubuntu/CodeSourcery/Sourcery_CodeBench_Lite_for_ARM_EABI/bin/../lib/gcc/arm-none-eabi/4.6.3/../../../../arm-none-eabi/lib/thumb2/libc.a(lib_a-fclose.o)
                0x00008370                _fclose_r
                0x00008424                fclose
 .text          0x00008434      0x13c /home/director-ubuntu/CodeSourcery/Sourcery_CodeBench_Lite_for_ARM_EABI/bin/../lib/gcc/arm-none-eabi/4.6.3/../../../../arm-none-eabi/lib/thumb2/libc.a(lib_a-fputwc.o)
                0x00008434                _fputwc_r
                0x00008518                fputwc
 .text          0x00008570       0x28 /home/director-ubuntu/CodeSourcery/Sourcery_CodeBench_Lite_for_ARM_EABI/bin/../lib/gcc/arm-none-eabi/4.6.3/../../../../arm-none-eabi/lib/thumb2/libc.a(lib_a-fstatr.o)
                0x00008570                _fstat_r
 .text          0x00008598      0x32c /home/director-ubuntu/CodeSourcery/Sourcery_CodeBench_Lite_for_ARM_EABI/bin/../lib/gcc/arm-none-eabi/4.6.3/../../../../arm-none-eabi/lib/thumb2/libc.a(lib_a-fvwrite.o)
                0x00008598                __sfvwrite_r
 .text          0x000088c4       0x28 /home/director-ubuntu/CodeSourcery/Sourcery_CodeBench_Lite_for_ARM_EABI/bin/../lib/gcc/arm-none-eabi/4.6.3/../../../../arm-none-eabi/lib/thumb2/libc.a(lib_a-isattyr.o)
                0x000088c4                _isatty_r
 .text          0x000088ec       0x2c /home/director-ubuntu/CodeSourcery/Sourcery_CodeBench_Lite_for_ARM_EABI/bin/../lib/gcc/arm-none-eabi/4.6.3/../../../../arm-none-eabi/lib/thumb2/libc.a(lib_a-lseekr.o)
                0x000088ec                _lseek_r
 .text          0x00008918       0xbc /home/director-ubuntu/CodeSourcery/Sourcery_CodeBench_Lite_for_ARM_EABI/bin/../lib/gcc/arm-none-eabi/4.6.3/../../../../arm-none-eabi/lib/thumb2/libc.a(lib_a-memmove.o)
                0x00008918                memmove
 .text          0x000089d4       0x2c /home/director-ubuntu/CodeSourcery/Sourcery_CodeBench_Lite_for_ARM_EABI/bin/../lib/gcc/arm-none-eabi/4.6.3/../../../../arm-none-eabi/lib/thumb2/libc.a(lib_a-readr.o)
                0x000089d4                _read_r
 .text          0x00008a00      0x3d8 /home/director-ubuntu/CodeSourcery/Sourcery_CodeBench_Lite_for_ARM_EABI/bin/../lib/gcc/arm-none-eabi/4.6.3/../../../../arm-none-eabi/lib/thumb2/libc.a(lib_a-reallocr.o)
                0x00008a00                _realloc_r
 .text          0x00008dd8       0xfc /home/director-ubuntu/CodeSourcery/Sourcery_CodeBench_Lite_for_ARM_EABI/bin/../lib/gcc/arm-none-eabi/4.6.3/../../../../arm-none-eabi/lib/thumb2/libc.a(lib_a-wbuf.o)
                0x00008dd8                __swbuf_r
                0x00008ec0                __swbuf
 .text          0x00008ed4       0xb0 /home/director-ubuntu/CodeSourcery/Sourcery_CodeBench_Lite_for_ARM_EABI/bin/../lib/gcc/arm-none-eabi/4.6.3/../../../../arm-none-eabi/lib/thumb2/libc.a(lib_a-wcrtomb.o)
                0x00008ed4                _wcrtomb_r
                0x00008f24                wcrtomb
 .text          0x00008f84       0x4c /home/director-ubuntu/CodeSourcery/Sourcery_CodeBench_Lite_for_ARM_EABI/bin/../lib/gcc/arm-none-eabi/4.6.3/../../../../arm-none-eabi/lib/thumb2/libc.a(lib_a-wctomb_r.o)
                0x00008f84                __ascii_wctomb
                0x00008fa0                _wctomb_r
 .text          0x00008fd0       0x30 /home/director-ubuntu/CodeSourcery/Sourcery_CodeBench_Lite_for_ARM_EABI/bin/../lib/gcc/arm-none-eabi/4.6.3/../../../../arm-none-eabi/lib/thumb2/libcs3.a(start_c.o)
                0x00008fd0                __cs3_premain
 .text          0x00009000      0x278 /home/director-ubuntu/CodeSourcery/Sourcery_CodeBench_Lite_for_ARM_EABI/bin/../lib/gcc/arm-none-eabi/4.6.3/thumb2/libgcc.a(_udivsi3.o)
                0x00009000                __udivsi3
                0x00009000                __aeabi_uidiv
                0x0000925c                __aeabi_uidivmod
 .text          0x00009278        0x4 /home/director-ubuntu/CodeSourcery/Sourcery_CodeBench_Lite_for_ARM_EABI/bin/../lib/gcc/arm-none-eabi/4.6.3/thumb2/libgcc.a(_dvmd_tls.o)
                0x00009278                __aeabi_ldiv0
                0x00009278                __aeabi_idiv0
 .text          0x0000927c      0x370 /home/director-ubuntu/CodeSourcery/Sourcery_CodeBench_Lite_for_ARM_EABI/bin/../lib/gcc/arm-none-eabi/4.6.3/thumb2/libgcc.a(_arm_addsubdf3.o)
                0x0000927c                __aeabi_drsub
                0x00009284                __aeabi_dsub
                0x00009284                __subdf3
                0x00009288                __adddf3
                0x00009288                __aeabi_dadd
                0x00009500                __aeabi_ui2d
                0x00009500                __floatunsidf
                0x00009520                __floatsidf
                0x00009520                __aeabi_i2d
                0x00009544                __extendsfdf2
                0x00009544                __aeabi_f2d
                0x00009580                __aeabi_ul2d
                0x00009580                __floatundidf
                0x00009590                __floatdidf
                0x00009590                __aeabi_l2d
 .text          0x000095ec      0x424 /home/director-ubuntu/CodeSourcery/Sourcery_CodeBench_Lite_for_ARM_EABI/bin/../lib/gcc/arm-none-eabi/4.6.3/thumb2/libgcc.a(_arm_muldivdf3.o)
                0x000095ec                __aeabi_dmul
                0x000095ec                __muldf3
                0x00009840                __aeabi_ddiv
                0x00009840                __divdf3
 .text          0x00009a10      0x110 /home/director-ubuntu/CodeSourcery/Sourcery_CodeBench_Lite_for_ARM_EABI/bin/../lib/gcc/arm-none-eabi/4.6.3/thumb2/libgcc.a(_arm_cmpdf2.o)
                0x00009a10                __gtdf2
                0x00009a10                __gedf2
                0x00009a18                __ltdf2
                0x00009a18                __ledf2
                0x00009a20                __cmpdf2
                0x00009a20                __eqdf2
                0x00009a20                __nedf2
                0x00009a9c                __aeabi_cdrcmple
                0x00009aac                __aeabi_cdcmple
                0x00009aac                __aeabi_cdcmpeq
                0x00009abc                __aeabi_dcmpeq
                0x00009ad0                __aeabi_dcmplt
                0x00009ae4                __aeabi_dcmple
                0x00009af8                __aeabi_dcmpge
                0x00009b0c                __aeabi_dcmpgt
 .text          0x00009b20       0x50 /home/director-ubuntu/CodeSourcery/Sourcery_CodeBench_Lite_for_ARM_EABI/bin/../lib/gcc/arm-none-eabi/4.6.3/thumb2/libgcc.a(_arm_fixdfsi.o)
                0x00009b20                __fixdfsi
                0x00009b20                __aeabi_d2iz
 .text          0x00009b70       0x2c /home/director-ubuntu/CodeSourcery/Sourcery_CodeBench_Lite_for_ARM_EABI/bin/../lib/gcc/arm-none-eabi/4.6.3/thumb2/libgcc.a(_aeabi_uldivmod.o)
                0x00009b70                __aeabi_uldivmod
 .text          0x00009b9c       0x5c /home/director-ubuntu/CodeSourcery/Sourcery_CodeBench_Lite_for_ARM_EABI/bin/../lib/gcc/arm-none-eabi/4.6.3/thumb2/libgcc.a(bpabi.o)
                0x00009b9c                __gnu_ldivmod_helper
                0x00009bcc                __gnu_uldivmod_helper
 .text          0x00009bf8      0x364 /home/director-ubuntu/CodeSourcery/Sourcery_CodeBench_Lite_for_ARM_EABI/bin/../lib/gcc/arm-none-eabi/4.6.3/thumb2/libgcc.a(_divdi3.o)
                0x00009bf8                __divdi3
 .text          0x00009f5c      0x33c /home/director-ubuntu/CodeSourcery/Sourcery_CodeBench_Lite_for_ARM_EABI/bin/../lib/gcc/arm-none-eabi/4.6.3/thumb2/libgcc.a(_udivdi3.o)
                0x00009f5c                __udivdi3
 .text          0x0000a298       0x50 /home/director-ubuntu/CodeSourcery/Sourcery_CodeBench_Lite_for_ARM_EABI/bin/../lib/gcc/arm-none-eabi/4.6.3/../../../../arm-none-eabi/lib/thumb2/libc.a(lib_a-init.o)
                0x0000a298                __libc_init_array
 *(.plt)
 *(.gnu.warning)
 *(.glue_7t)
 .glue_7t       0x00000000        0x0 linker stubs
 *(.glue_7)
 .glue_7        0x00000000        0x0 linker stubs
 *(.vfp11_veneer)
 .vfp11_veneer  0x00000000        0x0 linker stubs
 *(.ARM.extab* .gnu.linkonce.armextab.*)
 *(.gcc_except_table)

.v4_bx          0x0000a2e8        0x0
 .v4_bx         0x00000000        0x0 linker stubs

.iplt           0x0000a2e8        0x0
 .iplt          0x00000000        0x0 /home/director-ubuntu/CodeSourcery/Sourcery_CodeBench_Lite_for_ARM_EABI/bin/../lib/gcc/arm-none-eabi/4.6.3/thumb2/crtbegin.o

.eh_frame_hdr
 *(.eh_frame_hdr)

.eh_frame       0x0000a2e8        0x4
 *(.eh_frame)
 .eh_frame      0x0000a2e8        0x0 /home/director-ubuntu/CodeSourcery/Sourcery_CodeBench_Lite_for_ARM_EABI/bin/../lib/gcc/arm-none-eabi/4.6.3/thumb2/crtbegin.o
 .eh_frame      0x0000a2e8        0x4 /home/director-ubuntu/CodeSourcery/Sourcery_CodeBench_Lite_for_ARM_EABI/bin/../lib/gcc/arm-none-eabi/4.6.3/thumb2/crtend.o
                0x0000a2ec                PROVIDE (__exidx_start, .)

.ARM.exidx      0x0000a2ec        0x8
 *(.ARM.exidx* .gnu.linkonce.armexidx.*)
 .ARM.exidx     0x0000a2ec        0x8 /home/director-ubuntu/CodeSourcery/Sourcery_CodeBench_Lite_for_ARM_EABI/bin/../lib/gcc/arm-none-eabi/4.6.3/thumb2/libgcc.a(_divdi3.o)
 .ARM.exidx     0x0000a2f4        0x0 /home/director-ubuntu/CodeSourcery/Sourcery_CodeBench_Lite_for_ARM_EABI/bin/../lib/gcc/arm-none-eabi/4.6.3/thumb2/libgcc.a(_udivdi3.o)
                                  0x8 (size before relaxing)
                0x0000a2f4                PROVIDE (__exidx_end, .)

.rel.dyn        0x0000a2f4        0x0
 .rel.iplt      0x00000000        0x0 /home/director-ubuntu/CodeSourcery/Sourcery_CodeBench_Lite_for_ARM_EABI/bin/../lib/gcc/arm-none-eabi/4.6.3/thumb2/crtbegin.o

.rodata         0x0000a2f8      0x368
 *(.rodata .rodata.* .gnu.linkonce.r.*)
 .rodata.i2cNSum
                0x0000a2f8        0x4 build/efm32_i2c.o
 .rodata        0x0000a2fc        0x8 build/radio.o
 .rodata        0x0000a304       0x58 build/config.o
 .rodata.refclk.6261
                0x0000a35c        0x4 build/config.o
 .rodata.ovs.6260
                0x0000a360        0x4 build/config.o
 .rodata.baud.6259
                0x0000a364        0x4 build/config.o
 .rodata        0x0000a368       0x20 build/dac.o
 .rodata        0x0000a388       0x6c build/main.o
 .rodata        0x0000a3f4       0x20 /home/director-ubuntu/CodeSourcery/Sourcery_CodeBench_Lite_for_ARM_EABI/bin/../lib/gcc/arm-none-eabi/4.6.3/../../../../arm-none-eabi/lib/thumb2/libc.a(lib_a-vfprintf.o)
 .rodata.str1.4
                0x0000a414       0x42 /home/director-ubuntu/CodeSourcery/Sourcery_CodeBench_Lite_for_ARM_EABI/bin/../lib/gcc/arm-none-eabi/4.6.3/../../../../arm-none-eabi/lib/thumb2/libc.a(lib_a-vfprintf.o)
                                 0x44 (size before relaxing)
 *fill*         0x0000a456        0x2 00
 .rodata.str1.4
                0x0000a458       0x10 /home/director-ubuntu/CodeSourcery/Sourcery_CodeBench_Lite_for_ARM_EABI/bin/../lib/gcc/arm-none-eabi/4.6.3/../../../../arm-none-eabi/lib/thumb2/libc.a(lib_a-dtoa.o)
                                 0x14 (size before relaxing)
 .rodata        0x0000a468       0x60 /home/director-ubuntu/CodeSourcery/Sourcery_CodeBench_Lite_for_ARM_EABI/bin/../lib/gcc/arm-none-eabi/4.6.3/../../../../arm-none-eabi/lib/thumb2/libc.a(lib_a-findfp.o)
                0x0000a468                __sf_fake_stderr
                0x0000a488                __sf_fake_stdout
                0x0000a4a8                __sf_fake_stdin
 .rodata        0x0000a4c8        0x4 /home/director-ubuntu/CodeSourcery/Sourcery_CodeBench_Lite_for_ARM_EABI/bin/../lib/gcc/arm-none-eabi/4.6.3/../../../../arm-none-eabi/lib/thumb2/libc.a(lib_a-impure.o)
                0x0000a4c8                _global_impure_ptr
 .rodata.str1.4
                0x0000a4cc        0x2 /home/director-ubuntu/CodeSourcery/Sourcery_CodeBench_Lite_for_ARM_EABI/bin/../lib/gcc/arm-none-eabi/4.6.3/../../../../arm-none-eabi/lib/thumb2/libc.a(lib_a-impure.o)
                                  0x4 (size before relaxing)
 *fill*         0x0000a4ce        0x2 00
 .rodata.str1.4
                0x0000a4d0        0xc /home/director-ubuntu/CodeSourcery/Sourcery_CodeBench_Lite_for_ARM_EABI/bin/../lib/gcc/arm-none-eabi/4.6.3/../../../../arm-none-eabi/lib/thumb2/libc.a(lib_a-locale.o)
                                 0x14 (size before relaxing)
 *fill*         0x0000a4dc        0x4 00
 .rodata        0x0000a4e0      0x128 /home/director-ubuntu/CodeSourcery/Sourcery_CodeBench_Lite_for_ARM_EABI/bin/../lib/gcc/arm-none-eabi/4.6.3/../../../../arm-none-eabi/lib/thumb2/libc.a(lib_a-mprec.o)
                0x0000a4f0                __mprec_tens
                0x0000a5b8                __mprec_tinytens
                0x0000a5e0                __mprec_bigtens
 .rodata        0x0000a608       0x20 /home/director-ubuntu/CodeSourcery/Sourcery_CodeBench_Lite_for_ARM_EABI/bin/../lib/gcc/arm-none-eabi/4.6.3/../../../../arm-none-eabi/lib/thumb2/libc.a(lib_a-vfiprintf.o)
 .rodata.str1.4
                0x00000000       0x30 /home/director-ubuntu/CodeSourcery/Sourcery_CodeBench_Lite_for_ARM_EABI/bin/../lib/gcc/arm-none-eabi/4.6.3/../../../../arm-none-eabi/lib/thumb2/libc.a(lib_a-vfiprintf.o)
                0x0000a628                . = ALIGN (0x4)
 *(.init)
 .init          0x0000a628        0x4 /home/director-ubuntu/CodeSourcery/Sourcery_CodeBench_Lite_for_ARM_EABI/bin/../lib/gcc/arm-none-eabi/4.6.3/thumb2/crti.o
                0x0000a628                _init
 .init          0x0000a62c        0x8 /home/director-ubuntu/CodeSourcery/Sourcery_CodeBench_Lite_for_ARM_EABI/bin/../lib/gcc/arm-none-eabi/4.6.3/thumb2/crtn.o
                0x0000a634                . = ALIGN (0x4)
                0x0000a634                __preinit_array_start = .
 *(.preinit_array)
                0x0000a634                __preinit_array_end = .
                0x0000a634                . = ALIGN (0x4)
                0x0000a634                __init_array_start = .
 *(SORT(.init_array.*))
 *(.init_array)
 .init_array    0x0000a634        0x4 /home/director-ubuntu/CodeSourcery/Sourcery_CodeBench_Lite_for_ARM_EABI/bin/../lib/gcc/arm-none-eabi/4.6.3/thumb2/crtbegin.o
                0x0000a638                __init_array_end = .
                0x0000a638                . = ALIGN (0x4)
 *(.fini)
 .fini          0x0000a638        0x4 /home/director-ubuntu/CodeSourcery/Sourcery_CodeBench_Lite_for_ARM_EABI/bin/../lib/gcc/arm-none-eabi/4.6.3/thumb2/crti.o
                0x0000a638                _fini
 .fini          0x0000a63c        0x8 /home/director-ubuntu/CodeSourcery/Sourcery_CodeBench_Lite_for_ARM_EABI/bin/../lib/gcc/arm-none-eabi/4.6.3/thumb2/crtn.o
                0x0000a644                . = ALIGN (0x4)
                0x0000a644                __fini_array_start = .
 *(.fini_array)
 .fini_array    0x0000a644        0x4 /home/director-ubuntu/CodeSourcery/Sourcery_CodeBench_Lite_for_ARM_EABI/bin/../lib/gcc/arm-none-eabi/4.6.3/thumb2/crtbegin.o
 *(SORT(.fini_array.*))
                0x0000a648                __fini_array_end = .
                0x0000a648                . = ALIGN (0x4)
 *crtbegin.o(.ctors)
 *(EXCLUDE_FILE(*crtend.o) .ctors)
 *(SORT(.ctors.*))
 *crtend.o(.ctors)
                0x0000a648                . = ALIGN (0x4)
 *crtbegin.o(.dtors)
 *(EXCLUDE_FILE(*crtend.o) .dtors)
 *(SORT(.dtors.*))
 *crtend.o(.dtors)
                0x0000a648                . = ALIGN (0x4)
                0x0000a648                __cs3_regions = .
                0x0000a648        0x4 LONG 0x0
                0x0000a64c        0x4 LONG 0xa660 __cs3_region_init_ram
                0x0000a650        0x4 LONG 0x20000000 __cs3_region_start_ram
                0x0000a654        0x4 LONG 0x2020 __cs3_region_init_size_ram
                0x0000a658        0x4 LONG 0x5f88 __cs3_region_zero_size_ram
                0x0000a65c                __cs3_regions_end = .
                0x0000a660                . = ALIGN (0x8)
 *fill*         0x0000a65c        0x4 00
 *(.rom)
 *(.rom.b .bss.rom)
                0x0000a660                _etext = .
                0x00100000                __cs3_region_end_rom = (__cs3_region_start_rom + 0x100000)
                0x00100000                __cs3_region_size_rom = 0x100000

.data           0x20000000     0x2020 load address 0x0000a660
                0x20000000                __cs3_region_start_ram = .
 *(.cs3.region-head.ram)
 *(.jcr)
 .jcr           0x20000000        0x0 /home/director-ubuntu/CodeSourcery/Sourcery_CodeBench_Lite_for_ARM_EABI/bin/../lib/gcc/arm-none-eabi/4.6.3/thumb2/crtbegin.o
 .jcr           0x20000000        0x4 /home/director-ubuntu/CodeSourcery/Sourcery_CodeBench_Lite_for_ARM_EABI/bin/../lib/gcc/arm-none-eabi/4.6.3/thumb2/crtend.o
 *(.got.plt)
 *(.got)
 *(.shdata)
 *(.data .data.* .gnu.linkonce.d.*)
 .data.SystemHFXOClock
                0x20000004        0x4 build/system_efm32.o
 .data.SystemLFXOClock
                0x20000008        0x4 build/system_efm32.o
 .data.array    0x2000000c     0x1a90 build/main.o
                0x2000000c                array
 .data          0x20001a9c       0xf4 /home/director-ubuntu/CodeSourcery/Sourcery_CodeBench_Lite_for_ARM_EABI/bin/../lib/gcc/arm-none-eabi/4.6.3/../../../../arm-none-eabi/lib/thumb2/libc.a(lib_a-impure.o)
                0x20001a9c                _impure_ptr
 .data          0x20001b90       0x7c /home/director-ubuntu/CodeSourcery/Sourcery_CodeBench_Lite_for_ARM_EABI/bin/../lib/gcc/arm-none-eabi/4.6.3/../../../../arm-none-eabi/lib/thumb2/libc.a(lib_a-locale.o)
                0x20001bb0                __mb_cur_max
 .data          0x20001c0c      0x410 /home/director-ubuntu/CodeSourcery/Sourcery_CodeBench_Lite_for_ARM_EABI/bin/../lib/gcc/arm-none-eabi/4.6.3/../../../../arm-none-eabi/lib/thumb2/libc.a(lib_a-mallocr.o)
                0x20001c0c                __malloc_av_
                0x20002014                __malloc_sbrk_base
                0x20002018                __malloc_trim_threshold
 .data          0x2000201c        0x4 /home/director-ubuntu/CodeSourcery/Sourcery_CodeBench_Lite_for_ARM_EABI/bin/../lib/gcc/arm-none-eabi/4.6.3/../../../../arm-none-eabi/lib/thumb2/libc.a(lib_a-wctomb_r.o)
                0x2000201c                __wctomb
 *(.ram)
                0x20002020                . = ALIGN (0x8)
                0x20002020                _edata = .

.igot.plt       0x20002020        0x0 load address 0x0000c680
 .igot.plt      0x00000000        0x0 /home/director-ubuntu/CodeSourcery/Sourcery_CodeBench_Lite_for_ARM_EABI/bin/../lib/gcc/arm-none-eabi/4.6.3/thumb2/crtbegin.o

.bss            0x20002020     0x5f88 load address 0x0000c680
 *(.shbss)
 *(.bss .bss.* .gnu.linkonce.b.*)
 .bss           0x20002020       0x1c /home/director-ubuntu/CodeSourcery/Sourcery_CodeBench_Lite_for_ARM_EABI/bin/../lib/gcc/arm-none-eabi/4.6.3/thumb2/crtbegin.o
 .bss.INT_LockCnt
                0x2000203c        0x4 build/efm32_int.o
                0x2000203c                INT_LockCnt
 .bss.packet_received
                0x20002040        0x4 build/radio.o
                0x20002040                packet_received
 .bss.enable_receive
                0x20002044        0x4 build/radio.o
                0x20002044                enable_receive
 .bss.packet_wait
                0x20002048        0x4 build/radio.o
                0x20002048                packet_wait
 .bss.NRF_Interrupt
                0x2000204c        0x4 build/radio.o
 .bss.c         0x20002050        0x4 build/serial_input.o
                0x20002050                c
 .bss.lock      0x20002054        0x4 build/serial_input.o
                0x20002054                lock
 .bss.strend    0x20002058        0x4 build/serial_input.o
                0x20002058                strend
 .bss.heap_end  0x2000205c        0x4 build/syscalls.o
 .bss.iterator  0x20002060        0x4 build/dac.o
                0x20002060                iterator
 .bss.toPlay    0x20002064        0x4 build/dac.o
                0x20002064                toPlay
 .bss.pingtimer
                0x20002068        0x4 build/main.o
                0x20002068                pingtimer
 .bss           0x2000206c       0x34 /home/director-ubuntu/CodeSourcery/Sourcery_CodeBench_Lite_for_ARM_EABI/bin/../lib/gcc/arm-none-eabi/4.6.3/../../../../arm-none-eabi/lib/thumb2/libc.a(lib_a-mallocr.o)
                0x2000206c                __malloc_top_pad
                0x20002070                __malloc_current_mallinfo
                0x20002098                __malloc_max_sbrked_mem
                0x2000209c                __malloc_max_total_mem
 *(COMMON)
 COMMON         0x200020a0        0x4 build/system_efm32.o
                0x200020a0                SystemCoreClock
 COMMON         0x200020a4       0x21 build/radio.o
                0x200020a4                packet
                0x200020c4                radio_mode
 *fill*         0x200020c5        0x3 00
 COMMON         0x200020c8      0x11c build/codec.o
                0x200020c8                mask
                0x200020cc                decompressprev
                0x200020d0                no_steps
                0x200020d4                steps
                0x200021d4                output_packet_size
                0x200021d8                compressprev
                0x200021dc                packet_size
                0x200021e0                bps
 COMMON         0x200021e4     0x5dc0 build/dac.o
                0x200021e4                buff
 COMMON         0x20007fa4        0x4 /home/director-ubuntu/CodeSourcery/Sourcery_CodeBench_Lite_for_ARM_EABI/bin/../lib/gcc/arm-none-eabi/4.6.3/../../../../arm-none-eabi/lib/thumb2/libc.a(lib_a-reent.o)
                0x20007fa4                errno
                0x20007fa8                . = ALIGN (0x8)
 *(.ram.b .bss.ram)
                0x20007fa8                _end = .
                0x20007fa8                __end = .
                0x20020000                __cs3_region_end_ram = (__cs3_region_start_ram + 0x20000)
                0x00020000                __cs3_region_size_ram = 0x20000
                0x0000a660                __cs3_region_init_ram = LOADADDR (.data)
                0x00002020                __cs3_region_init_size_ram = (_edata - ADDR (.data))
                0x00005f88                __cs3_region_zero_size_ram = (_end - _edata)

.stab
 *(.stab)

.stabstr
 *(.stabstr)

.debug
 *(.debug)

.line
 *(.line)

.debug_srcinfo
 *(.debug_srcinfo)

.debug_sfnames
 *(.debug_sfnames)

.debug_aranges  0x00000000      0x838
 *(.debug_aranges)
 .debug_aranges
                0x00000000       0x60 build/system_efm32.o
 .debug_aranges
                0x00000060       0x28 build/efm32_system.o
 .debug_aranges
                0x00000088       0x98 build/efm32_gpio.o
 .debug_aranges
                0x00000120      0x118 build/efm32_cmu.o
 .debug_aranges
                0x00000238       0xb0 build/efm32_usart.o
 .debug_aranges
                0x000002e8       0x58 build/efm32_i2c.o
 .debug_aranges
                0x00000340       0xb0 build/efm32_dma.o
 .debug_aranges
                0x000003f0       0x48 build/efm32_timer.o
 .debug_aranges
                0x00000438       0x80 build/efm32_emu.o
 .debug_aranges
                0x000004b8       0x58 build/efm32_adc.o
 .debug_aranges
                0x00000510       0x58 build/efm32_rtc.o
 .debug_aranges
                0x00000568       0x98 build/NRF24.o
 .debug_aranges
                0x00000600       0x68 build/radio.o
 .debug_aranges
                0x00000668       0x30 build/serial_input.o
 .debug_aranges
                0x00000698       0x58 build/syscalls.o
 .debug_aranges
                0x000006f0       0x70 build/config.o
 .debug_aranges
                0x00000760       0x30 build/codec.o
 .debug_aranges
                0x00000790       0x48 build/protcol.o
 .debug_aranges
                0x000007d8       0x60 build/dac.o

.debug_pubnames
 *(.debug_pubnames)

.debug_info     0x00000000     0xa598
 *(.debug_info .gnu.linkonce.wi.*)
 .debug_info    0x00000000       0x70 build/core_cm3.o
 .debug_info    0x00000070      0x423 build/system_efm32.o
 .debug_info    0x00000493       0x29 build/efm32_assert.o
 .debug_info    0x000004bc      0x241 build/efm32_system.o
 .debug_info    0x000006fd      0x75c build/efm32_gpio.o
 .debug_info    0x00000e59      0xfe9 build/efm32_cmu.o
 .debug_info    0x00001e42      0xe19 build/efm32_usart.o
 .debug_info    0x00002c5b      0x7d5 build/efm32_i2c.o
 .debug_info    0x00003430     0x1234 build/efm32_dma.o
 .debug_info    0x00004664      0x720 build/efm32_timer.o
 .debug_info    0x00004d84       0xab build/efm32_int.o
 .debug_info    0x00004e2f      0xa08 build/efm32_emu.o
 .debug_info    0x00005837      0xa6c build/efm32_adc.o
 .debug_info    0x000062a3      0x32b build/efm32_rtc.o
 .debug_info    0x000065ce      0x77b build/NRF24.o
 .debug_info    0x00006d49      0x548 build/radio.o
 .debug_info    0x00007291      0x382 build/serial_input.o
 .debug_info    0x00007613      0x628 build/syscalls.o
 .debug_info    0x00007c3b     0x16ea build/config.o
 .debug_info    0x00009325      0x26f build/codec.o
 .debug_info    0x00009594      0x3fd build/protcol.o
 .debug_info    0x00009991      0xc07 build/dac.o

.debug_abbrev   0x00000000     0x1f11
 *(.debug_abbrev)
 .debug_abbrev  0x00000000       0x2c build/core_cm3.o
 .debug_abbrev  0x0000002c      0x17b build/system_efm32.o
 .debug_abbrev  0x000001a7       0x16 build/efm32_assert.o
 .debug_abbrev  0x000001bd      0x114 build/efm32_system.o
 .debug_abbrev  0x000002d1      0x190 build/efm32_gpio.o
 .debug_abbrev  0x00000461      0x23e build/efm32_cmu.o
 .debug_abbrev  0x0000069f      0x196 build/efm32_usart.o
 .debug_abbrev  0x00000835      0x1ef build/efm32_i2c.o
 .debug_abbrev  0x00000a24      0x20e build/efm32_dma.o
 .debug_abbrev  0x00000c32      0x158 build/efm32_timer.o
 .debug_abbrev  0x00000d8a       0x62 build/efm32_int.o
 .debug_abbrev  0x00000dec      0x202 build/efm32_emu.o
 .debug_abbrev  0x00000fee      0x195 build/efm32_adc.o
 .debug_abbrev  0x00001183      0x197 build/efm32_rtc.o
 .debug_abbrev  0x0000131a      0x179 build/NRF24.o
 .debug_abbrev  0x00001493      0x1f4 build/radio.o
 .debug_abbrev  0x00001687      0x16a build/serial_input.o
 .debug_abbrev  0x000017f1      0x122 build/syscalls.o
 .debug_abbrev  0x00001913      0x1ac build/config.o
 .debug_abbrev  0x00001abf       0xc7 build/codec.o
 .debug_abbrev  0x00001b86      0x1ae build/protcol.o
 .debug_abbrev  0x00001d34      0x1dd build/dac.o

.debug_line     0x00000000     0x4ed7
 *(.debug_line)
 .debug_line    0x00000000      0x159 build/core_cm3.o
 .debug_line    0x00000159      0x2ac build/system_efm32.o
 .debug_line    0x00000405       0x5b build/efm32_assert.o
 .debug_line    0x00000460      0x26d build/efm32_system.o
 .debug_line    0x000006cd      0x3b5 build/efm32_gpio.o
 .debug_line    0x00000a82      0x768 build/efm32_cmu.o
 .debug_line    0x000011ea      0x4c9 build/efm32_usart.o
 .debug_line    0x000016b3      0x3f6 build/efm32_i2c.o
 .debug_line    0x00001aa9      0x6b6 build/efm32_dma.o
 .debug_line    0x0000215f      0x3aa build/efm32_timer.o
 .debug_line    0x00002509      0x210 build/efm32_int.o
 .debug_line    0x00002719      0x3e9 build/efm32_emu.o
 .debug_line    0x00002b02      0x388 build/efm32_adc.o
 .debug_line    0x00002e8a      0x301 build/efm32_rtc.o
 .debug_line    0x0000318b      0x49c build/NRF24.o
 .debug_line    0x00003627      0x389 build/radio.o
 .debug_line    0x000039b0      0x2b5 build/serial_input.o
 .debug_line    0x00003c65      0x494 build/syscalls.o
 .debug_line    0x000040f9      0x439 build/config.o
 .debug_line    0x00004532      0x3b9 build/codec.o
 .debug_line    0x000048eb      0x2d3 build/protcol.o
 .debug_line    0x00004bbe      0x319 build/dac.o

.debug_frame    0x00000000     0x2044
 *(.debug_frame)
 .debug_frame   0x00000000       0xbc build/system_efm32.o
 .debug_frame   0x000000bc       0x38 build/efm32_system.o
 .debug_frame   0x000000f4      0x154 build/efm32_gpio.o
 .debug_frame   0x00000248      0x2b0 build/efm32_cmu.o
 .debug_frame   0x000004f8      0x1a8 build/efm32_usart.o
 .debug_frame   0x000006a0       0xc4 build/efm32_i2c.o
 .debug_frame   0x00000764      0x1a8 build/efm32_dma.o
 .debug_frame   0x0000090c       0x88 build/efm32_timer.o
 .debug_frame   0x00000994      0x120 build/efm32_emu.o
 .debug_frame   0x00000ab4       0xc0 build/efm32_adc.o
 .debug_frame   0x00000b74       0xb4 build/efm32_rtc.o
 .debug_frame   0x00000c28      0x184 build/NRF24.o
 .debug_frame   0x00000dac       0xe8 build/radio.o
 .debug_frame   0x00000e94       0x54 build/serial_input.o
 .debug_frame   0x00000ee8       0xb0 build/syscalls.o
 .debug_frame   0x00000f98       0xfc build/config.o
 .debug_frame   0x00001094       0x50 build/codec.o
 .debug_frame   0x000010e4       0xa4 build/protcol.o
 .debug_frame   0x00001188       0xd4 build/dac.o
 .debug_frame   0x0000125c       0x30 /home/director-ubuntu/CodeSourcery/Sourcery_CodeBench_Lite_for_ARM_EABI/bin/../lib/gcc/arm-none-eabi/4.6.3/../../../../arm-none-eabi/lib/thumb2/libc.a(lib_a-memcpy.o)
 .debug_frame   0x0000128c       0x2c /home/director-ubuntu/CodeSourcery/Sourcery_CodeBench_Lite_for_ARM_EABI/bin/../lib/gcc/arm-none-eabi/4.6.3/../../../../arm-none-eabi/lib/thumb2/libc.a(lib_a-memset.o)
 .debug_frame   0x000012b8       0x5c /home/director-ubuntu/CodeSourcery/Sourcery_CodeBench_Lite_for_ARM_EABI/bin/../lib/gcc/arm-none-eabi/4.6.3/../../../../arm-none-eabi/lib/thumb2/libc.a(lib_a-printf.o)
 .debug_frame   0x00001314       0x30 /home/director-ubuntu/CodeSourcery/Sourcery_CodeBench_Lite_for_ARM_EABI/bin/../lib/gcc/arm-none-eabi/4.6.3/../../../../arm-none-eabi/lib/thumb2/libc.a(lib_a-strcmp.o)
 .debug_frame   0x00001344       0x58 /home/director-ubuntu/CodeSourcery/Sourcery_CodeBench_Lite_for_ARM_EABI/bin/../lib/gcc/arm-none-eabi/4.6.3/../../../../arm-none-eabi/lib/thumb2/libc.a(lib_a-vfprintf.o)
 .debug_frame   0x0000139c       0x2c /home/director-ubuntu/CodeSourcery/Sourcery_CodeBench_Lite_for_ARM_EABI/bin/../lib/gcc/arm-none-eabi/4.6.3/../../../../arm-none-eabi/lib/thumb2/libc.a(lib_a-wsetup.o)
 .debug_frame   0x000013c8       0x64 /home/director-ubuntu/CodeSourcery/Sourcery_CodeBench_Lite_for_ARM_EABI/bin/../lib/gcc/arm-none-eabi/4.6.3/../../../../arm-none-eabi/lib/thumb2/libc.a(lib_a-dtoa.o)
 .debug_frame   0x0000142c       0x40 /home/director-ubuntu/CodeSourcery/Sourcery_CodeBench_Lite_for_ARM_EABI/bin/../lib/gcc/arm-none-eabi/4.6.3/../../../../arm-none-eabi/lib/thumb2/libc.a(lib_a-fflush.o)
 .debug_frame   0x0000146c      0x11c /home/director-ubuntu/CodeSourcery/Sourcery_CodeBench_Lite_for_ARM_EABI/bin/../lib/gcc/arm-none-eabi/4.6.3/../../../../arm-none-eabi/lib/thumb2/libc.a(lib_a-findfp.o)
 .debug_frame   0x00001588       0x50 /home/director-ubuntu/CodeSourcery/Sourcery_CodeBench_Lite_for_ARM_EABI/bin/../lib/gcc/arm-none-eabi/4.6.3/../../../../arm-none-eabi/lib/thumb2/libc.a(lib_a-freer.o)
 .debug_frame   0x000015d8       0x54 /home/director-ubuntu/CodeSourcery/Sourcery_CodeBench_Lite_for_ARM_EABI/bin/../lib/gcc/arm-none-eabi/4.6.3/../../../../arm-none-eabi/lib/thumb2/libc.a(lib_a-fwalk.o)
 .debug_frame   0x0000162c       0x98 /home/director-ubuntu/CodeSourcery/Sourcery_CodeBench_Lite_for_ARM_EABI/bin/../lib/gcc/arm-none-eabi/4.6.3/../../../../arm-none-eabi/lib/thumb2/libc.a(lib_a-locale.o)
 .debug_frame   0x000016c4       0x30 /home/director-ubuntu/CodeSourcery/Sourcery_CodeBench_Lite_for_ARM_EABI/bin/../lib/gcc/arm-none-eabi/4.6.3/../../../../arm-none-eabi/lib/thumb2/libc.a(lib_a-makebuf.o)
 .debug_frame   0x000016f4       0x30 /home/director-ubuntu/CodeSourcery/Sourcery_CodeBench_Lite_for_ARM_EABI/bin/../lib/gcc/arm-none-eabi/4.6.3/../../../../arm-none-eabi/lib/thumb2/libc.a(lib_a-malloc.o)
 .debug_frame   0x00001724       0x38 /home/director-ubuntu/CodeSourcery/Sourcery_CodeBench_Lite_for_ARM_EABI/bin/../lib/gcc/arm-none-eabi/4.6.3/../../../../arm-none-eabi/lib/thumb2/libc.a(lib_a-mallocr.o)
 .debug_frame   0x0000175c       0x2c /home/director-ubuntu/CodeSourcery/Sourcery_CodeBench_Lite_for_ARM_EABI/bin/../lib/gcc/arm-none-eabi/4.6.3/../../../../arm-none-eabi/lib/thumb2/libc.a(lib_a-memchr.o)
 .debug_frame   0x00001788       0x30 /home/director-ubuntu/CodeSourcery/Sourcery_CodeBench_Lite_for_ARM_EABI/bin/../lib/gcc/arm-none-eabi/4.6.3/../../../../arm-none-eabi/lib/thumb2/libc.a(lib_a-mlock.o)
 .debug_frame   0x000017b8      0x23c /home/director-ubuntu/CodeSourcery/Sourcery_CodeBench_Lite_for_ARM_EABI/bin/../lib/gcc/arm-none-eabi/4.6.3/../../../../arm-none-eabi/lib/thumb2/libc.a(lib_a-mprec.o)
 .debug_frame   0x000019f4       0x28 /home/director-ubuntu/CodeSourcery/Sourcery_CodeBench_Lite_for_ARM_EABI/bin/../lib/gcc/arm-none-eabi/4.6.3/../../../../arm-none-eabi/lib/thumb2/libc.a(lib_a-s_fpclassify.o)
 .debug_frame   0x00001a1c       0x2c /home/director-ubuntu/CodeSourcery/Sourcery_CodeBench_Lite_for_ARM_EABI/bin/../lib/gcc/arm-none-eabi/4.6.3/../../../../arm-none-eabi/lib/thumb2/libc.a(lib_a-sbrkr.o)
 .debug_frame   0x00001a48       0x80 /home/director-ubuntu/CodeSourcery/Sourcery_CodeBench_Lite_for_ARM_EABI/bin/../lib/gcc/arm-none-eabi/4.6.3/../../../../arm-none-eabi/lib/thumb2/libc.a(lib_a-stdio.o)
 .debug_frame   0x00001ac8       0x20 /home/director-ubuntu/CodeSourcery/Sourcery_CodeBench_Lite_for_ARM_EABI/bin/../lib/gcc/arm-none-eabi/4.6.3/../../../../arm-none-eabi/lib/thumb2/libc.a(lib_a-strlen.o)
 .debug_frame   0x00001ae8       0x7c /home/director-ubuntu/CodeSourcery/Sourcery_CodeBench_Lite_for_ARM_EABI/bin/../lib/gcc/arm-none-eabi/4.6.3/../../../../arm-none-eabi/lib/thumb2/libc.a(lib_a-vfiprintf.o)
 .debug_frame   0x00001b64       0x2c /home/director-ubuntu/CodeSourcery/Sourcery_CodeBench_Lite_for_ARM_EABI/bin/../lib/gcc/arm-none-eabi/4.6.3/../../../../arm-none-eabi/lib/thumb2/libc.a(lib_a-writer.o)
 .debug_frame   0x00001b90       0x28 /home/director-ubuntu/CodeSourcery/Sourcery_CodeBench_Lite_for_ARM_EABI/bin/../lib/gcc/arm-none-eabi/4.6.3/../../../../arm-none-eabi/lib/thumb2/libc.a(lib_a-callocr.o)
 .debug_frame   0x00001bb8       0x2c /home/director-ubuntu/CodeSourcery/Sourcery_CodeBench_Lite_for_ARM_EABI/bin/../lib/gcc/arm-none-eabi/4.6.3/../../../../arm-none-eabi/lib/thumb2/libc.a(lib_a-closer.o)
 .debug_frame   0x00001be4       0x3c /home/director-ubuntu/CodeSourcery/Sourcery_CodeBench_Lite_for_ARM_EABI/bin/../lib/gcc/arm-none-eabi/4.6.3/../../../../arm-none-eabi/lib/thumb2/libc.a(lib_a-fclose.o)
 .debug_frame   0x00001c20       0x50 /home/director-ubuntu/CodeSourcery/Sourcery_CodeBench_Lite_for_ARM_EABI/bin/../lib/gcc/arm-none-eabi/4.6.3/../../../../arm-none-eabi/lib/thumb2/libc.a(lib_a-fputwc.o)
 .debug_frame   0x00001c70       0x2c /home/director-ubuntu/CodeSourcery/Sourcery_CodeBench_Lite_for_ARM_EABI/bin/../lib/gcc/arm-none-eabi/4.6.3/../../../../arm-none-eabi/lib/thumb2/libc.a(lib_a-fstatr.o)
 .debug_frame   0x00001c9c       0x38 /home/director-ubuntu/CodeSourcery/Sourcery_CodeBench_Lite_for_ARM_EABI/bin/../lib/gcc/arm-none-eabi/4.6.3/../../../../arm-none-eabi/lib/thumb2/libc.a(lib_a-fvwrite.o)
 .debug_frame   0x00001cd4       0x2c /home/director-ubuntu/CodeSourcery/Sourcery_CodeBench_Lite_for_ARM_EABI/bin/../lib/gcc/arm-none-eabi/4.6.3/../../../../arm-none-eabi/lib/thumb2/libc.a(lib_a-isattyr.o)
 .debug_frame   0x00001d00       0x2c /home/director-ubuntu/CodeSourcery/Sourcery_CodeBench_Lite_for_ARM_EABI/bin/../lib/gcc/arm-none-eabi/4.6.3/../../../../arm-none-eabi/lib/thumb2/libc.a(lib_a-lseekr.o)
 .debug_frame   0x00001d2c       0x2c /home/director-ubuntu/CodeSourcery/Sourcery_CodeBench_Lite_for_ARM_EABI/bin/../lib/gcc/arm-none-eabi/4.6.3/../../../../arm-none-eabi/lib/thumb2/libc.a(lib_a-memmove.o)
 .debug_frame   0x00001d58       0x2c /home/director-ubuntu/CodeSourcery/Sourcery_CodeBench_Lite_for_ARM_EABI/bin/../lib/gcc/arm-none-eabi/4.6.3/../../../../arm-none-eabi/lib/thumb2/libc.a(lib_a-readr.o)
 .debug_frame   0x00001d84       0x38 /home/director-ubuntu/CodeSourcery/Sourcery_CodeBench_Lite_for_ARM_EABI/bin/../lib/gcc/arm-none-eabi/4.6.3/../../../../arm-none-eabi/lib/thumb2/libc.a(lib_a-reallocr.o)
 .debug_frame   0x00001dbc       0x64 /home/director-ubuntu/CodeSourcery/Sourcery_CodeBench_Lite_for_ARM_EABI/bin/../lib/gcc/arm-none-eabi/4.6.3/../../../../arm-none-eabi/lib/thumb2/libc.a(lib_a-reent.o)
 .debug_frame   0x00001e20       0x3c /home/director-ubuntu/CodeSourcery/Sourcery_CodeBench_Lite_for_ARM_EABI/bin/../lib/gcc/arm-none-eabi/4.6.3/../../../../arm-none-eabi/lib/thumb2/libc.a(lib_a-wbuf.o)
 .debug_frame   0x00001e5c       0x58 /home/director-ubuntu/CodeSourcery/Sourcery_CodeBench_Lite_for_ARM_EABI/bin/../lib/gcc/arm-none-eabi/4.6.3/../../../../arm-none-eabi/lib/thumb2/libc.a(lib_a-wcrtomb.o)
 .debug_frame   0x00001eb4       0x44 /home/director-ubuntu/CodeSourcery/Sourcery_CodeBench_Lite_for_ARM_EABI/bin/../lib/gcc/arm-none-eabi/4.6.3/../../../../arm-none-eabi/lib/thumb2/libc.a(lib_a-wctomb_r.o)
 .debug_frame   0x00001ef8       0x40 /home/director-ubuntu/CodeSourcery/Sourcery_CodeBench_Lite_for_ARM_EABI/bin/../lib/gcc/arm-none-eabi/4.6.3/../../../../arm-none-eabi/lib/thumb2/libcs3.a(start_c.o)
 .debug_frame   0x00001f38       0x20 /home/director-ubuntu/CodeSourcery/Sourcery_CodeBench_Lite_for_ARM_EABI/bin/../lib/gcc/arm-none-eabi/4.6.3/thumb2/libgcc.a(_udivsi3.o)
 .debug_frame   0x00001f58       0x50 /home/director-ubuntu/CodeSourcery/Sourcery_CodeBench_Lite_for_ARM_EABI/bin/../lib/gcc/arm-none-eabi/4.6.3/thumb2/libgcc.a(bpabi.o)
 .debug_frame   0x00001fa8       0x38 /home/director-ubuntu/CodeSourcery/Sourcery_CodeBench_Lite_for_ARM_EABI/bin/../lib/gcc/arm-none-eabi/4.6.3/thumb2/libgcc.a(_divdi3.o)
 .debug_frame   0x00001fe0       0x38 /home/director-ubuntu/CodeSourcery/Sourcery_CodeBench_Lite_for_ARM_EABI/bin/../lib/gcc/arm-none-eabi/4.6.3/thumb2/libgcc.a(_udivdi3.o)
 .debug_frame   0x00002018       0x2c /home/director-ubuntu/CodeSourcery/Sourcery_CodeBench_Lite_for_ARM_EABI/bin/../lib/gcc/arm-none-eabi/4.6.3/../../../../arm-none-eabi/lib/thumb2/libc.a(lib_a-init.o)

.debug_str      0x00000000     0x3c47
 *(.debug_str)
 .debug_str     0x00000000       0xb6 build/core_cm3.o
                                 0xea (size before relaxing)
 .debug_str     0x000000b6      0x21f build/system_efm32.o
                                0x30b (size before relaxing)
 .debug_str     0x000002d5       0x1c build/efm32_assert.o
                                 0x61 (size before relaxing)
 .debug_str     0x000002f1       0xf0 build/efm32_system.o
                                0x1d7 (size before relaxing)
 .debug_str     0x000003e1      0x424 build/efm32_gpio.o
                                0x52f (size before relaxing)
 .debug_str     0x00000805      0x8b4 build/efm32_cmu.o
                                0xb09 (size before relaxing)
 .debug_str     0x000010b9      0x94d build/efm32_usart.o
                                0xcd4 (size before relaxing)
 .debug_str     0x00001a06      0x2fb build/efm32_i2c.o
                                0x6c4 (size before relaxing)
 .debug_str     0x00001d01      0x855 build/efm32_dma.o
                                0xc49 (size before relaxing)
 .debug_str     0x00002556      0x56e build/efm32_timer.o
                                0x697 (size before relaxing)
 .debug_str     0x00002ac4       0x25 build/efm32_int.o
                                0x10c (size before relaxing)
 .debug_str     0x00002ae9      0x385 build/efm32_emu.o
                                0x5e8 (size before relaxing)
 .debug_str     0x00002e6e      0x65b build/efm32_adc.o
                                0xa6c (size before relaxing)
 .debug_str     0x000034c9       0xb6 build/efm32_rtc.o
                                0x1eb (size before relaxing)
 .debug_str     0x0000357f      0x111 build/NRF24.o
                                0x355 (size before relaxing)
 .debug_str     0x00003690      0x12d build/radio.o
                                0x30f (size before relaxing)
 .debug_str     0x000037bd       0x5b build/serial_input.o
                                0x20e (size before relaxing)
 .debug_str     0x00003818      0x15b build/syscalls.o
                                0x31b (size before relaxing)
 .debug_str     0x00003973       0xde build/config.o
                               0x1508 (size before relaxing)
 .debug_str     0x00003a51       0xa7 build/codec.o
                                0x1a8 (size before relaxing)
 .debug_str     0x00003af8      0x103 build/protcol.o
                                0x220 (size before relaxing)
 .debug_str     0x00003bfb       0x4c build/dac.o
                                0xc1d (size before relaxing)

.debug_loc      0x00000000     0x1aef
 *(.debug_loc)
 .debug_loc     0x00000000       0xa4 build/system_efm32.o
 .debug_loc     0x000000a4       0x40 build/efm32_system.o
 .debug_loc     0x000000e4      0x20c build/efm32_gpio.o
 .debug_loc     0x000002f0      0x410 build/efm32_cmu.o
 .debug_loc     0x00000700      0x2b4 build/efm32_usart.o
 .debug_loc     0x000009b4      0x13c build/efm32_i2c.o
 .debug_loc     0x00000af0      0x2b4 build/efm32_dma.o
 .debug_loc     0x00000da4       0xc0 build/efm32_timer.o
 .debug_loc     0x00000e64      0x17c build/efm32_emu.o
 .debug_loc     0x00000fe0      0x130 build/efm32_adc.o
 .debug_loc     0x00001110       0xec build/efm32_rtc.o
 .debug_loc     0x000011fc      0x264 build/NRF24.o
 .debug_loc     0x00001460      0x110 build/radio.o
 .debug_loc     0x00001570       0x78 build/serial_input.o
 .debug_loc     0x000015e8      0x100 build/syscalls.o
 .debug_loc     0x000016e8      0x166 build/config.o
 .debug_loc     0x0000184e       0x6c build/codec.o
 .debug_loc     0x000018ba       0xf0 build/protcol.o
 .debug_loc     0x000019aa      0x145 build/dac.o

.debug_macinfo  0x00000000  0x10a0222
 *(.debug_macinfo)
 .debug_macinfo
                0x00000000     0x2bbb build/core_cm3.o
 .debug_macinfo
                0x00002bbb    0xdeef4 build/system_efm32.o
 .debug_macinfo
                0x000e1aaf     0x22fa build/efm32_assert.o
 .debug_macinfo
                0x000e3da9    0xdef17 build/efm32_system.o
 .debug_macinfo
                0x001c2cc0    0xdefb2 build/efm32_gpio.o
 .debug_macinfo
                0x002a1c72    0xdf5a4 build/efm32_cmu.o
 .debug_macinfo
                0x00381216    0xdf800 build/efm32_usart.o
 .debug_macinfo
                0x00460a16    0xdf622 build/efm32_i2c.o
 .debug_macinfo
                0x00540038    0xe1ebe build/efm32_dma.o
 .debug_macinfo
                0x00621ef6    0xdf680 build/efm32_timer.o
 .debug_macinfo
                0x00701576    0xdee8b build/efm32_int.o
 .debug_macinfo
                0x007e0401    0xdf550 build/efm32_emu.o
 .debug_macinfo
                0x008bf951    0xdf64b build/efm32_adc.o
 .debug_macinfo
                0x0099ef9c    0xdef7f build/efm32_rtc.o
 .debug_macinfo
                0x00a7df1b    0xdfc21 build/NRF24.o
 .debug_macinfo
                0x00b5db3c    0xdf479 build/radio.o
 .debug_macinfo
                0x00c3cfb5    0xdf17d build/serial_input.o
 .debug_macinfo
                0x00d1c132    0xe1834 build/syscalls.o
 .debug_macinfo
                0x00dfd966    0xe02fb build/config.o
 .debug_macinfo
                0x00eddc61     0x40b8 build/codec.o
 .debug_macinfo
                0x00ee1d19    0xdef2a build/protcol.o
 .debug_macinfo
                0x00fc0c43    0xdf5df build/dac.o

.debug_ranges   0x00000000      0x720
 *(.debug_ranges)
 .debug_ranges  0x00000000       0x50 build/system_efm32.o
 .debug_ranges  0x00000050       0x18 build/efm32_system.o
 .debug_ranges  0x00000068       0x88 build/efm32_gpio.o
 .debug_ranges  0x000000f0      0x108 build/efm32_cmu.o
 .debug_ranges  0x000001f8       0xa0 build/efm32_usart.o
 .debug_ranges  0x00000298       0x60 build/efm32_i2c.o
 .debug_ranges  0x000002f8       0xa0 build/efm32_dma.o
 .debug_ranges  0x00000398       0x38 build/efm32_timer.o
 .debug_ranges  0x000003d0       0x70 build/efm32_emu.o
 .debug_ranges  0x00000440       0x48 build/efm32_adc.o
 .debug_ranges  0x00000488       0x48 build/efm32_rtc.o
 .debug_ranges  0x000004d0       0x88 build/NRF24.o
 .debug_ranges  0x00000558       0x58 build/radio.o
 .debug_ranges  0x000005b0       0x20 build/serial_input.o
 .debug_ranges  0x000005d0       0x48 build/syscalls.o
 .debug_ranges  0x00000618       0x60 build/config.o
 .debug_ranges  0x00000678       0x20 build/codec.o
 .debug_ranges  0x00000698       0x38 build/protcol.o
 .debug_ranges  0x000006d0       0x50 build/dac.o

.comment        0x00000000       0x30
 .comment       0x00000000       0x30 build/core_cm3.o
                                 0x31 (size before relaxing)
 .comment       0x00000000       0x31 build/system_efm32.o
 .comment       0x00000000       0x31 build/efm32_assert.o
 .comment       0x00000000       0x31 build/efm32_system.o
 .comment       0x00000000       0x31 build/efm32_gpio.o
 .comment       0x00000000       0x31 build/efm32_cmu.o
 .comment       0x00000000       0x31 build/efm32_usart.o
 .comment       0x00000000       0x31 build/efm32_i2c.o
 .comment       0x00000000       0x31 build/efm32_dma.o
 .comment       0x00000000       0x31 build/efm32_timer.o
 .comment       0x00000000       0x31 build/efm32_int.o
 .comment       0x00000000       0x31 build/efm32_emu.o
 .comment       0x00000000       0x31 build/efm32_adc.o
 .comment       0x00000000       0x31 build/efm32_rtc.o
 .comment       0x00000000       0x31 build/NRF24.o
 .comment       0x00000000       0x31 build/radio.o
 .comment       0x00000000       0x31 build/serial_input.o
 .comment       0x00000000       0x31 build/syscalls.o
 .comment       0x00000000       0x31 build/config.o
 .comment       0x00000000       0x31 build/codec.o
 .comment       0x00000000       0x31 build/protcol.o
 .comment       0x00000000       0x31 build/dac.o
 .comment       0x00000000       0x31 build/main.o

.debug_weaknames
 *(.debug_weaknames)

.debug_funcnames
 *(.debug_funcnames)

.debug_typenames
 *(.debug_typenames)

.debug_varnames
 *(.debug_varnames)

.note.gnu.arm.ident
 *(.note.gnu.arm.ident)

.ARM.attributes
                0x00000000       0x27
 *(.ARM.attributes)
 .ARM.attributes
                0x00000000       0x1b /home/director-ubuntu/CodeSourcery/Sourcery_CodeBench_Lite_for_ARM_EABI/bin/../lib/gcc/arm-none-eabi/4.6.3/thumb2/crti.o
 .ARM.attributes
                0x0000001b       0x2b /home/director-ubuntu/CodeSourcery/Sourcery_CodeBench_Lite_for_ARM_EABI/bin/../lib/gcc/arm-none-eabi/4.6.3/thumb2/crtbegin.o
 .ARM.attributes
                0x00000046       0x33 build/core_cm3.o
 .ARM.attributes
                0x00000079       0x33 build/system_efm32.o
 .ARM.attributes
                0x000000ac       0x33 build/efm32_assert.o
 .ARM.attributes
                0x000000df       0x33 build/efm32_system.o
 .ARM.attributes
                0x00000112       0x33 build/efm32_gpio.o
 .ARM.attributes
                0x00000145       0x33 build/efm32_cmu.o
 .ARM.attributes
                0x00000178       0x33 build/efm32_usart.o
 .ARM.attributes
                0x000001ab       0x33 build/efm32_i2c.o
 .ARM.attributes
                0x000001de       0x33 build/efm32_dma.o
 .ARM.attributes
                0x00000211       0x33 build/efm32_timer.o
 .ARM.attributes
                0x00000244       0x33 build/efm32_int.o
 .ARM.attributes
                0x00000277       0x33 build/efm32_emu.o
 .ARM.attributes
                0x000002aa       0x33 build/efm32_adc.o
 .ARM.attributes
                0x000002dd       0x33 build/efm32_rtc.o
 .ARM.attributes
                0x00000310       0x33 build/NRF24.o
 .ARM.attributes
                0x00000343       0x33 build/radio.o
 .ARM.attributes
                0x00000376       0x33 build/serial_input.o
 .ARM.attributes
                0x000003a9       0x33 build/syscalls.o
 .ARM.attributes
                0x000003dc       0x33 build/config.o
 .ARM.attributes
                0x0000040f       0x33 build/codec.o
 .ARM.attributes
                0x00000442       0x33 build/protcol.o
 .ARM.attributes
                0x00000475       0x33 build/dac.o
 .ARM.attributes
                0x000004a8       0x33 build/main.o
 .ARM.attributes
                0x000004db       0x16 build/startup_efm32gg.o
 .ARM.attributes
                0x000004f1       0x2b /home/director-ubuntu/CodeSourcery/Sourcery_CodeBench_Lite_for_ARM_EABI/bin/../lib/gcc/arm-none-eabi/4.6.3/../../../../arm-none-eabi/lib/thumb2/libc.a(lib_a-memcpy.o)
 .ARM.attributes
                0x0000051c       0x2b /home/director-ubuntu/CodeSourcery/Sourcery_CodeBench_Lite_for_ARM_EABI/bin/../lib/gcc/arm-none-eabi/4.6.3/../../../../arm-none-eabi/lib/thumb2/libc.a(lib_a-memset.o)
 .ARM.attributes
                0x00000547       0x2b /home/director-ubuntu/CodeSourcery/Sourcery_CodeBench_Lite_for_ARM_EABI/bin/../lib/gcc/arm-none-eabi/4.6.3/../../../../arm-none-eabi/lib/thumb2/libc.a(lib_a-printf.o)
 .ARM.attributes
                0x00000572       0x2b /home/director-ubuntu/CodeSourcery/Sourcery_CodeBench_Lite_for_ARM_EABI/bin/../lib/gcc/arm-none-eabi/4.6.3/../../../../arm-none-eabi/lib/thumb2/libc.a(lib_a-strcmp.o)
 .ARM.attributes
                0x0000059d       0x2b /home/director-ubuntu/CodeSourcery/Sourcery_CodeBench_Lite_for_ARM_EABI/bin/../lib/gcc/arm-none-eabi/4.6.3/../../../../arm-none-eabi/lib/thumb2/libc.a(lib_a-vfprintf.o)
 .ARM.attributes
                0x000005c8       0x2b /home/director-ubuntu/CodeSourcery/Sourcery_CodeBench_Lite_for_ARM_EABI/bin/../lib/gcc/arm-none-eabi/4.6.3/../../../../arm-none-eabi/lib/thumb2/libc.a(lib_a-wsetup.o)
 .ARM.attributes
                0x000005f3       0x2b /home/director-ubuntu/CodeSourcery/Sourcery_CodeBench_Lite_for_ARM_EABI/bin/../lib/gcc/arm-none-eabi/4.6.3/../../../../arm-none-eabi/lib/thumb2/libc.a(lib_a-dtoa.o)
 .ARM.attributes
                0x0000061e       0x2b /home/director-ubuntu/CodeSourcery/Sourcery_CodeBench_Lite_for_ARM_EABI/bin/../lib/gcc/arm-none-eabi/4.6.3/../../../../arm-none-eabi/lib/thumb2/libc.a(lib_a-fflush.o)
 .ARM.attributes
                0x00000649       0x2b /home/director-ubuntu/CodeSourcery/Sourcery_CodeBench_Lite_for_ARM_EABI/bin/../lib/gcc/arm-none-eabi/4.6.3/../../../../arm-none-eabi/lib/thumb2/libc.a(lib_a-findfp.o)
 .ARM.attributes
                0x00000674       0x2b /home/director-ubuntu/CodeSourcery/Sourcery_CodeBench_Lite_for_ARM_EABI/bin/../lib/gcc/arm-none-eabi/4.6.3/../../../../arm-none-eabi/lib/thumb2/libc.a(lib_a-freer.o)
 .ARM.attributes
                0x0000069f       0x2b /home/director-ubuntu/CodeSourcery/Sourcery_CodeBench_Lite_for_ARM_EABI/bin/../lib/gcc/arm-none-eabi/4.6.3/../../../../arm-none-eabi/lib/thumb2/libc.a(lib_a-fwalk.o)
 .ARM.attributes
                0x000006ca       0x2b /home/director-ubuntu/CodeSourcery/Sourcery_CodeBench_Lite_for_ARM_EABI/bin/../lib/gcc/arm-none-eabi/4.6.3/../../../../arm-none-eabi/lib/thumb2/libc.a(lib_a-impure.o)
 .ARM.attributes
                0x000006f5       0x2b /home/director-ubuntu/CodeSourcery/Sourcery_CodeBench_Lite_for_ARM_EABI/bin/../lib/gcc/arm-none-eabi/4.6.3/../../../../arm-none-eabi/lib/thumb2/libc.a(lib_a-locale.o)
 .ARM.attributes
                0x00000720       0x2b /home/director-ubuntu/CodeSourcery/Sourcery_CodeBench_Lite_for_ARM_EABI/bin/../lib/gcc/arm-none-eabi/4.6.3/../../../../arm-none-eabi/lib/thumb2/libc.a(lib_a-makebuf.o)
 .ARM.attributes
                0x0000074b       0x2b /home/director-ubuntu/CodeSourcery/Sourcery_CodeBench_Lite_for_ARM_EABI/bin/../lib/gcc/arm-none-eabi/4.6.3/../../../../arm-none-eabi/lib/thumb2/libc.a(lib_a-malloc.o)
 .ARM.attributes
                0x00000776       0x2b /home/director-ubuntu/CodeSourcery/Sourcery_CodeBench_Lite_for_ARM_EABI/bin/../lib/gcc/arm-none-eabi/4.6.3/../../../../arm-none-eabi/lib/thumb2/libc.a(lib_a-mallocr.o)
 .ARM.attributes
                0x000007a1       0x2b /home/director-ubuntu/CodeSourcery/Sourcery_CodeBench_Lite_for_ARM_EABI/bin/../lib/gcc/arm-none-eabi/4.6.3/../../../../arm-none-eabi/lib/thumb2/libc.a(lib_a-memchr.o)
 .ARM.attributes
                0x000007cc       0x2b /home/director-ubuntu/CodeSourcery/Sourcery_CodeBench_Lite_for_ARM_EABI/bin/../lib/gcc/arm-none-eabi/4.6.3/../../../../arm-none-eabi/lib/thumb2/libc.a(lib_a-mlock.o)
 .ARM.attributes
                0x000007f7       0x2b /home/director-ubuntu/CodeSourcery/Sourcery_CodeBench_Lite_for_ARM_EABI/bin/../lib/gcc/arm-none-eabi/4.6.3/../../../../arm-none-eabi/lib/thumb2/libc.a(lib_a-mprec.o)
 .ARM.attributes
                0x00000822       0x2b /home/director-ubuntu/CodeSourcery/Sourcery_CodeBench_Lite_for_ARM_EABI/bin/../lib/gcc/arm-none-eabi/4.6.3/../../../../arm-none-eabi/lib/thumb2/libc.a(lib_a-s_fpclassify.o)
 .ARM.attributes
                0x0000084d       0x2b /home/director-ubuntu/CodeSourcery/Sourcery_CodeBench_Lite_for_ARM_EABI/bin/../lib/gcc/arm-none-eabi/4.6.3/../../../../arm-none-eabi/lib/thumb2/libc.a(lib_a-sbrkr.o)
 .ARM.attributes
                0x00000878       0x2b /home/director-ubuntu/CodeSourcery/Sourcery_CodeBench_Lite_for_ARM_EABI/bin/../lib/gcc/arm-none-eabi/4.6.3/../../../../arm-none-eabi/lib/thumb2/libc.a(lib_a-stdio.o)
 .ARM.attributes
                0x000008a3       0x2b /home/director-ubuntu/CodeSourcery/Sourcery_CodeBench_Lite_for_ARM_EABI/bin/../lib/gcc/arm-none-eabi/4.6.3/../../../../arm-none-eabi/lib/thumb2/libc.a(lib_a-strlen.o)
 .ARM.attributes
                0x000008ce       0x2b /home/director-ubuntu/CodeSourcery/Sourcery_CodeBench_Lite_for_ARM_EABI/bin/../lib/gcc/arm-none-eabi/4.6.3/../../../../arm-none-eabi/lib/thumb2/libc.a(lib_a-vfiprintf.o)
 .ARM.attributes
                0x000008f9       0x2b /home/director-ubuntu/CodeSourcery/Sourcery_CodeBench_Lite_for_ARM_EABI/bin/../lib/gcc/arm-none-eabi/4.6.3/../../../../arm-none-eabi/lib/thumb2/libc.a(lib_a-writer.o)
 .ARM.attributes
                0x00000924       0x2b /home/director-ubuntu/CodeSourcery/Sourcery_CodeBench_Lite_for_ARM_EABI/bin/../lib/gcc/arm-none-eabi/4.6.3/../../../../arm-none-eabi/lib/thumb2/libc.a(lib_a-callocr.o)
 .ARM.attributes
                0x0000094f       0x2b /home/director-ubuntu/CodeSourcery/Sourcery_CodeBench_Lite_for_ARM_EABI/bin/../lib/gcc/arm-none-eabi/4.6.3/../../../../arm-none-eabi/lib/thumb2/libc.a(lib_a-closer.o)
 .ARM.attributes
                0x0000097a       0x2b /home/director-ubuntu/CodeSourcery/Sourcery_CodeBench_Lite_for_ARM_EABI/bin/../lib/gcc/arm-none-eabi/4.6.3/../../../../arm-none-eabi/lib/thumb2/libc.a(lib_a-fclose.o)
 .ARM.attributes
                0x000009a5       0x2b /home/director-ubuntu/CodeSourcery/Sourcery_CodeBench_Lite_for_ARM_EABI/bin/../lib/gcc/arm-none-eabi/4.6.3/../../../../arm-none-eabi/lib/thumb2/libc.a(lib_a-fputwc.o)
 .ARM.attributes
                0x000009d0       0x2b /home/director-ubuntu/CodeSourcery/Sourcery_CodeBench_Lite_for_ARM_EABI/bin/../lib/gcc/arm-none-eabi/4.6.3/../../../../arm-none-eabi/lib/thumb2/libc.a(lib_a-fstatr.o)
 .ARM.attributes
                0x000009fb       0x2b /home/director-ubuntu/CodeSourcery/Sourcery_CodeBench_Lite_for_ARM_EABI/bin/../lib/gcc/arm-none-eabi/4.6.3/../../../../arm-none-eabi/lib/thumb2/libc.a(lib_a-fvwrite.o)
 .ARM.attributes
                0x00000a26       0x2b /home/director-ubuntu/CodeSourcery/Sourcery_CodeBench_Lite_for_ARM_EABI/bin/../lib/gcc/arm-none-eabi/4.6.3/../../../../arm-none-eabi/lib/thumb2/libc.a(lib_a-isattyr.o)
 .ARM.attributes
                0x00000a51       0x2b /home/director-ubuntu/CodeSourcery/Sourcery_CodeBench_Lite_for_ARM_EABI/bin/../lib/gcc/arm-none-eabi/4.6.3/../../../../arm-none-eabi/lib/thumb2/libc.a(lib_a-lseekr.o)
 .ARM.attributes
                0x00000a7c       0x2b /home/director-ubuntu/CodeSourcery/Sourcery_CodeBench_Lite_for_ARM_EABI/bin/../lib/gcc/arm-none-eabi/4.6.3/../../../../arm-none-eabi/lib/thumb2/libc.a(lib_a-memmove.o)
 .ARM.attributes
                0x00000aa7       0x2b /home/director-ubuntu/CodeSourcery/Sourcery_CodeBench_Lite_for_ARM_EABI/bin/../lib/gcc/arm-none-eabi/4.6.3/../../../../arm-none-eabi/lib/thumb2/libc.a(lib_a-readr.o)
 .ARM.attributes
                0x00000ad2       0x2b /home/director-ubuntu/CodeSourcery/Sourcery_CodeBench_Lite_for_ARM_EABI/bin/../lib/gcc/arm-none-eabi/4.6.3/../../../../arm-none-eabi/lib/thumb2/libc.a(lib_a-reallocr.o)
 .ARM.attributes
                0x00000afd       0x2b /home/director-ubuntu/CodeSourcery/Sourcery_CodeBench_Lite_for_ARM_EABI/bin/../lib/gcc/arm-none-eabi/4.6.3/../../../../arm-none-eabi/lib/thumb2/libc.a(lib_a-reent.o)
 .ARM.attributes
                0x00000b28       0x2b /home/director-ubuntu/CodeSourcery/Sourcery_CodeBench_Lite_for_ARM_EABI/bin/../lib/gcc/arm-none-eabi/4.6.3/../../../../arm-none-eabi/lib/thumb2/libc.a(lib_a-wbuf.o)
 .ARM.attributes
                0x00000b53       0x2b /home/director-ubuntu/CodeSourcery/Sourcery_CodeBench_Lite_for_ARM_EABI/bin/../lib/gcc/arm-none-eabi/4.6.3/../../../../arm-none-eabi/lib/thumb2/libc.a(lib_a-wcrtomb.o)
 .ARM.attributes
                0x00000b7e       0x2b /home/director-ubuntu/CodeSourcery/Sourcery_CodeBench_Lite_for_ARM_EABI/bin/../lib/gcc/arm-none-eabi/4.6.3/../../../../arm-none-eabi/lib/thumb2/libc.a(lib_a-wctomb_r.o)
 .ARM.attributes
                0x00000ba9       0x2b /home/director-ubuntu/CodeSourcery/Sourcery_CodeBench_Lite_for_ARM_EABI/bin/../lib/gcc/arm-none-eabi/4.6.3/../../../../arm-none-eabi/lib/thumb2/libcs3.a(start_c.o)
 .ARM.attributes
                0x00000bd4       0x19 /home/director-ubuntu/CodeSourcery/Sourcery_CodeBench_Lite_for_ARM_EABI/bin/../lib/gcc/arm-none-eabi/4.6.3/../../../../arm-none-eabi/lib/thumb2/libcs3unhosted.a(unhosted-start.o)
 .ARM.attributes
                0x00000bed       0x1b /home/director-ubuntu/CodeSourcery/Sourcery_CodeBench_Lite_for_ARM_EABI/bin/../lib/gcc/arm-none-eabi/4.6.3/thumb2/libgcc.a(_udivsi3.o)
 .ARM.attributes
                0x00000c08       0x1b /home/director-ubuntu/CodeSourcery/Sourcery_CodeBench_Lite_for_ARM_EABI/bin/../lib/gcc/arm-none-eabi/4.6.3/thumb2/libgcc.a(_dvmd_tls.o)
 .ARM.attributes
                0x00000c23       0x1b /home/director-ubuntu/CodeSourcery/Sourcery_CodeBench_Lite_for_ARM_EABI/bin/../lib/gcc/arm-none-eabi/4.6.3/thumb2/libgcc.a(_arm_addsubdf3.o)
 .ARM.attributes
                0x00000c3e       0x1b /home/director-ubuntu/CodeSourcery/Sourcery_CodeBench_Lite_for_ARM_EABI/bin/../lib/gcc/arm-none-eabi/4.6.3/thumb2/libgcc.a(_arm_muldivdf3.o)
 .ARM.attributes
                0x00000c59       0x1b /home/director-ubuntu/CodeSourcery/Sourcery_CodeBench_Lite_for_ARM_EABI/bin/../lib/gcc/arm-none-eabi/4.6.3/thumb2/libgcc.a(_arm_cmpdf2.o)
 .ARM.attributes
                0x00000c74       0x1b /home/director-ubuntu/CodeSourcery/Sourcery_CodeBench_Lite_for_ARM_EABI/bin/../lib/gcc/arm-none-eabi/4.6.3/thumb2/libgcc.a(_arm_fixdfsi.o)
 .ARM.attributes
                0x00000c8f       0x1b /home/director-ubuntu/CodeSourcery/Sourcery_CodeBench_Lite_for_ARM_EABI/bin/../lib/gcc/arm-none-eabi/4.6.3/thumb2/libgcc.a(_aeabi_uldivmod.o)
 .ARM.attributes
                0x00000caa       0x2b /home/director-ubuntu/CodeSourcery/Sourcery_CodeBench_Lite_for_ARM_EABI/bin/../lib/gcc/arm-none-eabi/4.6.3/thumb2/libgcc.a(bpabi.o)
 .ARM.attributes
                0x00000cd5       0x2b /home/director-ubuntu/CodeSourcery/Sourcery_CodeBench_Lite_for_ARM_EABI/bin/../lib/gcc/arm-none-eabi/4.6.3/thumb2/libgcc.a(_divdi3.o)
 .ARM.attributes
                0x00000d00       0x2b /home/director-ubuntu/CodeSourcery/Sourcery_CodeBench_Lite_for_ARM_EABI/bin/../lib/gcc/arm-none-eabi/4.6.3/thumb2/libgcc.a(_udivdi3.o)
 .ARM.attributes
                0x00000d2b       0x2b /home/director-ubuntu/CodeSourcery/Sourcery_CodeBench_Lite_for_ARM_EABI/bin/../lib/gcc/arm-none-eabi/4.6.3/../../../../arm-none-eabi/lib/thumb2/libc.a(lib_a-init.o)
 .ARM.attributes
                0x00000d56       0x2b /home/director-ubuntu/CodeSourcery/Sourcery_CodeBench_Lite_for_ARM_EABI/bin/../lib/gcc/arm-none-eabi/4.6.3/thumb2/crtend.o
 .ARM.attributes
                0x00000d81       0x1b /home/director-ubuntu/CodeSourcery/Sourcery_CodeBench_Lite_for_ARM_EABI/bin/../lib/gcc/arm-none-eabi/4.6.3/thumb2/crtn.o

/DISCARD/
 *(.note.GNU-stack)
OUTPUT(exe/slip.elf elf32-littlearm)
