Archive member included because of file (symbol)

/home/martinmarinov/CodeSourcery/Sourcery_CodeBench_Lite_for_ARM_EABI/bin/../lib/gcc/arm-none-eabi/4.6.3/../../../../arm-none-eabi/lib/thumb2/libc.a(lib_a-memset.o)
                              build/main.o (memset)
/home/martinmarinov/CodeSourcery/Sourcery_CodeBench_Lite_for_ARM_EABI/bin/../lib/gcc/arm-none-eabi/4.6.3/../../../../arm-none-eabi/lib/thumb2/libc.a(lib_a-printf.o)
                              build/radio.o (printf)
/home/martinmarinov/CodeSourcery/Sourcery_CodeBench_Lite_for_ARM_EABI/bin/../lib/gcc/arm-none-eabi/4.6.3/../../../../arm-none-eabi/lib/thumb2/libc.a(lib_a-puts.o)
                              build/radio.o (puts)
/home/martinmarinov/CodeSourcery/Sourcery_CodeBench_Lite_for_ARM_EABI/bin/../lib/gcc/arm-none-eabi/4.6.3/../../../../arm-none-eabi/lib/thumb2/libc.a(lib_a-strcmp.o)
                              build/main.o (strcmp)
/home/martinmarinov/CodeSourcery/Sourcery_CodeBench_Lite_for_ARM_EABI/bin/../lib/gcc/arm-none-eabi/4.6.3/../../../../arm-none-eabi/lib/thumb2/libc.a(lib_a-strlen.o)
                              /home/martinmarinov/CodeSourcery/Sourcery_CodeBench_Lite_for_ARM_EABI/bin/../lib/gcc/arm-none-eabi/4.6.3/../../../../arm-none-eabi/lib/thumb2/libc.a(lib_a-puts.o) (strlen)
/home/martinmarinov/CodeSourcery/Sourcery_CodeBench_Lite_for_ARM_EABI/bin/../lib/gcc/arm-none-eabi/4.6.3/../../../../arm-none-eabi/lib/thumb2/libc.a(lib_a-vfprintf.o)
                              /home/martinmarinov/CodeSourcery/Sourcery_CodeBench_Lite_for_ARM_EABI/bin/../lib/gcc/arm-none-eabi/4.6.3/../../../../arm-none-eabi/lib/thumb2/libc.a(lib_a-printf.o) (_vfprintf_r)
/home/martinmarinov/CodeSourcery/Sourcery_CodeBench_Lite_for_ARM_EABI/bin/../lib/gcc/arm-none-eabi/4.6.3/../../../../arm-none-eabi/lib/thumb2/libc.a(lib_a-wsetup.o)
                              /home/martinmarinov/CodeSourcery/Sourcery_CodeBench_Lite_for_ARM_EABI/bin/../lib/gcc/arm-none-eabi/4.6.3/../../../../arm-none-eabi/lib/thumb2/libc.a(lib_a-vfprintf.o) (__swsetup_r)
/home/martinmarinov/CodeSourcery/Sourcery_CodeBench_Lite_for_ARM_EABI/bin/../lib/gcc/arm-none-eabi/4.6.3/../../../../arm-none-eabi/lib/thumb2/libc.a(lib_a-dtoa.o)
                              /home/martinmarinov/CodeSourcery/Sourcery_CodeBench_Lite_for_ARM_EABI/bin/../lib/gcc/arm-none-eabi/4.6.3/../../../../arm-none-eabi/lib/thumb2/libc.a(lib_a-vfprintf.o) (_dtoa_r)
/home/martinmarinov/CodeSourcery/Sourcery_CodeBench_Lite_for_ARM_EABI/bin/../lib/gcc/arm-none-eabi/4.6.3/../../../../arm-none-eabi/lib/thumb2/libc.a(lib_a-fflush.o)
                              /home/martinmarinov/CodeSourcery/Sourcery_CodeBench_Lite_for_ARM_EABI/bin/../lib/gcc/arm-none-eabi/4.6.3/../../../../arm-none-eabi/lib/thumb2/libc.a(lib_a-vfprintf.o) (_fflush_r)
/home/martinmarinov/CodeSourcery/Sourcery_CodeBench_Lite_for_ARM_EABI/bin/../lib/gcc/arm-none-eabi/4.6.3/../../../../arm-none-eabi/lib/thumb2/libc.a(lib_a-findfp.o)
                              /home/martinmarinov/CodeSourcery/Sourcery_CodeBench_Lite_for_ARM_EABI/bin/../lib/gcc/arm-none-eabi/4.6.3/../../../../arm-none-eabi/lib/thumb2/libc.a(lib_a-printf.o) (__sinit)
/home/martinmarinov/CodeSourcery/Sourcery_CodeBench_Lite_for_ARM_EABI/bin/../lib/gcc/arm-none-eabi/4.6.3/../../../../arm-none-eabi/lib/thumb2/libc.a(lib_a-freer.o)
                              /home/martinmarinov/CodeSourcery/Sourcery_CodeBench_Lite_for_ARM_EABI/bin/../lib/gcc/arm-none-eabi/4.6.3/../../../../arm-none-eabi/lib/thumb2/libc.a(lib_a-wsetup.o) (_free_r)
/home/martinmarinov/CodeSourcery/Sourcery_CodeBench_Lite_for_ARM_EABI/bin/../lib/gcc/arm-none-eabi/4.6.3/../../../../arm-none-eabi/lib/thumb2/libc.a(lib_a-fvwrite.o)
                              /home/martinmarinov/CodeSourcery/Sourcery_CodeBench_Lite_for_ARM_EABI/bin/../lib/gcc/arm-none-eabi/4.6.3/../../../../arm-none-eabi/lib/thumb2/libc.a(lib_a-puts.o) (__sfvwrite_r)
/home/martinmarinov/CodeSourcery/Sourcery_CodeBench_Lite_for_ARM_EABI/bin/../lib/gcc/arm-none-eabi/4.6.3/../../../../arm-none-eabi/lib/thumb2/libc.a(lib_a-fwalk.o)
                              /home/martinmarinov/CodeSourcery/Sourcery_CodeBench_Lite_for_ARM_EABI/bin/../lib/gcc/arm-none-eabi/4.6.3/../../../../arm-none-eabi/lib/thumb2/libc.a(lib_a-findfp.o) (_fwalk)
/home/martinmarinov/CodeSourcery/Sourcery_CodeBench_Lite_for_ARM_EABI/bin/../lib/gcc/arm-none-eabi/4.6.3/../../../../arm-none-eabi/lib/thumb2/libc.a(lib_a-impure.o)
                              /home/martinmarinov/CodeSourcery/Sourcery_CodeBench_Lite_for_ARM_EABI/bin/../lib/gcc/arm-none-eabi/4.6.3/../../../../arm-none-eabi/lib/thumb2/libc.a(lib_a-fflush.o) (_global_impure_ptr)
/home/martinmarinov/CodeSourcery/Sourcery_CodeBench_Lite_for_ARM_EABI/bin/../lib/gcc/arm-none-eabi/4.6.3/../../../../arm-none-eabi/lib/thumb2/libc.a(lib_a-locale.o)
[...]
Memory Configuration

Name             Origin             Length             Attributes
rom              0x00000000         0x00100000         xr
ram              0x20000000         0x00020000         xrw
*default*        0x00000000         0xffffffff

Linker script and memory map

LOAD /home/martinmarinov/CodeSourcery/Sourcery_CodeBench_Lite_for_ARM_EABI/bin/../lib/gcc/arm-none-eabi/4.6.3/thumb2/crti.o
LOAD /home/martinmarinov/CodeSourcery/Sourcery_CodeBench_Lite_for_ARM_EABI/bin/../lib/gcc/arm-none-eabi/4.6.3/thumb2/crtbegin.o
LOAD build/core_cm3.o
LOAD build/system_efm32.o
LOAD build/efm32_assert.o
LOAD build/efm32_system.o
LOAD build/efm32_gpio.o
LOAD build/efm32_cmu.o
LOAD build/efm32_usart.o
LOAD build/efm32_i2c.o
LOAD build/efm32_dma.o
LOAD build/efm32_timer.o
LOAD build/efm32_int.o
LOAD build/efm32_emu.o
LOAD build/efm32_adc.o
LOAD build/efm32_rtc.o
LOAD build/NRF24.o
LOAD build/radio.o
LOAD build/syscalls.o
LOAD build/config.o
LOAD build/main.o
LOAD build/startup_efm32gg.o
LOAD /home/martinmarinov/CodeSourcery/Sourcery_CodeBench_Lite_for_ARM_EABI/bin/../lib/gcc/arm-none-eabi/4.6.3/../../../../arm-none-eabi/lib/thumb2/libc.a
LOAD /home/martinmarinov/CodeSourcery/Sourcery_CodeBench_Lite_for_ARM_EABI/bin/../lib/gcc/arm-none-eabi/4.6.3/../../../../arm-none-eabi/lib/thumb2/libcs3.a
LOAD /home/martinmarinov/CodeSourcery/Sourcery_CodeBench_Lite_for_ARM_EABI/bin/../lib/gcc/arm-none-eabi/4.6.3/../../../../arm-none-eabi/lib/thumb2/libcs3unhosted.a
START GROUP
LOAD /home/martinmarinov/CodeSourcery/Sourcery_CodeBench_Lite_for_ARM_EABI/bin/../lib/gcc/arm-none-eabi/4.6.3/thumb2/libgcc.a
LOAD /home/martinmarinov/CodeSourcery/Sourcery_CodeBench_Lite_for_ARM_EABI/bin/../lib/gcc/arm-none-eabi/4.6.3/../../../../arm-none-eabi/lib/thumb2/libc.a
END GROUP
LOAD /home/martinmarinov/CodeSourcery/Sourcery_CodeBench_Lite_for_ARM_EABI/bin/../lib/gcc/arm-none-eabi/4.6.3/thumb2/crtend.o
LOAD /home/martinmarinov/CodeSourcery/Sourcery_CodeBench_Lite_for_ARM_EABI/bin/../lib/gcc/arm-none-eabi/4.6.3/thumb2/crtn.o
START GROUP
LOAD /home/martinmarinov/CodeSourcery/Sourcery_CodeBench_Lite_for_ARM_EABI/bin/../lib/gcc/arm-none-eabi/4.6.3/thumb2/libgcc.a
LOAD /home/martinmarinov/CodeSourcery/Sourcery_CodeBench_Lite_for_ARM_EABI/bin/../lib/gcc/arm-none-eabi/4.6.3/../../../../arm-none-eabi/lib/thumb2/libc.a
LOAD /home/martinmarinov/CodeSourcery/Sourcery_CodeBench_Lite_for_ARM_EABI/bin/../lib/gcc/arm-none-eabi/4.6.3/../../../../arm-none-eabi/lib/thumb2/libcs3.a
LOAD /home/martinmarinov/CodeSourcery/Sourcery_CodeBench_Lite_for_ARM_EABI/bin/../lib/gcc/arm-none-eabi/4.6.3/../../../../arm-none-eabi/lib/thumb2/libcs3unhosted.a
END GROUP
                0x200005f8                PROVIDE (__cs3_heap_start, _end)
                0x20020000                PROVIDE (__cs3_heap_end, (__cs3_region_start_ram + __cs3_region_size_ram))
                0x00000001                PROVIDE (__cs3_region_num, ((__cs3_regions_end - __cs3_regions) / 0x14))
                0x20020000                PROVIDE (__cs3_stack, (__cs3_region_start_ram + __cs3_region_size_ram))

.text           0x00000000     0x9cd0
 CREATE_OBJECT_SYMBOLS
                0x00000000                __cs3_region_start_rom = .
 *(.cs3.region-head.rom)
                0x00000001                ASSERT ((. == __cs3_region_start_rom), .cs3.region-head.rom not permitted)
                0x00000000                __cs3_interrupt_vector = __cs3_interrupt_vector_efm32g
 *(.cs3.interrupt_vector)
 .cs3.interrupt_vector
                0x00000000       0xdc build/startup_efm32gg.o
                0x00000000                __cs3_interrupt_vector_efm32g
                0x00000001                ASSERT ((. != __cs3_interrupt_vector_efm32g), No interrupt vector)
                0x000000dc                PROVIDE (__cs3_reset, __cs3_reset_efm32)
 *(.cs3.reset)
 .cs3.reset     0x000000dc        0xc build/startup_efm32gg.o
                0x000000dc                __cs3_reset_efm32
                0x000000e4                TIMER2_IRQHandler
                0x000000e4                DebugMon_Handler
                0x000000e4                USART0_TX_IRQHandler
                0x000000e4                I2C0_IRQHandler
                0x000000e4                HardFault_Handler
                0x000000e4                LEUART1_IRQHandler
                0x000000e4                SysTick_Handler
                0x000000e4                USART1_RX_IRQHandler
                0x000000e4                PendSV_Handler
                0x000000e4                NMI_Handler
                0x000000e4                I2C1_IRQHandler
                0x000000e4                _IRQHandlerinterrupt
                0x000000e4                Reserved9_Handler
                0x000000e4                Reserved7_Handler
                0x000000e4                TIMER3_IRQHandler
                0x000000e4                USART1_TX_IRQHandler
                0x000000e4                MSC_IRQHandler
                0x000000e4                ADC0_IRQHandler
                0x000000e4                UsageFault_Handler
                0x000000e4                LEUART0_IRQHandler
                0x000000e4                UART0_TX_IRQHandler
                0x000000e4                UART1_TX_IRQHandler
                0x000000e4                RTC_IRQHandler
                0x000000e4                LCD_IRQHandler
                0x000000e4                PCNT2_IRQHandler
                0x000000e4                UART0_RX_IRQHandler
                0x000000e4                Reserved10_Handler
                0x000000e4                TIMER1_IRQHandler
                0x000000e4                Reserved8_Handler
                0x000000e4                USART2_RX_IRQHandler
                0x000000e4                EMU_IRQHandler
                0x000000e4                PCNT0_IRQHandler
                0x000000e4                USB_IRQHandler
                0x000000e4                BURTC_IRQHandler
                0x000000e4                PCNT1_IRQHandler
                0x000000e4                ACMP0_IRQHandler
                0x000000e4                USART0_RX_IRQHandler
                0x000000e4                MemManage_Handler
                0x000000e4                SVC_Handler
                0x000000e4                DAC0_IRQHandler
                0x000000e4                UART1_RX_IRQHandler
                0x000000e4                Reserved13_Handler
                0x000000e4                CMU_IRQHandler
                0x000000e4                EBI_IRQHandler
                0x000000e4                LESENSE_IRQHandler
                0x000000e4                AES_IRQHandler
                0x000000e4                VCMP_IRQHandler
                0x000000e4                BusFault_Handler
                0x000000e4                USART2_TX_IRQHandler
                0x00000138                PROVIDE (__cs3_start_asm, _start)
 *(.text.cs3.init)
 .text.cs3.init
                0x000000e8       0x50 /home/martinmarinov/CodeSourcery/Sourcery_CodeBench_Lite_for_ARM_EABI/bin/../lib/gcc/arm-none-eabi/4.6.3/../../../../arm-none-eabi/lib/thumb2/libcs3.a(start_c.o)
                0x000000e8                __cs3_start_c
 .text.cs3.init
                0x00000138       0x10 /home/martinmarinov/CodeSourcery/Sourcery_CodeBench_Lite_for_ARM_EABI/bin/../lib/gcc/arm-none-eabi/4.6.3/../../../../arm-none-eabi/lib/thumb2/libcs3unhosted.a(unhosted-start.o)
                0x00000138                _start
 *(.text .text.* .gnu.linkonce.t.*)
 .text          0x00000148       0x68 /home/martinmarinov/CodeSourcery/Sourcery_CodeBench_Lite_for_ARM_EABI/bin/../lib/gcc/arm-none-eabi/4.6.3/thumb2/crtbegin.o
 .text.SystemCoreClockGet
                0x000001b0       0x54 build/system_efm32.o
                0x000001b0                SystemCoreClockGet
 .text.SystemHFClockGet
                0x00000204       0xdc build/system_efm32.o
                0x00000204                SystemHFClockGet
 .text.SystemLFRCOClockGet
                0x000002e0        0x8 build/system_efm32.o
                0x000002e0                SystemLFRCOClockGet
 .text.SystemULFRCOClockGet
                0x000002e8        0x8 build/system_efm32.o
                0x000002e8                SystemULFRCOClockGet
 .text.SystemLFXOClockGet
                0x000002f0       0x10 build/system_efm32.o
                0x000002f0                SystemLFXOClockGet
 .text.BITBAND_Peripheral
                0x00000300       0x28 build/efm32_gpio.o
 .text.GPIO_IntConfig
                0x00000328       0xec build/efm32_gpio.o
                0x00000328                GPIO_IntConfig
 .text.GPIO_PinModeSet
                0x00000414      0x1a4 build/efm32_gpio.o
                0x00000414                GPIO_PinModeSet
 .text.BITBAND_Peripheral
                0x000005b8       0x28 build/efm32_cmu.o
 .text.CMU_FlashWaitStateMax
                0x000005e0       0x5c build/efm32_cmu.o
 .text.CMU_DivToLog2
                0x0000063c       0x28 build/efm32_cmu.o
 .text.CMU_FlashWaitStateControl
                0x00000664       0xe4 build/efm32_cmu.o
 .text.CMU_USBCClkGet
                0x00000748       0x48 build/efm32_cmu.o
 .text.CMU_AUXClkGet
                0x00000790       0x94 build/efm32_cmu.o
 .text.CMU_DBGClkGet
                0x00000824       0x5c build/efm32_cmu.o
 .text.CMU_LFClkGet
                0x00000880       0xc4 build/efm32_cmu.o
 .text.CMU_Sync
                0x00000944       0x34 build/efm32_cmu.o
 .text.CMU_ClockDivSet
                0x00000978      0x264 build/efm32_cmu.o
                0x00000978                CMU_ClockDivSet
 .text.CMU_ClockEnable
                0x00000bdc       0xc8 build/efm32_cmu.o
                0x00000bdc                CMU_ClockEnable
 .text.CMU_ClockFreqGet
                0x00000ca4      0x258 build/efm32_cmu.o
                0x00000ca4                CMU_ClockFreqGet
 .text.CMU_ClockSelectGet
                0x00000efc      0x19c build/efm32_cmu.o
                0x00000efc                CMU_ClockSelectGet
 .text.USART_BaudrateSyncSet
                0x00001098       0x68 build/efm32_usart.o
                0x00001098                USART_BaudrateSyncSet
 .text.USART_InitSync
                0x00001100       0xa4 build/efm32_usart.o
                0x00001100                USART_InitSync
 .text.USART_Reset
                0x000011a4       0x8c build/efm32_usart.o
                0x000011a4                USART_Reset
 .text.USART_Rx
                0x00001230       0x20 build/efm32_usart.o
                0x00001230                USART_Rx
 .text.USART_Tx
                0x00001250       0x24 build/efm32_usart.o
                0x00001250                USART_Tx
 .text.BITBAND_Peripheral
                0x00001274       0x28 build/efm32_i2c.o
 .text.I2C_BusFreqSet
                0x0000129c       0x8c build/efm32_i2c.o
                0x0000129c                I2C_BusFreqSet
 .text.I2C_Init
                0x00001328       0x5c build/efm32_i2c.o
                0x00001328                I2C_Init
 .text.DMA_IRQHandler
                0x00001384       0xf0 build/efm32_dma.o
                0x00001384                DMA_IRQHandler
 .text.TIMER_Init
                0x00001474       0xf4 build/efm32_timer.o
                0x00001474                TIMER_Init
 .text.TIMER_InitCC
                0x00001568       0xac build/efm32_timer.o
                0x00001568                TIMER_InitCC
 .text.RTC_Init
                0x00001614       0x4c build/efm32_rtc.o
                0x00001614                RTC_Init
 .text.RTC_Reset
                0x00001660       0x58 build/efm32_rtc.o
                0x00001660                RTC_Reset
 .text.NRF_Delay
                0x000016b8       0x24 build/NRF24.o
                0x000016b8                NRF_Delay
 .text.NRF_ReadByte
                0x000016dc       0xc4 build/NRF24.o
                0x000016dc                NRF_ReadByte
 .text.NRF_ReadRegister
                0x000017a0       0x1c build/NRF24.o
                0x000017a0                NRF_ReadRegister
 .text.NRF_WriteRegister
                0x000017bc       0x2c build/NRF24.o
                0x000017bc                NRF_WriteRegister
 .text.NRF_WriteRegisterMulti
                0x000017e8       0x30 build/NRF24.o
                0x000017e8                NRF_WriteRegisterMulti
 .text.NRF_SendPayload
                0x00001818       0xdc build/NRF24.o
                0x00001818                NRF_SendPayload
 .text.NRF_ReceivePayload
                0x000018f4       0xa0 build/NRF24.o
                0x000018f4                NRF_ReceivePayload
 .text.NRF_SendCommand
                0x00001994       0x94 build/NRF24.o
                0x00001994                NRF_SendCommand
 .text.NRF_SetupTX
                0x00001a28       0xf0 build/NRF24.o
                0x00001a28                NRF_SetupTX
 .text.NRF_EnableRX
                0x00001b18       0x7c build/NRF24.o
                0x00001b18                NRF_EnableRX
 .text.NRF_TransmitPacket
                0x00001b94       0x3c build/NRF24.o
                0x00001b94                NRF_TransmitPacket
 .text.INT_Disable
                0x00001bd0       0x38 build/radio.o
 .text.INT_Enable
                0x00001c08       0x4c build/radio.o
 .text.receiveModeEnable
                0x00001c54       0x3c build/radio.o
                0x00001c54                receiveModeEnable
 .text.sendModeEnable
                0x00001c90       0x10 build/radio.o
                0x00001c90                sendModeEnable
 .text.radio_handleInterrupt
                0x00001ca0       0x40 build/radio.o
                0x00001ca0                radio_handleInterrupt
 .text.radio_setup
                0x00001ce0       0x34 build/radio.o
                0x00001ce0                radio_setup
 .text.radio_sendPacket
                0x00001d14       0x3c build/radio.o
                0x00001d14                radio_sendPacket
 .text.radio_receivePacket
                0x00001d50      0x178 build/radio.o
                0x00001d50                radio_receivePacket
 .text._close   0x00001ec8       0x10 build/syscalls.o
                0x00001ec8                _close
 .text._fstat   0x00001ed8       0x18 build/syscalls.o
                0x00001ed8                _fstat
 .text._isatty  0x00001ef0       0x10 build/syscalls.o
                0x00001ef0                _isatty
 .text._lseek   0x00001f00       0x14 build/syscalls.o
                0x00001f00                _lseek
 .text._read    0x00001f14       0x8c build/syscalls.o
                0x00001f14                _read
 .text._sbrk    0x00001fa0       0x70 build/syscalls.o
                0x00001fa0                _sbrk
 .text._write   0x00002010       0x54 build/syscalls.o
                0x00002010                _write
 .text.NVIC_EnableIRQ
                0x00002064       0x28 build/config.o
 .text.NVIC_ClearPendingIRQ
                0x0000208c       0x2c build/config.o
 .text.TIMER_CompareBufSet
                0x000020b8       0x20 build/config.o
 .text.TIMER_IntClear
                0x000020d8       0x10 build/config.o
 .text.TIMER_IntEnable
                0x000020e8       0x18 build/config.o
 .text.TIMER_TopSet
                0x00002100       0x10 build/config.o
 .text.uart_init
                0x00002110       0x4c build/config.o
                0x00002110                uart_init
 .text.InitRGBLEDPWM
                0x0000215c      0x138 build/config.o
                0x0000215c                InitRGBLEDPWM
 .text.IO_Init  0x00002294      0x4ac build/config.o
                0x00002294                IO_Init
 .text.SystemCoreClockUpdate
                0x00002740        0x8 build/main.o
 .text.CHIP_Init
                0x00002748        0x4 build/main.o
 .text.TIMER_IntClear
                0x0000274c       0x10 build/main.o
 .text.GPIO_EVEN_IRQHandler
                0x0000275c        0x8 build/main.o
                0x0000275c                GPIO_EVEN_IRQHandler
 .text.GPIO_ODD_IRQHandler
                0x00002764        0x4 build/main.o
                0x00002764                GPIO_ODD_IRQHandler
 .text.LETIMER0_IRQHandler
                0x00002768        0x4 build/main.o
                0x00002768                LETIMER0_IRQHandler
 .text.TIMER0_IRQHandler
                0x0000276c       0x14 build/main.o
                0x0000276c                TIMER0_IRQHandler
 .text.init_config
                0x00002780       0x50 build/main.o
                0x00002780                init_config
 .text.main     0x000027d0      0x124 build/main.o
                0x000027d0                main
 .text          0x000028f4       0x8c /home/martinmarinov/CodeSourcery/Sourcery_CodeBench_Lite_for_ARM_EABI/bin/../lib/gcc/arm-none-eabi/4.6.3/../../../../arm-none-eabi/lib/thumb2/libc.a(lib_a-memset.o)
                0x000028f4                memset
 .text          0x00002980       0x64 /home/martinmarinov/CodeSourcery/Sourcery_CodeBench_Lite_for_ARM_EABI/bin/../lib/gcc/arm-none-eabi/4.6.3/../../../../arm-none-eabi/lib/thumb2/libc.a(lib_a-printf.o)
                0x00002980                _printf_r
                0x000029ac                printf
 .text          0x000029e4       0x84 /home/martinmarinov/CodeSourcery/Sourcery_CodeBench_Lite_for_ARM_EABI/bin/../lib/gcc/arm-none-eabi/4.6.3/../../../../arm-none-eabi/lib/thumb2/libc.a(lib_a-puts.o)
                0x000029e4                _puts_r
                0x00002a58                puts
 .text          0x00002a68      0x1dc /home/martinmarinov/CodeSourcery/Sourcery_CodeBench_Lite_for_ARM_EABI/bin/../lib/gcc/arm-none-eabi/4.6.3/../../../../arm-none-eabi/lib/thumb2/libc.a(lib_a-strcmp.o)
                0x00002a68                strcmp
 .text          0x00002c44       0x60 /home/martinmarinov/CodeSourcery/Sourcery_CodeBench_Lite_for_ARM_EABI/bin/../lib/gcc/arm-none-eabi/4.6.3/../../../../arm-none-eabi/lib/thumb2/libc.a(lib_a-strlen.o)
                0x00002c44                strlen
 .text          0x00002ca4     0x1834 /home/martinmarinov/CodeSourcery/Sourcery_CodeBench_Lite_for_ARM_EABI/bin/../lib/gcc/arm-none-eabi/4.6.3/../../../../arm-none-eabi/lib/thumb2/libc.a(lib_a-vfprintf.o)
                0x00002ca4                _vfprintf_r
                0x000044bc                vfprintf
 .text          0x000044d8       0xf8 /home/martinmarinov/CodeSourcery/Sourcery_CodeBench_Lite_for_ARM_EABI/bin/../lib/gcc/arm-none-eabi/4.6.3/../../../../arm-none-eabi/lib/thumb2/libc.a(lib_a-wsetup.o)
                0x000044d8                __swsetup_r
 .text          0x000045d0     0x1030 /home/martinmarinov/CodeSourcery/Sourcery_CodeBench_Lite_for_ARM_EABI/bin/../lib/gcc/arm-none-eabi/4.6.3/../../../../arm-none-eabi/lib/thumb2/libc.a(lib_a-dtoa.o)
                0x00004718                _dtoa_r
 .text          0x00005600      0x1e0 /home/martinmarinov/CodeSourcery/Sourcery_CodeBench_Lite_for_ARM_EABI/bin/../lib/gcc/arm-none-eabi/4.6.3/../../../../arm-none-eabi/lib/thumb2/libc.a(lib_a-fflush.o)
                0x00005600                _fflush_r
                0x000057b8                fflush
 .text          0x000057e0      0x1d8 /home/martinmarinov/CodeSourcery/Sourcery_CodeBench_Lite_for_ARM_EABI/bin/../lib/gcc/arm-none-eabi/4.6.3/../../../../arm-none-eabi/lib/thumb2/libc.a(lib_a-findfp.o)
                0x000057e8                _cleanup_r
                0x00005844                __sfmoreglue
                0x00005874                _cleanup
                0x00005884                __sinit
                0x000058e0                __sfp
                0x00005978                __sfp_lock_acquire
                0x0000597c                __sfp_lock_release
                0x00005980                __sinit_lock_acquire
                0x00005984                __sinit_lock_release
                0x00005988                __fp_lock_all
                0x000059a0                __fp_unlock_all
 .text          0x000059b8      0x234 /home/martinmarinov/CodeSourcery/Sourcery_CodeBench_Lite_for_ARM_EABI/bin/../lib/gcc/arm-none-eabi/4.6.3/../../../../arm-none-eabi/lib/thumb2/libc.a(lib_a-freer.o)
                0x000059b8                _malloc_trim_r
                0x00005a5c                _free_r
 .text          0x00005bec      0x32c /home/martinmarinov/CodeSourcery/Sourcery_CodeBench_Lite_for_ARM_EABI/bin/../lib/gcc/arm-none-eabi/4.6.3/../../../../arm-none-eabi/lib/thumb2/libc.a(lib_a-fvwrite.o)
                0x00005bec                __sfvwrite_r
 .text          0x00005f18       0xa0 /home/martinmarinov/CodeSourcery/Sourcery_CodeBench_Lite_for_ARM_EABI/bin/../lib/gcc/arm-none-eabi/4.6.3/../../../../arm-none-eabi/lib/thumb2/libc.a(lib_a-fwalk.o)
                0x00005f18                _fwalk
                0x00005f64                _fwalk_reent
 .text          0x00005fb8       0xa4 /home/martinmarinov/CodeSourcery/Sourcery_CodeBench_Lite_for_ARM_EABI/bin/../lib/gcc/arm-none-eabi/4.6.3/../../../../arm-none-eabi/lib/thumb2/libc.a(lib_a-locale.o)
                0x00005fb8                _setlocale_r
                0x00006014                __locale_charset
                0x00006020                __locale_mb_cur_max
                0x0000602c                __locale_msgcharset
                0x00006034                __locale_cjk_lang
                0x00006038                _localeconv_r
                0x00006040                setlocale
                0x00006054                localeconv
 .text          0x0000605c       0xe8 /home/martinmarinov/CodeSourcery/Sourcery_CodeBench_Lite_for_ARM_EABI/bin/../lib/gcc/arm-none-eabi/4.6.3/../../../../arm-none-eabi/lib/thumb2/libc.a(lib_a-makebuf.o)
                0x0000605c                __smakebuf_r
 .text          0x00006144       0x20 /home/martinmarinov/CodeSourcery/Sourcery_CodeBench_Lite_for_ARM_EABI/bin/../lib/gcc/arm-none-eabi/4.6.3/../../../../arm-none-eabi/lib/thumb2/libc.a(lib_a-malloc.o)
                0x00006144                malloc
                0x00006154                free
 .text          0x00006164      0x580 /home/martinmarinov/CodeSourcery/Sourcery_CodeBench_Lite_for_ARM_EABI/bin/../lib/gcc/arm-none-eabi/4.6.3/../../../../arm-none-eabi/lib/thumb2/libc.a(lib_a-mallocr.o)
                0x00006164                _malloc_r
 .text          0x000066e4       0x88 /home/martinmarinov/CodeSourcery/Sourcery_CodeBench_Lite_for_ARM_EABI/bin/../lib/gcc/arm-none-eabi/4.6.3/../../../../arm-none-eabi/lib/thumb2/libc.a(lib_a-memchr.o)
                0x000066e4                memchr
 .text          0x0000676c       0xf0 /home/martinmarinov/CodeSourcery/Sourcery_CodeBench_Lite_for_ARM_EABI/bin/../lib/gcc/arm-none-eabi/4.6.3/../../../../arm-none-eabi/lib/thumb2/libc.a(lib_a-memcpy.o)
                0x0000676c                memcpy
 .text          0x0000685c       0xbc /home/martinmarinov/CodeSourcery/Sourcery_CodeBench_Lite_for_ARM_EABI/bin/../lib/gcc/arm-none-eabi/4.6.3/../../../../arm-none-eabi/lib/thumb2/libc.a(lib_a-memmove.o)
                0x0000685c                memmove
 .text          0x00006918        0x8 /home/martinmarinov/CodeSourcery/Sourcery_CodeBench_Lite_for_ARM_EABI/bin/../lib/gcc/arm-none-eabi/4.6.3/../../../../arm-none-eabi/lib/thumb2/libc.a(lib_a-mlock.o)
                0x00006918                __malloc_lock
                0x0000691c                __malloc_unlock
 .text          0x00006920      0x910 /home/martinmarinov/CodeSourcery/Sourcery_CodeBench_Lite_for_ARM_EABI/bin/../lib/gcc/arm-none-eabi/4.6.3/../../../../arm-none-eabi/lib/thumb2/libc.a(lib_a-mprec.o)
                0x00006920                _Balloc
                0x0000698c                _Bfree
                0x000069c4                __multadd
                0x00006a48                __s2b
                0x00006adc                __hi0bits
                0x00006b18                __lo0bits
                0x00006b74                __i2b
                0x00006b88                __multiply
                0x00006cc4                __pow5mult
                0x00006d64                __lshift
                0x00006e20                __mcmp
                0x00006e60                __mdiff
                0x00006f40                __ulp
                0x00006f84                __b2d
                0x00007034                __d2b
                0x00007100                __ratio
                0x00007154                _mprec_log10
                0x00007188                __copybits
                0x000071d0                __any_on
 .text          0x00007230      0x3d8 /home/martinmarinov/CodeSourcery/Sourcery_CodeBench_Lite_for_ARM_EABI/bin/../lib/gcc/arm-none-eabi/4.6.3/../../../../arm-none-eabi/lib/thumb2/libc.a(lib_a-reallocr.o)
                0x00007230                _realloc_r
 .text          0x00007608       0x94 /home/martinmarinov/CodeSourcery/Sourcery_CodeBench_Lite_for_ARM_EABI/bin/../lib/gcc/arm-none-eabi/4.6.3/../../../../arm-none-eabi/lib/thumb2/libc.a(lib_a-s_fpclassify.o)
                0x00007608                __fpclassifyd
 .text          0x0000769c       0x28 /home/martinmarinov/CodeSourcery/Sourcery_CodeBench_Lite_for_ARM_EABI/bin/../lib/gcc/arm-none-eabi/4.6.3/../../../../arm-none-eabi/lib/thumb2/libc.a(lib_a-sbrkr.o)
                0x0000769c                _sbrk_r
 .text          0x000076c4       0x8c /home/martinmarinov/CodeSourcery/Sourcery_CodeBench_Lite_for_ARM_EABI/bin/../lib/gcc/arm-none-eabi/4.6.3/../../../../arm-none-eabi/lib/thumb2/libc.a(lib_a-stdio.o)
                0x000076c4                __sread
                0x000076e8                __seofread
                0x000076ec                __swrite
                0x00007724                __sseek
                0x00007748                __sclose
 .text          0x00007750      0xd14 /home/martinmarinov/CodeSourcery/Sourcery_CodeBench_Lite_for_ARM_EABI/bin/../lib/gcc/arm-none-eabi/4.6.3/../../../../arm-none-eabi/lib/thumb2/libc.a(lib_a-vfiprintf.o)
                0x00007750                __sprint_r
                0x000077d0                _vfiprintf_r
                0x00008448                vfiprintf
 .text          0x00008464       0x2c /home/martinmarinov/CodeSourcery/Sourcery_CodeBench_Lite_for_ARM_EABI/bin/../lib/gcc/arm-none-eabi/4.6.3/../../../../arm-none-eabi/lib/thumb2/libc.a(lib_a-writer.o)
                0x00008464                _write_r
 .text          0x00008490       0x60 /home/martinmarinov/CodeSourcery/Sourcery_CodeBench_Lite_for_ARM_EABI/bin/../lib/gcc/arm-none-eabi/4.6.3/../../../../arm-none-eabi/lib/thumb2/libc.a(lib_a-callocr.o)
                0x00008490                _calloc_r
 .text          0x000084f0       0x28 /home/martinmarinov/CodeSourcery/Sourcery_CodeBench_Lite_for_ARM_EABI/bin/../lib/gcc/arm-none-eabi/4.6.3/../../../../arm-none-eabi/lib/thumb2/libc.a(lib_a-closer.o)
                0x000084f0                _close_r
 .text          0x00008518       0xc4 /home/martinmarinov/CodeSourcery/Sourcery_CodeBench_Lite_for_ARM_EABI/bin/../lib/gcc/arm-none-eabi/4.6.3/../../../../arm-none-eabi/lib/thumb2/libc.a(lib_a-fclose.o)
                0x00008518                _fclose_r
                0x000085cc                fclose
 .text          0x000085dc      0x13c /home/martinmarinov/CodeSourcery/Sourcery_CodeBench_Lite_for_ARM_EABI/bin/../lib/gcc/arm-none-eabi/4.6.3/../../../../arm-none-eabi/lib/thumb2/libc.a(lib_a-fputwc.o)
                0x000085dc                _fputwc_r
                0x000086c0                fputwc
 .text          0x00008718       0x28 /home/martinmarinov/CodeSourcery/Sourcery_CodeBench_Lite_for_ARM_EABI/bin/../lib/gcc/arm-none-eabi/4.6.3/../../../../arm-none-eabi/lib/thumb2/libc.a(lib_a-fstatr.o)
                0x00008718                _fstat_r
 .text          0x00008740       0x28 /home/martinmarinov/CodeSourcery/Sourcery_CodeBench_Lite_for_ARM_EABI/bin/../lib/gcc/arm-none-eabi/4.6.3/../../../../arm-none-eabi/lib/thumb2/libc.a(lib_a-isattyr.o)
                0x00008740                _isatty_r
 .text          0x00008768       0x2c /home/martinmarinov/CodeSourcery/Sourcery_CodeBench_Lite_for_ARM_EABI/bin/../lib/gcc/arm-none-eabi/4.6.3/../../../../arm-none-eabi/lib/thumb2/libc.a(lib_a-lseekr.o)
                0x00008768                _lseek_r
 .text          0x00008794       0x2c /home/martinmarinov/CodeSourcery/Sourcery_CodeBench_Lite_for_ARM_EABI/bin/../lib/gcc/arm-none-eabi/4.6.3/../../../../arm-none-eabi/lib/thumb2/libc.a(lib_a-readr.o)
                0x00008794                _read_r
 .text          0x000087c0       0xfc /home/martinmarinov/CodeSourcery/Sourcery_CodeBench_Lite_for_ARM_EABI/bin/../lib/gcc/arm-none-eabi/4.6.3/../../../../arm-none-eabi/lib/thumb2/libc.a(lib_a-wbuf.o)
                0x000087c0                __swbuf_r
                0x000088a8                __swbuf
 .text          0x000088bc       0xb0 /home/martinmarinov/CodeSourcery/Sourcery_CodeBench_Lite_for_ARM_EABI/bin/../lib/gcc/arm-none-eabi/4.6.3/../../../../arm-none-eabi/lib/thumb2/libc.a(lib_a-wcrtomb.o)
                0x000088bc                _wcrtomb_r
                0x0000890c                wcrtomb
 .text          0x0000896c       0x4c /home/martinmarinov/CodeSourcery/Sourcery_CodeBench_Lite_for_ARM_EABI/bin/../lib/gcc/arm-none-eabi/4.6.3/../../../../arm-none-eabi/lib/thumb2/libc.a(lib_a-wctomb_r.o)
                0x0000896c                __ascii_wctomb
                0x00008988                _wctomb_r
 .text          0x000089b8       0x30 /home/martinmarinov/CodeSourcery/Sourcery_CodeBench_Lite_for_ARM_EABI/bin/../lib/gcc/arm-none-eabi/4.6.3/../../../../arm-none-eabi/lib/thumb2/libcs3.a(start_c.o)
                0x000089b8                __cs3_premain
 .text          0x000089e8      0x278 /home/martinmarinov/CodeSourcery/Sourcery_CodeBench_Lite_for_ARM_EABI/bin/../lib/gcc/arm-none-eabi/4.6.3/thumb2/libgcc.a(_udivsi3.o)
                0x000089e8                __udivsi3
                0x000089e8                __aeabi_uidiv
                0x00008c44                __aeabi_uidivmod
 .text          0x00008c60        0x4 /home/martinmarinov/CodeSourcery/Sourcery_CodeBench_Lite_for_ARM_EABI/bin/../lib/gcc/arm-none-eabi/4.6.3/thumb2/libgcc.a(_dvmd_tls.o)
                0x00008c60                __aeabi_ldiv0
                0x00008c60                __aeabi_idiv0
 .text          0x00008c64      0x370 /home/martinmarinov/CodeSourcery/Sourcery_CodeBench_Lite_for_ARM_EABI/bin/../lib/gcc/arm-none-eabi/4.6.3/thumb2/libgcc.a(_arm_addsubdf3.o)
                0x00008c64                __aeabi_drsub
                0x00008c6c                __aeabi_dsub
                0x00008c6c                __subdf3
                0x00008c70                __adddf3
                0x00008c70                __aeabi_dadd
                0x00008ee8                __aeabi_ui2d
                0x00008ee8                __floatunsidf
                0x00008f08                __floatsidf
                0x00008f08                __aeabi_i2d
                0x00008f2c                __extendsfdf2
                0x00008f2c                __aeabi_f2d
                0x00008f68                __aeabi_ul2d
                0x00008f68                __floatundidf
                0x00008f78                __floatdidf
                0x00008f78                __aeabi_l2d
 .text          0x00008fd4      0x424 /home/martinmarinov/CodeSourcery/Sourcery_CodeBench_Lite_for_ARM_EABI/bin/../lib/gcc/arm-none-eabi/4.6.3/thumb2/libgcc.a(_arm_muldivdf3.o)
                0x00008fd4                __aeabi_dmul
                0x00008fd4                __muldf3
                0x00009228                __aeabi_ddiv
                0x00009228                __divdf3
 .text          0x000093f8      0x110 /home/martinmarinov/CodeSourcery/Sourcery_CodeBench_Lite_for_ARM_EABI/bin/../lib/gcc/arm-none-eabi/4.6.3/thumb2/libgcc.a(_arm_cmpdf2.o)
                0x000093f8                __gtdf2
                0x000093f8                __gedf2
                0x00009400                __ltdf2
                0x00009400                __ledf2
                0x00009408                __cmpdf2
                0x00009408                __eqdf2
                0x00009408                __nedf2
                0x00009484                __aeabi_cdrcmple
                0x00009494                __aeabi_cdcmple
                0x00009494                __aeabi_cdcmpeq
                0x000094a4                __aeabi_dcmpeq
                0x000094b8                __aeabi_dcmplt
                0x000094cc                __aeabi_dcmple
                0x000094e0                __aeabi_dcmpge
                0x000094f4                __aeabi_dcmpgt
 .text          0x00009508       0x50 /home/martinmarinov/CodeSourcery/Sourcery_CodeBench_Lite_for_ARM_EABI/bin/../lib/gcc/arm-none-eabi/4.6.3/thumb2/libgcc.a(_arm_fixdfsi.o)
                0x00009508                __fixdfsi
                0x00009508                __aeabi_d2iz
 .text          0x00009558       0x2c /home/martinmarinov/CodeSourcery/Sourcery_CodeBench_Lite_for_ARM_EABI/bin/../lib/gcc/arm-none-eabi/4.6.3/thumb2/libgcc.a(_aeabi_uldivmod.o)
                0x00009558                __aeabi_uldivmod
 .text          0x00009584       0x5c /home/martinmarinov/CodeSourcery/Sourcery_CodeBench_Lite_for_ARM_EABI/bin/../lib/gcc/arm-none-eabi/4.6.3/thumb2/libgcc.a(bpabi.o)
                0x00009584                __gnu_ldivmod_helper
                0x000095b4                __gnu_uldivmod_helper
 .text          0x000095e0      0x364 /home/martinmarinov/CodeSourcery/Sourcery_CodeBench_Lite_for_ARM_EABI/bin/../lib/gcc/arm-none-eabi/4.6.3/thumb2/libgcc.a(_divdi3.o)
                0x000095e0                __divdi3
 .text          0x00009944      0x33c /home/martinmarinov/CodeSourcery/Sourcery_CodeBench_Lite_for_ARM_EABI/bin/../lib/gcc/arm-none-eabi/4.6.3/thumb2/libgcc.a(_udivdi3.o)
                0x00009944                __udivdi3
 .text          0x00009c80       0x50 /home/martinmarinov/CodeSourcery/Sourcery_CodeBench_Lite_for_ARM_EABI/bin/../lib/gcc/arm-none-eabi/4.6.3/../../../../arm-none-eabi/lib/thumb2/libc.a(lib_a-init.o)
                0x00009c80                __libc_init_array
 *(.plt)
 *(.gnu.warning)
 *(.glue_7t)
 .glue_7t       0x00000000        0x0 linker stubs
 *(.glue_7)
 .glue_7        0x00000000        0x0 linker stubs
 *(.vfp11_veneer)
 .vfp11_veneer  0x00000000        0x0 linker stubs
 *(.ARM.extab* .gnu.linkonce.armextab.*)
 *(.gcc_except_table)

.v4_bx          0x00009cd0        0x0
 .v4_bx         0x00000000        0x0 linker stubs

.iplt           0x00009cd0        0x0
 .iplt          0x00000000        0x0 /home/martinmarinov/CodeSourcery/Sourcery_CodeBench_Lite_for_ARM_EABI/bin/../lib/gcc/arm-none-eabi/4.6.3/thumb2/crtbegin.o

.eh_frame_hdr
 *(.eh_frame_hdr)

.eh_frame       0x00009cd0        0x4
 *(.eh_frame)
 .eh_frame      0x00009cd0        0x0 /home/martinmarinov/CodeSourcery/Sourcery_CodeBench_Lite_for_ARM_EABI/bin/../lib/gcc/arm-none-eabi/4.6.3/thumb2/crtbegin.o
 .eh_frame      0x00009cd0        0x4 /home/martinmarinov/CodeSourcery/Sourcery_CodeBench_Lite_for_ARM_EABI/bin/../lib/gcc/arm-none-eabi/4.6.3/thumb2/crtend.o
                0x00009cd4                PROVIDE (__exidx_start, .)

.ARM.exidx      0x00009cd4        0x8
 *(.ARM.exidx* .gnu.linkonce.armexidx.*)
 .ARM.exidx     0x00009cd4        0x8 /home/martinmarinov/CodeSourcery/Sourcery_CodeBench_Lite_for_ARM_EABI/bin/../lib/gcc/arm-none-eabi/4.6.3/thumb2/libgcc.a(_divdi3.o)
 .ARM.exidx     0x00009cdc        0x0 /home/martinmarinov/CodeSourcery/Sourcery_CodeBench_Lite_for_ARM_EABI/bin/../lib/gcc/arm-none-eabi/4.6.3/thumb2/libgcc.a(_udivdi3.o)
                                  0x8 (size before relaxing)
                0x00009cdc                PROVIDE (__exidx_end, .)

.rel.dyn        0x00009cdc        0x0
 .rel.iplt      0x00000000        0x0 /home/martinmarinov/CodeSourcery/Sourcery_CodeBench_Lite_for_ARM_EABI/bin/../lib/gcc/arm-none-eabi/4.6.3/thumb2/crtbegin.o

.rodata         0x00009ce0      0x358
 *(.rodata .rodata.* .gnu.linkonce.r.*)
 .rodata.i2cNSum
                0x00009ce0        0x4 build/efm32_i2c.o
 .rodata        0x00009ce4       0x44 build/radio.o
 .rodata        0x00009d28       0x58 build/config.o
 .rodata.refclk.6250
                0x00009d80        0x4 build/config.o
 .rodata.ovs.6249
                0x00009d84        0x4 build/config.o
 .rodata.baud.6248
                0x00009d88        0x4 build/config.o
 .rodata        0x00009d8c       0x40 build/main.o
 .rodata.str1.4
                0x00009dcc        0x2 /home/martinmarinov/CodeSourcery/Sourcery_CodeBench_Lite_for_ARM_EABI/bin/../lib/gcc/arm-none-eabi/4.6.3/../../../../arm-none-eabi/lib/thumb2/libc.a(lib_a-puts.o)
                                  0x4 (size before relaxing)
 *fill*         0x00009dce        0x2 00
 .rodata        0x00009dd0       0x20 /home/martinmarinov/CodeSourcery/Sourcery_CodeBench_Lite_for_ARM_EABI/bin/../lib/gcc/arm-none-eabi/4.6.3/../../../../arm-none-eabi/lib/thumb2/libc.a(lib_a-vfprintf.o)
 .rodata.str1.4
                0x00009df0       0x42 /home/martinmarinov/CodeSourcery/Sourcery_CodeBench_Lite_for_ARM_EABI/bin/../lib/gcc/arm-none-eabi/4.6.3/../../../../arm-none-eabi/lib/thumb2/libc.a(lib_a-vfprintf.o)
                                 0x44 (size before relaxing)
 *fill*         0x00009e32        0x2 00
 .rodata.str1.4
                0x00009e34       0x10 /home/martinmarinov/CodeSourcery/Sourcery_CodeBench_Lite_for_ARM_EABI/bin/../lib/gcc/arm-none-eabi/4.6.3/../../../../arm-none-eabi/lib/thumb2/libc.a(lib_a-dtoa.o)
                                 0x14 (size before relaxing)
 .rodata        0x00009e44       0x60 /home/martinmarinov/CodeSourcery/Sourcery_CodeBench_Lite_for_ARM_EABI/bin/../lib/gcc/arm-none-eabi/4.6.3/../../../../arm-none-eabi/lib/thumb2/libc.a(lib_a-findfp.o)
                0x00009e44                __sf_fake_stderr
                0x00009e64                __sf_fake_stdout
                0x00009e84                __sf_fake_stdin
 .rodata        0x00009ea4        0x4 /home/martinmarinov/CodeSourcery/Sourcery_CodeBench_Lite_for_ARM_EABI/bin/../lib/gcc/arm-none-eabi/4.6.3/../../../../arm-none-eabi/lib/thumb2/libc.a(lib_a-impure.o)
                0x00009ea4                _global_impure_ptr
 .rodata.str1.4
                0x00009ea8        0x2 /home/martinmarinov/CodeSourcery/Sourcery_CodeBench_Lite_for_ARM_EABI/bin/../lib/gcc/arm-none-eabi/4.6.3/../../../../arm-none-eabi/lib/thumb2/libc.a(lib_a-impure.o)
                                  0x4 (size before relaxing)
 *fill*         0x00009eaa        0x2 00
 .rodata.str1.4
                0x00009eac        0xc /home/martinmarinov/CodeSourcery/Sourcery_CodeBench_Lite_for_ARM_EABI/bin/../lib/gcc/arm-none-eabi/4.6.3/../../../../arm-none-eabi/lib/thumb2/libc.a(lib_a-locale.o)
                                 0x14 (size before relaxing)
 .rodata        0x00009eb8      0x128 /home/martinmarinov/CodeSourcery/Sourcery_CodeBench_Lite_for_ARM_EABI/bin/../lib/gcc/arm-none-eabi/4.6.3/../../../../arm-none-eabi/lib/thumb2/libc.a(lib_a-mprec.o)
                0x00009ec8                __mprec_tens
                0x00009f90                __mprec_tinytens
                0x00009fb8                __mprec_bigtens
 .rodata        0x00009fe0       0x20 /home/martinmarinov/CodeSourcery/Sourcery_CodeBench_Lite_for_ARM_EABI/bin/../lib/gcc/arm-none-eabi/4.6.3/../../../../arm-none-eabi/lib/thumb2/libc.a(lib_a-vfiprintf.o)
 .rodata.str1.4
                0x00000000       0x30 /home/martinmarinov/CodeSourcery/Sourcery_CodeBench_Lite_for_ARM_EABI/bin/../lib/gcc/arm-none-eabi/4.6.3/../../../../arm-none-eabi/lib/thumb2/libc.a(lib_a-vfiprintf.o)
                0x0000a000                . = ALIGN (0x4)
 *(.init)
 .init          0x0000a000        0x4 /home/martinmarinov/CodeSourcery/Sourcery_CodeBench_Lite_for_ARM_EABI/bin/../lib/gcc/arm-none-eabi/4.6.3/thumb2/crti.o
                0x0000a000                _init
 .init          0x0000a004        0x8 /home/martinmarinov/CodeSourcery/Sourcery_CodeBench_Lite_for_ARM_EABI/bin/../lib/gcc/arm-none-eabi/4.6.3/thumb2/crtn.o
                0x0000a00c                . = ALIGN (0x4)
                0x0000a00c                __preinit_array_start = .
 *(.preinit_array)
                0x0000a00c                __preinit_array_end = .
                0x0000a00c                . = ALIGN (0x4)
                0x0000a00c                __init_array_start = .
 *(SORT(.init_array.*))
 *(.init_array)
 .init_array    0x0000a00c        0x4 /home/martinmarinov/CodeSourcery/Sourcery_CodeBench_Lite_for_ARM_EABI/bin/../lib/gcc/arm-none-eabi/4.6.3/thumb2/crtbegin.o
                0x0000a010                __init_array_end = .
                0x0000a010                . = ALIGN (0x4)
 *(.fini)
 .fini          0x0000a010        0x4 /home/martinmarinov/CodeSourcery/Sourcery_CodeBench_Lite_for_ARM_EABI/bin/../lib/gcc/arm-none-eabi/4.6.3/thumb2/crti.o
                0x0000a010                _fini
 .fini          0x0000a014        0x8 /home/martinmarinov/CodeSourcery/Sourcery_CodeBench_Lite_for_ARM_EABI/bin/../lib/gcc/arm-none-eabi/4.6.3/thumb2/crtn.o
                0x0000a01c                . = ALIGN (0x4)
                0x0000a01c                __fini_array_start = .
 *(.fini_array)
 .fini_array    0x0000a01c        0x4 /home/martinmarinov/CodeSourcery/Sourcery_CodeBench_Lite_for_ARM_EABI/bin/../lib/gcc/arm-none-eabi/4.6.3/thumb2/crtbegin.o
 *(SORT(.fini_array.*))
                0x0000a020                __fini_array_end = .
                0x0000a020                . = ALIGN (0x4)
 *crtbegin.o(.ctors)
 *(EXCLUDE_FILE(*crtend.o) .ctors)
 *(SORT(.ctors.*))
 *crtend.o(.ctors)
                0x0000a020                . = ALIGN (0x4)
 *crtbegin.o(.dtors)
 *(EXCLUDE_FILE(*crtend.o) .dtors)
 *(SORT(.dtors.*))
 *crtend.o(.dtors)
                0x0000a020                . = ALIGN (0x4)
                0x0000a020                __cs3_regions = .
                0x0000a020        0x4 LONG 0x0
                0x0000a024        0x4 LONG 0xa038 __cs3_region_init_ram
                0x0000a028        0x4 LONG 0x20000000 __cs3_region_start_ram
                0x0000a02c        0x4 LONG 0x590 __cs3_region_init_size_ram
                0x0000a030        0x4 LONG 0x68 __cs3_region_zero_size_ram
                0x0000a034                __cs3_regions_end = .
                0x0000a038                . = ALIGN (0x8)
 *fill*         0x0000a034        0x4 00
 *(.rom)
 *(.rom.b .bss.rom)
                0x0000a038                _etext = .
                0x00100000                __cs3_region_end_rom = (__cs3_region_start_rom + 0x100000)
                0x00100000                __cs3_region_size_rom = 0x100000

.data           0x20000000      0x590 load address 0x0000a038
                0x20000000                __cs3_region_start_ram = .
 *(.cs3.region-head.ram)
 *(.jcr)
 .jcr           0x20000000        0x0 /home/martinmarinov/CodeSourcery/Sourcery_CodeBench_Lite_for_ARM_EABI/bin/../lib/gcc/arm-none-eabi/4.6.3/thumb2/crtbegin.o
 .jcr           0x20000000        0x4 /home/martinmarinov/CodeSourcery/Sourcery_CodeBench_Lite_for_ARM_EABI/bin/../lib/gcc/arm-none-eabi/4.6.3/thumb2/crtend.o
 *(.got.plt)
 *(.got)
 *(.shdata)
 *(.data .data.* .gnu.linkonce.d.*)
 .data.SystemHFXOClock
                0x20000004        0x4 build/system_efm32.o
 .data.SystemLFXOClock
                0x20000008        0x4 build/system_efm32.o
 .data          0x2000000c       0xf4 /home/martinmarinov/CodeSourcery/Sourcery_CodeBench_Lite_for_ARM_EABI/bin/../lib/gcc/arm-none-eabi/4.6.3/../../../../arm-none-eabi/lib/thumb2/libc.a(lib_a-impure.o)
                0x2000000c                _impure_ptr
 .data          0x20000100       0x7c /home/martinmarinov/CodeSourcery/Sourcery_CodeBench_Lite_for_ARM_EABI/bin/../lib/gcc/arm-none-eabi/4.6.3/../../../../arm-none-eabi/lib/thumb2/libc.a(lib_a-locale.o)
                0x20000120                __mb_cur_max
 .data          0x2000017c      0x410 /home/martinmarinov/CodeSourcery/Sourcery_CodeBench_Lite_for_ARM_EABI/bin/../lib/gcc/arm-none-eabi/4.6.3/../../../../arm-none-eabi/lib/thumb2/libc.a(lib_a-mallocr.o)
                0x2000017c                __malloc_av_
                0x20000584                __malloc_sbrk_base
                0x20000588                __malloc_trim_threshold
 .data          0x2000058c        0x4 /home/martinmarinov/CodeSourcery/Sourcery_CodeBench_Lite_for_ARM_EABI/bin/../lib/gcc/arm-none-eabi/4.6.3/../../../../arm-none-eabi/lib/thumb2/libc.a(lib_a-wctomb_r.o)
                0x2000058c                __wctomb
 *(.ram)
                0x20000590                . = ALIGN (0x8)
                0x20000590                _edata = .

.igot.plt       0x20000590        0x0 load address 0x0000a5c8
 .igot.plt      0x00000000        0x0 /home/martinmarinov/CodeSourcery/Sourcery_CodeBench_Lite_for_ARM_EABI/bin/../lib/gcc/arm-none-eabi/4.6.3/thumb2/crtbegin.o

.bss            0x20000590       0x68 load address 0x0000a5c8
 *(.shbss)
 *(.bss .bss.* .gnu.linkonce.b.*)
 .bss           0x20000590       0x1c /home/martinmarinov/CodeSourcery/Sourcery_CodeBench_Lite_for_ARM_EABI/bin/../lib/gcc/arm-none-eabi/4.6.3/thumb2/crtbegin.o
 .bss.INT_LockCnt
                0x200005ac        0x4 build/efm32_int.o
                0x200005ac                INT_LockCnt
 .bss.NRF_Interrupt
                0x200005b0        0x4 build/radio.o
 .bss.heap_end  0x200005b4        0x4 build/syscalls.o
 .bss           0x200005b8       0x34 /home/martinmarinov/CodeSourcery/Sourcery_CodeBench_Lite_for_ARM_EABI/bin/../lib/gcc/arm-none-eabi/4.6.3/../../../../arm-none-eabi/lib/thumb2/libc.a(lib_a-mallocr.o)
                0x200005b8                __malloc_top_pad
                0x200005bc                __malloc_current_mallinfo
                0x200005e4                __malloc_max_sbrked_mem
                0x200005e8                __malloc_max_total_mem
 *(COMMON)
 COMMON         0x200005ec        0x4 build/system_efm32.o
                0x200005ec                SystemCoreClock
 COMMON         0x200005f0        0x1 build/radio.o
                0x200005f0                radio_mode
 *fill*         0x200005f1        0x3 00
 COMMON         0x200005f4        0x4 /home/martinmarinov/CodeSourcery/Sourcery_CodeBench_Lite_for_ARM_EABI/bin/../lib/gcc/arm-none-eabi/4.6.3/../../../../arm-none-eabi/lib/thumb2/libc.a(lib_a-reent.o)
                0x200005f4                errno
                0x200005f8                . = ALIGN (0x8)
 *(.ram.b .bss.ram)
                0x200005f8                _end = .
                0x200005f8                __end = .
                0x20020000                __cs3_region_end_ram = (__cs3_region_start_ram + 0x20000)
                0x00020000                __cs3_region_size_ram = 0x20000
                0x0000a038                __cs3_region_init_ram = LOADADDR (.data)
                0x00000590                __cs3_region_init_size_ram = (_edata - ADDR (.data))
                0x00000068                __cs3_region_zero_size_ram = (_end - _edata)

.stab
 *(.stab)

.stabstr
 *(.stabstr)

.debug
 *(.debug)

.line
 *(.line)

.debug_srcinfo
 *(.debug_srcinfo)

.debug_sfnames
 *(.debug_sfnames)

.debug_aranges  0x00000000      0x778
 *(.debug_aranges)
 .debug_aranges
                0x00000000       0x60 build/system_efm32.o
 .debug_aranges
                0x00000060       0x28 build/efm32_system.o
 .debug_aranges
                0x00000088       0x98 build/efm32_gpio.o
 .debug_aranges
                0x00000120      0x118 build/efm32_cmu.o
 .debug_aranges
                0x00000238       0xb0 build/efm32_usart.o
 .debug_aranges
                0x000002e8       0x58 build/efm32_i2c.o
 .debug_aranges
                0x00000340       0xb0 build/efm32_dma.o
 .debug_aranges
                0x000003f0       0x48 build/efm32_timer.o
 .debug_aranges
                0x00000438       0x80 build/efm32_emu.o
 .debug_aranges
                0x000004b8       0x58 build/efm32_adc.o
 .debug_aranges
                0x00000510       0x58 build/efm32_rtc.o
 .debug_aranges
                0x00000568       0x98 build/NRF24.o
 .debug_aranges
                0x00000600       0x58 build/radio.o
 .debug_aranges
                0x00000658       0x58 build/syscalls.o
 .debug_aranges
                0x000006b0       0x68 build/config.o
 .debug_aranges
                0x00000718       0x60 build/main.o

.debug_pubnames
 *(.debug_pubnames)

.debug_info     0x00000000     0x94a5
 *(.debug_info .gnu.linkonce.wi.*)
 .debug_info    0x00000000       0x70 build/core_cm3.o
 .debug_info    0x00000070      0x423 build/system_efm32.o
 .debug_info    0x00000493       0x29 build/efm32_assert.o
 .debug_info    0x000004bc      0x241 build/efm32_system.o
 .debug_info    0x000006fd      0x75c build/efm32_gpio.o
 .debug_info    0x00000e59      0xfe9 build/efm32_cmu.o
 .debug_info    0x00001e42      0xe19 build/efm32_usart.o
 .debug_info    0x00002c5b      0x7d5 build/efm32_i2c.o
 .debug_info    0x00003430     0x1234 build/efm32_dma.o
 .debug_info    0x00004664      0x720 build/efm32_timer.o
 .debug_info    0x00004d84       0xab build/efm32_int.o
 .debug_info    0x00004e2f      0xa08 build/efm32_emu.o
 .debug_info    0x00005837      0xa6c build/efm32_adc.o
 .debug_info    0x000062a3      0x32b build/efm32_rtc.o
 .debug_info    0x000065ce      0x77b build/NRF24.o
 .debug_info    0x00006d49      0x516 build/radio.o
 .debug_info    0x0000725f      0x628 build/syscalls.o
 .debug_info    0x00007887     0x16c2 build/config.o
 .debug_info    0x00008f49      0x55c build/main.o

.debug_abbrev   0x00000000     0x1ab4
 *(.debug_abbrev)
 .debug_abbrev  0x00000000       0x2c build/core_cm3.o
 .debug_abbrev  0x0000002c      0x17b build/system_efm32.o
 .debug_abbrev  0x000001a7       0x16 build/efm32_assert.o
 .debug_abbrev  0x000001bd      0x114 build/efm32_system.o
 .debug_abbrev  0x000002d1      0x190 build/efm32_gpio.o
 .debug_abbrev  0x00000461      0x23e build/efm32_cmu.o
 .debug_abbrev  0x0000069f      0x196 build/efm32_usart.o
 .debug_abbrev  0x00000835      0x1ef build/efm32_i2c.o
 .debug_abbrev  0x00000a24      0x20e build/efm32_dma.o
 .debug_abbrev  0x00000c32      0x158 build/efm32_timer.o
 .debug_abbrev  0x00000d8a       0x62 build/efm32_int.o
 .debug_abbrev  0x00000dec      0x202 build/efm32_emu.o
 .debug_abbrev  0x00000fee      0x195 build/efm32_adc.o
 .debug_abbrev  0x00001183      0x197 build/efm32_rtc.o
 .debug_abbrev  0x0000131a      0x179 build/NRF24.o
 .debug_abbrev  0x00001493      0x1e4 build/radio.o
 .debug_abbrev  0x00001677      0x122 build/syscalls.o
 .debug_abbrev  0x00001799      0x1ac build/config.o
 .debug_abbrev  0x00001945      0x16f build/main.o

.debug_line     0x00000000     0x47d8
 *(.debug_line)
 .debug_line    0x00000000      0x155 build/core_cm3.o
 .debug_line    0x00000155      0x2a8 build/system_efm32.o
 .debug_line    0x000003fd       0x5b build/efm32_assert.o
 .debug_line    0x00000458      0x269 build/efm32_system.o
 .debug_line    0x000006c1      0x3b1 build/efm32_gpio.o
 .debug_line    0x00000a72      0x764 build/efm32_cmu.o
 .debug_line    0x000011d6      0x4c5 build/efm32_usart.o
 .debug_line    0x0000169b      0x3f2 build/efm32_i2c.o
 .debug_line    0x00001a8d      0x6ae build/efm32_dma.o
 .debug_line    0x0000213b      0x3a6 build/efm32_timer.o
 .debug_line    0x000024e1      0x20c build/efm32_int.o
 .debug_line    0x000026ed      0x3e5 build/efm32_emu.o
 .debug_line    0x00002ad2      0x384 build/efm32_adc.o
 .debug_line    0x00002e56      0x2fd build/efm32_rtc.o
 .debug_line    0x00003153      0x498 build/NRF24.o
 .debug_line    0x000035eb      0x325 build/radio.o
 .debug_line    0x00003910      0x48c build/syscalls.o
 .debug_line    0x00003d9c      0x40d build/config.o
 .debug_line    0x000041a9      0x62f build/main.o

.debug_frame    0x00000000     0x1ee4
 *(.debug_frame)
 .debug_frame   0x00000000       0xbc build/system_efm32.o
 .debug_frame   0x000000bc       0x38 build/efm32_system.o
 .debug_frame   0x000000f4      0x154 build/efm32_gpio.o
 .debug_frame   0x00000248      0x2b0 build/efm32_cmu.o
 .debug_frame   0x000004f8      0x1a8 build/efm32_usart.o
 .debug_frame   0x000006a0       0xc4 build/efm32_i2c.o
 .debug_frame   0x00000764      0x1a8 build/efm32_dma.o
 .debug_frame   0x0000090c       0x88 build/efm32_timer.o
 .debug_frame   0x00000994      0x120 build/efm32_emu.o
 .debug_frame   0x00000ab4       0xc0 build/efm32_adc.o
 .debug_frame   0x00000b74       0xb4 build/efm32_rtc.o
 .debug_frame   0x00000c28      0x184 build/NRF24.o
 .debug_frame   0x00000dac       0xb4 build/radio.o
 .debug_frame   0x00000e60       0xb0 build/syscalls.o
 .debug_frame   0x00000f10       0xe4 build/config.o
 .debug_frame   0x00000ff4       0xcc build/main.o
 .debug_frame   0x000010c0       0x2c /home/martinmarinov/CodeSourcery/Sourcery_CodeBench_Lite_for_ARM_EABI/bin/../lib/gcc/arm-none-eabi/4.6.3/../../../../arm-none-eabi/lib/thumb2/libc.a(lib_a-memset.o)
 .debug_frame   0x000010ec       0x5c /home/martinmarinov/CodeSourcery/Sourcery_CodeBench_Lite_for_ARM_EABI/bin/../lib/gcc/arm-none-eabi/4.6.3/../../../../arm-none-eabi/lib/thumb2/libc.a(lib_a-printf.o)
 .debug_frame   0x00001148       0x3c /home/martinmarinov/CodeSourcery/Sourcery_CodeBench_Lite_for_ARM_EABI/bin/../lib/gcc/arm-none-eabi/4.6.3/../../../../arm-none-eabi/lib/thumb2/libc.a(lib_a-puts.o)
 .debug_frame   0x00001184       0x30 /home/martinmarinov/CodeSourcery/Sourcery_CodeBench_Lite_for_ARM_EABI/bin/../lib/gcc/arm-none-eabi/4.6.3/../../../../arm-none-eabi/lib/thumb2/libc.a(lib_a-strcmp.o)
 .debug_frame   0x000011b4       0x20 /home/martinmarinov/CodeSourcery/Sourcery_CodeBench_Lite_for_ARM_EABI/bin/../lib/gcc/arm-none-eabi/4.6.3/../../../../arm-none-eabi/lib/thumb2/libc.a(lib_a-strlen.o)
 .debug_frame   0x000011d4       0x58 /home/martinmarinov/CodeSourcery/Sourcery_CodeBench_Lite_for_ARM_EABI/bin/../lib/gcc/arm-none-eabi/4.6.3/../../../../arm-none-eabi/lib/thumb2/libc.a(lib_a-vfprintf.o)
 .debug_frame   0x0000122c       0x2c /home/martinmarinov/CodeSourcery/Sourcery_CodeBench_Lite_for_ARM_EABI/bin/../lib/gcc/arm-none-eabi/4.6.3/../../../../arm-none-eabi/lib/thumb2/libc.a(lib_a-wsetup.o)
 .debug_frame   0x00001258       0x64 /home/martinmarinov/CodeSourcery/Sourcery_CodeBench_Lite_for_ARM_EABI/bin/../lib/gcc/arm-none-eabi/4.6.3/../../../../arm-none-eabi/lib/thumb2/libc.a(lib_a-dtoa.o)
 .debug_frame   0x000012bc       0x40 /home/martinmarinov/CodeSourcery/Sourcery_CodeBench_Lite_for_ARM_EABI/bin/../lib/gcc/arm-none-eabi/4.6.3/../../../../arm-none-eabi/lib/thumb2/libc.a(lib_a-fflush.o)
 .debug_frame   0x000012fc      0x11c /home/martinmarinov/CodeSourcery/Sourcery_CodeBench_Lite_for_ARM_EABI/bin/../lib/gcc/arm-none-eabi/4.6.3/../../../../arm-none-eabi/lib/thumb2/libc.a(lib_a-findfp.o)
 .debug_frame   0x00001418       0x50 /home/martinmarinov/CodeSourcery/Sourcery_CodeBench_Lite_for_ARM_EABI/bin/../lib/gcc/arm-none-eabi/4.6.3/../../../../arm-none-eabi/lib/thumb2/libc.a(lib_a-freer.o)
 .debug_frame   0x00001468       0x38 /home/martinmarinov/CodeSourcery/Sourcery_CodeBench_Lite_for_ARM_EABI/bin/../lib/gcc/arm-none-eabi/4.6.3/../../../../arm-none-eabi/lib/thumb2/libc.a(lib_a-fvwrite.o)
 .debug_frame   0x000014a0       0x54 /home/martinmarinov/CodeSourcery/Sourcery_CodeBench_Lite_for_ARM_EABI/bin/../lib/gcc/arm-none-eabi/4.6.3/../../../../arm-none-eabi/lib/thumb2/libc.a(lib_a-fwalk.o)
 .debug_frame   0x000014f4       0x98 /home/martinmarinov/CodeSourcery/Sourcery_CodeBench_Lite_for_ARM_EABI/bin/../lib/gcc/arm-none-eabi/4.6.3/../../../../arm-none-eabi/lib/thumb2/libc.a(lib_a-locale.o)
 .debug_frame   0x0000158c       0x30 /home/martinmarinov/CodeSourcery/Sourcery_CodeBench_Lite_for_ARM_EABI/bin/../lib/gcc/arm-none-eabi/4.6.3/../../../../arm-none-eabi/lib/thumb2/libc.a(lib_a-makebuf.o)
 .debug_frame   0x000015bc       0x30 /home/martinmarinov/CodeSourcery/Sourcery_CodeBench_Lite_for_ARM_EABI/bin/../lib/gcc/arm-none-eabi/4.6.3/../../../../arm-none-eabi/lib/thumb2/libc.a(lib_a-malloc.o)
 .debug_frame   0x000015ec       0x38 /home/martinmarinov/CodeSourcery/Sourcery_CodeBench_Lite_for_ARM_EABI/bin/../lib/gcc/arm-none-eabi/4.6.3/../../../../arm-none-eabi/lib/thumb2/libc.a(lib_a-mallocr.o)
 .debug_frame   0x00001624       0x2c /home/martinmarinov/CodeSourcery/Sourcery_CodeBench_Lite_for_ARM_EABI/bin/../lib/gcc/arm-none-eabi/4.6.3/../../../../arm-none-eabi/lib/thumb2/libc.a(lib_a-memchr.o)
 .debug_frame   0x00001650       0x30 /home/martinmarinov/CodeSourcery/Sourcery_CodeBench_Lite_for_ARM_EABI/bin/../lib/gcc/arm-none-eabi/4.6.3/../../../../arm-none-eabi/lib/thumb2/libc.a(lib_a-memcpy.o)
 .debug_frame   0x00001680       0x2c /home/martinmarinov/CodeSourcery/Sourcery_CodeBench_Lite_for_ARM_EABI/bin/../lib/gcc/arm-none-eabi/4.6.3/../../../../arm-none-eabi/lib/thumb2/libc.a(lib_a-memmove.o)
 .debug_frame   0x000016ac       0x30 /home/martinmarinov/CodeSourcery/Sourcery_CodeBench_Lite_for_ARM_EABI/bin/../lib/gcc/arm-none-eabi/4.6.3/../../../../arm-none-eabi/lib/thumb2/libc.a(lib_a-mlock.o)
 .debug_frame   0x000016dc      0x23c /home/martinmarinov/CodeSourcery/Sourcery_CodeBench_Lite_for_ARM_EABI/bin/../lib/gcc/arm-none-eabi/4.6.3/../../../../arm-none-eabi/lib/thumb2/libc.a(lib_a-mprec.o)
 .debug_frame   0x00001918       0x38 /home/martinmarinov/CodeSourcery/Sourcery_CodeBench_Lite_for_ARM_EABI/bin/../lib/gcc/arm-none-eabi/4.6.3/../../../../arm-none-eabi/lib/thumb2/libc.a(lib_a-reallocr.o)
 .debug_frame   0x00001950       0x28 /home/martinmarinov/CodeSourcery/Sourcery_CodeBench_Lite_for_ARM_EABI/bin/../lib/gcc/arm-none-eabi/4.6.3/../../../../arm-none-eabi/lib/thumb2/libc.a(lib_a-s_fpclassify.o)
 .debug_frame   0x00001978       0x2c /home/martinmarinov/CodeSourcery/Sourcery_CodeBench_Lite_for_ARM_EABI/bin/../lib/gcc/arm-none-eabi/4.6.3/../../../../arm-none-eabi/lib/thumb2/libc.a(lib_a-sbrkr.o)
 .debug_frame   0x000019a4       0x80 /home/martinmarinov/CodeSourcery/Sourcery_CodeBench_Lite_for_ARM_EABI/bin/../lib/gcc/arm-none-eabi/4.6.3/../../../../arm-none-eabi/lib/thumb2/libc.a(lib_a-stdio.o)
 .debug_frame   0x00001a24       0x7c /home/martinmarinov/CodeSourcery/Sourcery_CodeBench_Lite_for_ARM_EABI/bin/../lib/gcc/arm-none-eabi/4.6.3/../../../../arm-none-eabi/lib/thumb2/libc.a(lib_a-vfiprintf.o)
 .debug_frame   0x00001aa0       0x2c /home/martinmarinov/CodeSourcery/Sourcery_CodeBench_Lite_for_ARM_EABI/bin/../lib/gcc/arm-none-eabi/4.6.3/../../../../arm-none-eabi/lib/thumb2/libc.a(lib_a-writer.o)
 .debug_frame   0x00001acc       0x28 /home/martinmarinov/CodeSourcery/Sourcery_CodeBench_Lite_for_ARM_EABI/bin/../lib/gcc/arm-none-eabi/4.6.3/../../../../arm-none-eabi/lib/thumb2/libc.a(lib_a-callocr.o)
 .debug_frame   0x00001af4       0x2c /home/martinmarinov/CodeSourcery/Sourcery_CodeBench_Lite_for_ARM_EABI/bin/../lib/gcc/arm-none-eabi/4.6.3/../../../../arm-none-eabi/lib/thumb2/libc.a(lib_a-closer.o)
 .debug_frame   0x00001b20       0x3c /home/martinmarinov/CodeSourcery/Sourcery_CodeBench_Lite_for_ARM_EABI/bin/../lib/gcc/arm-none-eabi/4.6.3/../../../../arm-none-eabi/lib/thumb2/libc.a(lib_a-fclose.o)
 .debug_frame   0x00001b5c       0x50 /home/martinmarinov/CodeSourcery/Sourcery_CodeBench_Lite_for_ARM_EABI/bin/../lib/gcc/arm-none-eabi/4.6.3/../../../../arm-none-eabi/lib/thumb2/libc.a(lib_a-fputwc.o)
 .debug_frame   0x00001bac       0x2c /home/martinmarinov/CodeSourcery/Sourcery_CodeBench_Lite_for_ARM_EABI/bin/../lib/gcc/arm-none-eabi/4.6.3/../../../../arm-none-eabi/lib/thumb2/libc.a(lib_a-fstatr.o)
 .debug_frame   0x00001bd8       0x2c /home/martinmarinov/CodeSourcery/Sourcery_CodeBench_Lite_for_ARM_EABI/bin/../lib/gcc/arm-none-eabi/4.6.3/../../../../arm-none-eabi/lib/thumb2/libc.a(lib_a-isattyr.o)
 .debug_frame   0x00001c04       0x2c /home/martinmarinov/CodeSourcery/Sourcery_CodeBench_Lite_for_ARM_EABI/bin/../lib/gcc/arm-none-eabi/4.6.3/../../../../arm-none-eabi/lib/thumb2/libc.a(lib_a-lseekr.o)
 .debug_frame   0x00001c30       0x2c /home/martinmarinov/CodeSourcery/Sourcery_CodeBench_Lite_for_ARM_EABI/bin/../lib/gcc/arm-none-eabi/4.6.3/../../../../arm-none-eabi/lib/thumb2/libc.a(lib_a-readr.o)
 .debug_frame   0x00001c5c       0x64 /home/martinmarinov/CodeSourcery/Sourcery_CodeBench_Lite_for_ARM_EABI/bin/../lib/gcc/arm-none-eabi/4.6.3/../../../../arm-none-eabi/lib/thumb2/libc.a(lib_a-reent.o)
 .debug_frame   0x00001cc0       0x3c /home/martinmarinov/CodeSourcery/Sourcery_CodeBench_Lite_for_ARM_EABI/bin/../lib/gcc/arm-none-eabi/4.6.3/../../../../arm-none-eabi/lib/thumb2/libc.a(lib_a-wbuf.o)
 .debug_frame   0x00001cfc       0x58 /home/martinmarinov/CodeSourcery/Sourcery_CodeBench_Lite_for_ARM_EABI/bin/../lib/gcc/arm-none-eabi/4.6.3/../../../../arm-none-eabi/lib/thumb2/libc.a(lib_a-wcrtomb.o)
 .debug_frame   0x00001d54       0x44 /home/martinmarinov/CodeSourcery/Sourcery_CodeBench_Lite_for_ARM_EABI/bin/../lib/gcc/arm-none-eabi/4.6.3/../../../../arm-none-eabi/lib/thumb2/libc.a(lib_a-wctomb_r.o)
 .debug_frame   0x00001d98       0x40 /home/martinmarinov/CodeSourcery/Sourcery_CodeBench_Lite_for_ARM_EABI/bin/../lib/gcc/arm-none-eabi/4.6.3/../../../../arm-none-eabi/lib/thumb2/libcs3.a(start_c.o)
 .debug_frame   0x00001dd8       0x20 /home/martinmarinov/CodeSourcery/Sourcery_CodeBench_Lite_for_ARM_EABI/bin/../lib/gcc/arm-none-eabi/4.6.3/thumb2/libgcc.a(_udivsi3.o)
 .debug_frame   0x00001df8       0x50 /home/martinmarinov/CodeSourcery/Sourcery_CodeBench_Lite_for_ARM_EABI/bin/../lib/gcc/arm-none-eabi/4.6.3/thumb2/libgcc.a(bpabi.o)
 .debug_frame   0x00001e48       0x38 /home/martinmarinov/CodeSourcery/Sourcery_CodeBench_Lite_for_ARM_EABI/bin/../lib/gcc/arm-none-eabi/4.6.3/thumb2/libgcc.a(_divdi3.o)
 .debug_frame   0x00001e80       0x38 /home/martinmarinov/CodeSourcery/Sourcery_CodeBench_Lite_for_ARM_EABI/bin/../lib/gcc/arm-none-eabi/4.6.3/thumb2/libgcc.a(_udivdi3.o)
 .debug_frame   0x00001eb8       0x2c /home/martinmarinov/CodeSourcery/Sourcery_CodeBench_Lite_for_ARM_EABI/bin/../lib/gcc/arm-none-eabi/4.6.3/../../../../arm-none-eabi/lib/thumb2/libc.a(lib_a-init.o)

.debug_str      0x00000000     0x3a0d
 *(.debug_str)
 .debug_str     0x00000000       0x9e build/core_cm3.o
                                 0xd2 (size before relaxing)
 .debug_str     0x0000009e      0x21f build/system_efm32.o
                                0x2f3 (size before relaxing)
 .debug_str     0x000002bd       0x1c build/efm32_assert.o
                                 0x49 (size before relaxing)
 .debug_str     0x000002d9       0xf0 build/efm32_system.o
                                0x1bf (size before relaxing)
 .debug_str     0x000003c9      0x429 build/efm32_gpio.o
                                0x517 (size before relaxing)
 .debug_str     0x000007f2      0x8b9 build/efm32_cmu.o
                                0xaf1 (size before relaxing)
 .debug_str     0x000010ab      0x952 build/efm32_usart.o
                                0xcbc (size before relaxing)
 .debug_str     0x000019fd      0x303 build/efm32_i2c.o
                                0x6ac (size before relaxing)
 .debug_str     0x00001d00      0x855 build/efm32_dma.o
                                0xc31 (size before relaxing)
 .debug_str     0x00002555      0x56e build/efm32_timer.o
                                0x67f (size before relaxing)
 .debug_str     0x00002ac3       0x25 build/efm32_int.o
                                 0xf4 (size before relaxing)
 .debug_str     0x00002ae8      0x385 build/efm32_emu.o
                                0x5d0 (size before relaxing)
 .debug_str     0x00002e6d      0x65b build/efm32_adc.o
                                0xa54 (size before relaxing)
 .debug_str     0x000034c8       0xb6 build/efm32_rtc.o
                                0x1d3 (size before relaxing)
 .debug_str     0x0000357e      0x111 build/NRF24.o
                                0x33d (size before relaxing)
 .debug_str     0x0000368f       0xda build/radio.o
                                0x2a8 (size before relaxing)
 .debug_str     0x00003769      0x15b build/syscalls.o
                                0x303 (size before relaxing)
 .debug_str     0x000038c4       0xce build/config.o
                               0x14e0 (size before relaxing)
 .debug_str     0x00003992       0x7b build/main.o
                                0x2c3 (size before relaxing)

.debug_loc      0x00000000     0x182b
 *(.debug_loc)
 .debug_loc     0x00000000       0xa4 build/system_efm32.o
 .debug_loc     0x000000a4       0x40 build/efm32_system.o
 .debug_loc     0x000000e4      0x20c build/efm32_gpio.o
 .debug_loc     0x000002f0      0x410 build/efm32_cmu.o
 .debug_loc     0x00000700      0x2b4 build/efm32_usart.o
 .debug_loc     0x000009b4      0x13c build/efm32_i2c.o
 .debug_loc     0x00000af0      0x2b4 build/efm32_dma.o
 .debug_loc     0x00000da4       0xc0 build/efm32_timer.o
 .debug_loc     0x00000e64      0x17c build/efm32_emu.o
 .debug_loc     0x00000fe0      0x130 build/efm32_adc.o
 .debug_loc     0x00001110       0xec build/efm32_rtc.o
 .debug_loc     0x000011fc      0x264 build/NRF24.o
 .debug_loc     0x00001460       0xc4 build/radio.o
 .debug_loc     0x00001524      0x100 build/syscalls.o
 .debug_loc     0x00001624      0x13a build/config.o
 .debug_loc     0x0000175e       0xcd build/main.o

.debug_macinfo  0x00000000   0xee1935
 *(.debug_macinfo)
 .debug_macinfo
                0x00000000     0x2bbb build/core_cm3.o
 .debug_macinfo
                0x00002bbb    0xdeef4 build/system_efm32.o
 .debug_macinfo
                0x000e1aaf     0x22fa build/efm32_assert.o
 .debug_macinfo
                0x000e3da9    0xdef17 build/efm32_system.o
 .debug_macinfo
                0x001c2cc0    0xdefb2 build/efm32_gpio.o
 .debug_macinfo
                0x002a1c72    0xdf5a4 build/efm32_cmu.o
 .debug_macinfo
                0x00381216    0xdf800 build/efm32_usart.o
 .debug_macinfo
                0x00460a16    0xdf622 build/efm32_i2c.o
 .debug_macinfo
                0x00540038    0xe1ebe build/efm32_dma.o
 .debug_macinfo
                0x00621ef6    0xdf680 build/efm32_timer.o
 .debug_macinfo
                0x00701576    0xdee8b build/efm32_int.o
 .debug_macinfo
                0x007e0401    0xdf550 build/efm32_emu.o
 .debug_macinfo
                0x008bf951    0xdf64b build/efm32_adc.o
 .debug_macinfo
                0x0099ef9c    0xdef7f build/efm32_rtc.o
 .debug_macinfo
                0x00a7df1b    0xdfbef build/NRF24.o
 .debug_macinfo
                0x00b5db0a    0xdf434 build/radio.o
 .debug_macinfo
                0x00c3cf3e    0xe1834 build/syscalls.o
 .debug_macinfo
                0x00d1e772    0xe02c5 build/config.o
 .debug_macinfo
                0x00dfea37    0xe2efe build/main.o

.debug_ranges   0x00000000      0x690
 *(.debug_ranges)
 .debug_ranges  0x00000000       0x50 build/system_efm32.o
 .debug_ranges  0x00000050       0x18 build/efm32_system.o
 .debug_ranges  0x00000068       0x88 build/efm32_gpio.o
 .debug_ranges  0x000000f0      0x108 build/efm32_cmu.o
 .debug_ranges  0x000001f8       0xa0 build/efm32_usart.o
 .debug_ranges  0x00000298       0x60 build/efm32_i2c.o
 .debug_ranges  0x000002f8       0xa0 build/efm32_dma.o
 .debug_ranges  0x00000398       0x38 build/efm32_timer.o
 .debug_ranges  0x000003d0       0x70 build/efm32_emu.o
 .debug_ranges  0x00000440       0x48 build/efm32_adc.o
 .debug_ranges  0x00000488       0x48 build/efm32_rtc.o
 .debug_ranges  0x000004d0       0x88 build/NRF24.o
 .debug_ranges  0x00000558       0x48 build/radio.o
 .debug_ranges  0x000005a0       0x48 build/syscalls.o
 .debug_ranges  0x000005e8       0x58 build/config.o
 .debug_ranges  0x00000640       0x50 build/main.o

.comment        0x00000000       0x30
 .comment       0x00000000       0x30 build/core_cm3.o
                                 0x31 (size before relaxing)
 .comment       0x00000000       0x31 build/system_efm32.o
 .comment       0x00000000       0x31 build/efm32_assert.o
 .comment       0x00000000       0x31 build/efm32_system.o
 .comment       0x00000000       0x31 build/efm32_gpio.o
 .comment       0x00000000       0x31 build/efm32_cmu.o
 .comment       0x00000000       0x31 build/efm32_usart.o
 .comment       0x00000000       0x31 build/efm32_i2c.o
 .comment       0x00000000       0x31 build/efm32_dma.o
 .comment       0x00000000       0x31 build/efm32_timer.o
 .comment       0x00000000       0x31 build/efm32_int.o
 .comment       0x00000000       0x31 build/efm32_emu.o
 .comment       0x00000000       0x31 build/efm32_adc.o
 .comment       0x00000000       0x31 build/efm32_rtc.o
 .comment       0x00000000       0x31 build/NRF24.o
 .comment       0x00000000       0x31 build/radio.o
 .comment       0x00000000       0x31 build/syscalls.o
 .comment       0x00000000       0x31 build/config.o
 .comment       0x00000000       0x31 build/main.o

.debug_weaknames
 *(.debug_weaknames)

.debug_funcnames
 *(.debug_funcnames)

.debug_typenames
 *(.debug_typenames)

.debug_varnames
 *(.debug_varnames)

.note.gnu.arm.ident
 *(.note.gnu.arm.ident)

.ARM.attributes
                0x00000000       0x27
 *(.ARM.attributes)
 .ARM.attributes
                0x00000000       0x1b /home/martinmarinov/CodeSourcery/Sourcery_CodeBench_Lite_for_ARM_EABI/bin/../lib/gcc/arm-none-eabi/4.6.3/thumb2/crti.o
 .ARM.attributes
                0x0000001b       0x2b /home/martinmarinov/CodeSourcery/Sourcery_CodeBench_Lite_for_ARM_EABI/bin/../lib/gcc/arm-none-eabi/4.6.3/thumb2/crtbegin.o
 .ARM.attributes
                0x00000046       0x33 build/core_cm3.o
 .ARM.attributes
                0x00000079       0x33 build/system_efm32.o
 .ARM.attributes
                0x000000ac       0x33 build/efm32_assert.o
 .ARM.attributes
                0x000000df       0x33 build/efm32_system.o
 .ARM.attributes
                0x00000112       0x33 build/efm32_gpio.o
 .ARM.attributes
                0x00000145       0x33 build/efm32_cmu.o
 .ARM.attributes
                0x00000178       0x33 build/efm32_usart.o
 .ARM.attributes
                0x000001ab       0x33 build/efm32_i2c.o
 .ARM.attributes
                0x000001de       0x33 build/efm32_dma.o
 .ARM.attributes
                0x00000211       0x33 build/efm32_timer.o
 .ARM.attributes
                0x00000244       0x33 build/efm32_int.o
 .ARM.attributes
                0x00000277       0x33 build/efm32_emu.o
 .ARM.attributes
                0x000002aa       0x33 build/efm32_adc.o
 .ARM.attributes
                0x000002dd       0x33 build/efm32_rtc.o
 .ARM.attributes
                0x00000310       0x33 build/NRF24.o
 .ARM.attributes
                0x00000343       0x33 build/radio.o
 .ARM.attributes
                0x00000376       0x33 build/syscalls.o
 .ARM.attributes
                0x000003a9       0x33 build/config.o
 .ARM.attributes
                0x000003dc       0x33 build/main.o
 .ARM.attributes
                0x0000040f       0x16 build/startup_efm32gg.o
 .ARM.attributes
                0x00000425       0x2b /home/martinmarinov/CodeSourcery/Sourcery_CodeBench_Lite_for_ARM_EABI/bin/../lib/gcc/arm-none-eabi/4.6.3/../../../../arm-none-eabi/lib/thumb2/libc.a(lib_a-memset.o)
 .ARM.attributes
                0x00000450       0x2b /home/martinmarinov/CodeSourcery/Sourcery_CodeBench_Lite_for_ARM_EABI/bin/../lib/gcc/arm-none-eabi/4.6.3/../../../../arm-none-eabi/lib/thumb2/libc.a(lib_a-printf.o)
 .ARM.attributes
                0x0000047b       0x2b /home/martinmarinov/CodeSourcery/Sourcery_CodeBench_Lite_for_ARM_EABI/bin/../lib/gcc/arm-none-eabi/4.6.3/../../../../arm-none-eabi/lib/thumb2/libc.a(lib_a-puts.o)
 .ARM.attributes
                0x000004a6       0x2b /home/martinmarinov/CodeSourcery/Sourcery_CodeBench_Lite_for_ARM_EABI/bin/../lib/gcc/arm-none-eabi/4.6.3/../../../../arm-none-eabi/lib/thumb2/libc.a(lib_a-strcmp.o)
 .ARM.attributes
                0x000004d1       0x2b /home/martinmarinov/CodeSourcery/Sourcery_CodeBench_Lite_for_ARM_EABI/bin/../lib/gcc/arm-none-eabi/4.6.3/../../../../arm-none-eabi/lib/thumb2/libc.a(lib_a-strlen.o)
 .ARM.attributes
                0x000004fc       0x2b /home/martinmarinov/CodeSourcery/Sourcery_CodeBench_Lite_for_ARM_EABI/bin/../lib/gcc/arm-none-eabi/4.6.3/../../../../arm-none-eabi/lib/thumb2/libc.a(lib_a-vfprintf.o)
 .ARM.attributes
                0x00000527       0x2b /home/martinmarinov/CodeSourcery/Sourcery_CodeBench_Lite_for_ARM_EABI/bin/../lib/gcc/arm-none-eabi/4.6.3/../../../../arm-none-eabi/lib/thumb2/libc.a(lib_a-wsetup.o)
 .ARM.attributes
                0x00000552       0x2b /home/martinmarinov/CodeSourcery/Sourcery_CodeBench_Lite_for_ARM_EABI/bin/../lib/gcc/arm-none-eabi/4.6.3/../../../../arm-none-eabi/lib/thumb2/libc.a(lib_a-dtoa.o)
 .ARM.attributes
                0x0000057d       0x2b /home/martinmarinov/CodeSourcery/Sourcery_CodeBench_Lite_for_ARM_EABI/bin/../lib/gcc/arm-none-eabi/4.6.3/../../../../arm-none-eabi/lib/thumb2/libc.a(lib_a-fflush.o)
 .ARM.attributes
                0x000005a8       0x2b /home/martinmarinov/CodeSourcery/Sourcery_CodeBench_Lite_for_ARM_EABI/bin/../lib/gcc/arm-none-eabi/4.6.3/../../../../arm-none-eabi/lib/thumb2/libc.a(lib_a-findfp.o)
 .ARM.attributes
                0x000005d3       0x2b /home/martinmarinov/CodeSourcery/Sourcery_CodeBench_Lite_for_ARM_EABI/bin/../lib/gcc/arm-none-eabi/4.6.3/../../../../arm-none-eabi/lib/thumb2/libc.a(lib_a-freer.o)
 .ARM.attributes
                0x000005fe       0x2b /home/martinmarinov/CodeSourcery/Sourcery_CodeBench_Lite_for_ARM_EABI/bin/../lib/gcc/arm-none-eabi/4.6.3/../../../../arm-none-eabi/lib/thumb2/libc.a(lib_a-fvwrite.o)
 .ARM.attributes
                0x00000629       0x2b /home/martinmarinov/CodeSourcery/Sourcery_CodeBench_Lite_for_ARM_EABI/bin/../lib/gcc/arm-none-eabi/4.6.3/../../../../arm-none-eabi/lib/thumb2/libc.a(lib_a-fwalk.o)
 .ARM.attributes
                0x00000654       0x2b /home/martinmarinov/CodeSourcery/Sourcery_CodeBench_Lite_for_ARM_EABI/bin/../lib/gcc/arm-none-eabi/4.6.3/../../../../arm-none-eabi/lib/thumb2/libc.a(lib_a-impure.o)
 .ARM.attributes
                0x0000067f       0x2b /home/martinmarinov/CodeSourcery/Sourcery_CodeBench_Lite_for_ARM_EABI/bin/../lib/gcc/arm-none-eabi/4.6.3/../../../../arm-none-eabi/lib/thumb2/libc.a(lib_a-locale.o)
 .ARM.attributes
                0x000006aa       0x2b /home/martinmarinov/CodeSourcery/Sourcery_CodeBench_Lite_for_ARM_EABI/bin/../lib/gcc/arm-none-eabi/4.6.3/../../../../arm-none-eabi/lib/thumb2/libc.a(lib_a-makebuf.o)
 .ARM.attributes
                0x000006d5       0x2b /home/martinmarinov/CodeSourcery/Sourcery_CodeBench_Lite_for_ARM_EABI/bin/../lib/gcc/arm-none-eabi/4.6.3/../../../../arm-none-eabi/lib/thumb2/libc.a(lib_a-malloc.o)
 .ARM.attributes
                0x00000700       0x2b /home/martinmarinov/CodeSourcery/Sourcery_CodeBench_Lite_for_ARM_EABI/bin/../lib/gcc/arm-none-eabi/4.6.3/../../../../arm-none-eabi/lib/thumb2/libc.a(lib_a-mallocr.o)
 .ARM.attributes
                0x0000072b       0x2b /home/martinmarinov/CodeSourcery/Sourcery_CodeBench_Lite_for_ARM_EABI/bin/../lib/gcc/arm-none-eabi/4.6.3/../../../../arm-none-eabi/lib/thumb2/libc.a(lib_a-memchr.o)
 .ARM.attributes
                0x00000756       0x2b /home/martinmarinov/CodeSourcery/Sourcery_CodeBench_Lite_for_ARM_EABI/bin/../lib/gcc/arm-none-eabi/4.6.3/../../../../arm-none-eabi/lib/thumb2/libc.a(lib_a-memcpy.o)
 .ARM.attributes
                0x00000781       0x2b /home/martinmarinov/CodeSourcery/Sourcery_CodeBench_Lite_for_ARM_EABI/bin/../lib/gcc/arm-none-eabi/4.6.3/../../../../arm-none-eabi/lib/thumb2/libc.a(lib_a-memmove.o)
 .ARM.attributes
                0x000007ac       0x2b /home/martinmarinov/CodeSourcery/Sourcery_CodeBench_Lite_for_ARM_EABI/bin/../lib/gcc/arm-none-eabi/4.6.3/../../../../arm-none-eabi/lib/thumb2/libc.a(lib_a-mlock.o)
 .ARM.attributes
                0x000007d7       0x2b /home/martinmarinov/CodeSourcery/Sourcery_CodeBench_Lite_for_ARM_EABI/bin/../lib/gcc/arm-none-eabi/4.6.3/../../../../arm-none-eabi/lib/thumb2/libc.a(lib_a-mprec.o)
 .ARM.attributes
                0x00000802       0x2b /home/martinmarinov/CodeSourcery/Sourcery_CodeBench_Lite_for_ARM_EABI/bin/../lib/gcc/arm-none-eabi/4.6.3/../../../../arm-none-eabi/lib/thumb2/libc.a(lib_a-reallocr.o)
 .ARM.attributes
                0x0000082d       0x2b /home/martinmarinov/CodeSourcery/Sourcery_CodeBench_Lite_for_ARM_EABI/bin/../lib/gcc/arm-none-eabi/4.6.3/../../../../arm-none-eabi/lib/thumb2/libc.a(lib_a-s_fpclassify.o)
 .ARM.attributes
                0x00000858       0x2b /home/martinmarinov/CodeSourcery/Sourcery_CodeBench_Lite_for_ARM_EABI/bin/../lib/gcc/arm-none-eabi/4.6.3/../../../../arm-none-eabi/lib/thumb2/libc.a(lib_a-sbrkr.o)
 .ARM.attributes
                0x00000883       0x2b /home/martinmarinov/CodeSourcery/Sourcery_CodeBench_Lite_for_ARM_EABI/bin/../lib/gcc/arm-none-eabi/4.6.3/../../../../arm-none-eabi/lib/thumb2/libc.a(lib_a-stdio.o)
 .ARM.attributes
                0x000008ae       0x2b /home/martinmarinov/CodeSourcery/Sourcery_CodeBench_Lite_for_ARM_EABI/bin/../lib/gcc/arm-none-eabi/4.6.3/../../../../arm-none-eabi/lib/thumb2/libc.a(lib_a-vfiprintf.o)
 .ARM.attributes
                0x000008d9       0x2b /home/martinmarinov/CodeSourcery/Sourcery_CodeBench_Lite_for_ARM_EABI/bin/../lib/gcc/arm-none-eabi/4.6.3/../../../../arm-none-eabi/lib/thumb2/libc.a(lib_a-writer.o)
 .ARM.attributes
                0x00000904       0x2b /home/martinmarinov/CodeSourcery/Sourcery_CodeBench_Lite_for_ARM_EABI/bin/../lib/gcc/arm-none-eabi/4.6.3/../../../../arm-none-eabi/lib/thumb2/libc.a(lib_a-callocr.o)
 .ARM.attributes
                0x0000092f       0x2b /home/martinmarinov/CodeSourcery/Sourcery_CodeBench_Lite_for_ARM_EABI/bin/../lib/gcc/arm-none-eabi/4.6.3/../../../../arm-none-eabi/lib/thumb2/libc.a(lib_a-closer.o)
 .ARM.attributes
                0x0000095a       0x2b /home/martinmarinov/CodeSourcery/Sourcery_CodeBench_Lite_for_ARM_EABI/bin/../lib/gcc/arm-none-eabi/4.6.3/../../../../arm-none-eabi/lib/thumb2/libc.a(lib_a-fclose.o)
 .ARM.attributes
                0x00000985       0x2b /home/martinmarinov/CodeSourcery/Sourcery_CodeBench_Lite_for_ARM_EABI/bin/../lib/gcc/arm-none-eabi/4.6.3/../../../../arm-none-eabi/lib/thumb2/libc.a(lib_a-fputwc.o)
 .ARM.attributes
                0x000009b0       0x2b /home/martinmarinov/CodeSourcery/Sourcery_CodeBench_Lite_for_ARM_EABI/bin/../lib/gcc/arm-none-eabi/4.6.3/../../../../arm-none-eabi/lib/thumb2/libc.a(lib_a-fstatr.o)
 .ARM.attributes
                0x000009db       0x2b /home/martinmarinov/CodeSourcery/Sourcery_CodeBench_Lite_for_ARM_EABI/bin/../lib/gcc/arm-none-eabi/4.6.3/../../../../arm-none-eabi/lib/thumb2/libc.a(lib_a-isattyr.o)
 .ARM.attributes
                0x00000a06       0x2b /home/martinmarinov/CodeSourcery/Sourcery_CodeBench_Lite_for_ARM_EABI/bin/../lib/gcc/arm-none-eabi/4.6.3/../../../../arm-none-eabi/lib/thumb2/libc.a(lib_a-lseekr.o)
 .ARM.attributes
                0x00000a31       0x2b /home/martinmarinov/CodeSourcery/Sourcery_CodeBench_Lite_for_ARM_EABI/bin/../lib/gcc/arm-none-eabi/4.6.3/../../../../arm-none-eabi/lib/thumb2/libc.a(lib_a-readr.o)
 .ARM.attributes
                0x00000a5c       0x2b /home/martinmarinov/CodeSourcery/Sourcery_CodeBench_Lite_for_ARM_EABI/bin/../lib/gcc/arm-none-eabi/4.6.3/../../../../arm-none-eabi/lib/thumb2/libc.a(lib_a-reent.o)
 .ARM.attributes
                0x00000a87       0x2b /home/martinmarinov/CodeSourcery/Sourcery_CodeBench_Lite_for_ARM_EABI/bin/../lib/gcc/arm-none-eabi/4.6.3/../../../../arm-none-eabi/lib/thumb2/libc.a(lib_a-wbuf.o)
 .ARM.attributes
                0x00000ab2       0x2b /home/martinmarinov/CodeSourcery/Sourcery_CodeBench_Lite_for_ARM_EABI/bin/../lib/gcc/arm-none-eabi/4.6.3/../../../../arm-none-eabi/lib/thumb2/libc.a(lib_a-wcrtomb.o)
 .ARM.attributes
                0x00000add       0x2b /home/martinmarinov/CodeSourcery/Sourcery_CodeBench_Lite_for_ARM_EABI/bin/../lib/gcc/arm-none-eabi/4.6.3/../../../../arm-none-eabi/lib/thumb2/libc.a(lib_a-wctomb_r.o)
 .ARM.attributes
                0x00000b08       0x2b /home/martinmarinov/CodeSourcery/Sourcery_CodeBench_Lite_for_ARM_EABI/bin/../lib/gcc/arm-none-eabi/4.6.3/../../../../arm-none-eabi/lib/thumb2/libcs3.a(start_c.o)
 .ARM.attributes
                0x00000b33       0x19 /home/martinmarinov/CodeSourcery/Sourcery_CodeBench_Lite_for_ARM_EABI/bin/../lib/gcc/arm-none-eabi/4.6.3/../../../../arm-none-eabi/lib/thumb2/libcs3unhosted.a(unhosted-start.o)
 .ARM.attributes
                0x00000b4c       0x1b /home/martinmarinov/CodeSourcery/Sourcery_CodeBench_Lite_for_ARM_EABI/bin/../lib/gcc/arm-none-eabi/4.6.3/thumb2/libgcc.a(_udivsi3.o)
 .ARM.attributes
                0x00000b67       0x1b /home/martinmarinov/CodeSourcery/Sourcery_CodeBench_Lite_for_ARM_EABI/bin/../lib/gcc/arm-none-eabi/4.6.3/thumb2/libgcc.a(_dvmd_tls.o)
 .ARM.attributes
                0x00000b82       0x1b /home/martinmarinov/CodeSourcery/Sourcery_CodeBench_Lite_for_ARM_EABI/bin/../lib/gcc/arm-none-eabi/4.6.3/thumb2/libgcc.a(_arm_addsubdf3.o)
 .ARM.attributes
                0x00000b9d       0x1b /home/martinmarinov/CodeSourcery/Sourcery_CodeBench_Lite_for_ARM_EABI/bin/../lib/gcc/arm-none-eabi/4.6.3/thumb2/libgcc.a(_arm_muldivdf3.o)
 .ARM.attributes
                0x00000bb8       0x1b /home/martinmarinov/CodeSourcery/Sourcery_CodeBench_Lite_for_ARM_EABI/bin/../lib/gcc/arm-none-eabi/4.6.3/thumb2/libgcc.a(_arm_cmpdf2.o)
 .ARM.attributes
                0x00000bd3       0x1b /home/martinmarinov/CodeSourcery/Sourcery_CodeBench_Lite_for_ARM_EABI/bin/../lib/gcc/arm-none-eabi/4.6.3/thumb2/libgcc.a(_arm_fixdfsi.o)
 .ARM.attributes
                0x00000bee       0x1b /home/martinmarinov/CodeSourcery/Sourcery_CodeBench_Lite_for_ARM_EABI/bin/../lib/gcc/arm-none-eabi/4.6.3/thumb2/libgcc.a(_aeabi_uldivmod.o)
 .ARM.attributes
                0x00000c09       0x2b /home/martinmarinov/CodeSourcery/Sourcery_CodeBench_Lite_for_ARM_EABI/bin/../lib/gcc/arm-none-eabi/4.6.3/thumb2/libgcc.a(bpabi.o)
 .ARM.attributes
                0x00000c34       0x2b /home/martinmarinov/CodeSourcery/Sourcery_CodeBench_Lite_for_ARM_EABI/bin/../lib/gcc/arm-none-eabi/4.6.3/thumb2/libgcc.a(_divdi3.o)
 .ARM.attributes
                0x00000c5f       0x2b /home/martinmarinov/CodeSourcery/Sourcery_CodeBench_Lite_for_ARM_EABI/bin/../lib/gcc/arm-none-eabi/4.6.3/thumb2/libgcc.a(_udivdi3.o)
 .ARM.attributes
                0x00000c8a       0x2b /home/martinmarinov/CodeSourcery/Sourcery_CodeBench_Lite_for_ARM_EABI/bin/../lib/gcc/arm-none-eabi/4.6.3/../../../../arm-none-eabi/lib/thumb2/libc.a(lib_a-init.o)
 .ARM.attributes
                0x00000cb5       0x2b /home/martinmarinov/CodeSourcery/Sourcery_CodeBench_Lite_for_ARM_EABI/bin/../lib/gcc/arm-none-eabi/4.6.3/thumb2/crtend.o
 .ARM.attributes
                0x00000ce0       0x1b /home/martinmarinov/CodeSourcery/Sourcery_CodeBench_Lite_for_ARM_EABI/bin/../lib/gcc/arm-none-eabi/4.6.3/thumb2/crtn.o

/DISCARD/
 *(.note.GNU-stack)
OUTPUT(exe/slip.elf elf32-littlearm)
